../Core/Src/nrf.c:39:6:NRF24_DelayMicroSeconds	24	static
../Core/Src/nrf.c:47:6:NRF24_csn	16	static
../Core/Src/nrf.c:53:6:NRF24_ce	16	static
../Core/Src/nrf.c:59:9:NRF24_read_register	24	static
../Core/Src/nrf.c:76:6:NRF24_read_registerN	24	static
../Core/Src/nrf.c:91:6:NRF24_write_register	24	static
../Core/Src/nrf.c:104:6:NRF24_write_registerN	24	static
../Core/Src/nrf.c:117:6:NRF24_write_payload	24	static
../Core/Src/nrf.c:130:6:NRF24_read_payload	24	static
../Core/Src/nrf.c:144:6:NRF24_flush_tx	8	static
../Core/Src/nrf.c:149:6:NRF24_flush_rx	8	static
../Core/Src/nrf.c:154:9:NRF24_get_status	16	static
../Core/Src/nrf.c:162:6:NRF24_begin	32	static
../Core/Src/nrf.c:235:6:NRF24_startListening	8	static
../Core/Src/nrf.c:252:6:NRF24_stopListening	8	static
../Core/Src/nrf.c:259:6:NRF24_write	32	static
../Core/Src/nrf.c:295:6:NRF24_available	8	static
../Core/Src/nrf.c:300:6:NRF24_read	24	static
../Core/Src/nrf.c:309:6:NRF24_openWritingPipe	24	static
../Core/Src/nrf.c:318:6:NRF24_openReadingPipe	24	static
../Core/Src/nrf.c:342:6:NRF24_setRetries	16	static
../Core/Src/nrf.c:349:6:NRF24_setChannel	24	static
../Core/Src/nrf.c:355:6:NRF24_setPayloadSize	24	static
../Core/Src/nrf.c:361:9:NRF24_getPayloadSize	4	static
../Core/Src/nrf.c:366:9:NRF24_getDynamicPayloadSize	8	static
../Core/Src/nrf.c:371:6:NRF24_enableAckPayload	8	static
../Core/Src/nrf.c:384:6:NRF24_enableDynamicPayloads	8	static
../Core/Src/nrf.c:398:6:NRF24_disableDynamicPayloads	8	static
../Core/Src/nrf.c:406:6:NRF24_isNRF_Plus	4	static
../Core/Src/nrf.c:411:6:NRF24_setAutoAck	16	static
../Core/Src/nrf.c:419:6:NRF24_setAutoAckPipe	24	static
../Core/Src/nrf.c:436:6:NRF24_setPALevel	24	static
../Core/Src/nrf.c:469:15:NRF24_getPALevel	16	static
../Core/Src/nrf.c:495:6:NRF24_setDataRate	24	static
../Core/Src/nrf.c:540:17:NRF24_getDataRate	16	static
../Core/Src/nrf.c:565:6:NRF24_setCRCLength	24	static
../Core/Src/nrf.c:586:18:NRF24_getCRCLength	16	static
../Core/Src/nrf.c:602:6:NRF24_disableCRC	16	static
../Core/Src/nrf.c:608:6:NRF24_powerUp	8	static
../Core/Src/nrf.c:613:6:NRF24_powerDown	8	static
../Core/Src/nrf.c:618:6:NRF24_availablePipe	24	static
../Core/Src/nrf.c:642:6:NRF24_startWrite	16	static
../Core/Src/nrf.c:657:6:NRF24_writeAckPayload	24	static
../Core/Src/nrf.c:668:6:NRF24_isAckPayloadAvailable	16	static
../Core/Src/nrf.c:675:6:NRF24_whatHappened	32	static
../Core/Src/nrf.c:686:6:NRF24_testCarrier	8	static
../Core/Src/nrf.c:691:6:NRF24_testRPD	8	static
../Core/Src/nrf.c:697:6:NRF24_resetStatus	8	static
../Core/Src/nrf.c:703:6:NRF24_ACTIVATE_cmd	16	static
../Core/Src/nrf.c:714:9:NRF24_GetAckPayloadSize	4	static
