Archive member included to satisfy reference by file (symbol)

/opt/st/stm32cubeide_1.12.0/plugins/com.st.stm32cube.ide.mcu.externaltools.gnu-tools-for-stm32.10.3-2021.10.linux64_1.0.200.202301161003/tools/bin/../lib/gcc/arm-none-eabi/10.3.1/../../../../arm-none-eabi/lib/thumb/v7e-m+fp/hard/libc_nano.a(lib_a-errno.o)
                              ./Core/Src/syscalls.o (__errno)
/opt/st/stm32cubeide_1.12.0/plugins/com.st.stm32cube.ide.mcu.externaltools.gnu-tools-for-stm32.10.3-2021.10.linux64_1.0.200.202301161003/tools/bin/../lib/gcc/arm-none-eabi/10.3.1/../../../../arm-none-eabi/lib/thumb/v7e-m+fp/hard/libc_nano.a(lib_a-exit.o)
                              /opt/st/stm32cubeide_1.12.0/plugins/com.st.stm32cube.ide.mcu.externaltools.gnu-tools-for-stm32.10.3-2021.10.linux64_1.0.200.202301161003/tools/bin/../lib/gcc/arm-none-eabi/10.3.1/../../../../arm-none-eabi/lib/thumb/v7e-m+fp/hard/crt0.o (exit)
/opt/st/stm32cubeide_1.12.0/plugins/com.st.stm32cube.ide.mcu.externaltools.gnu-tools-for-stm32.10.3-2021.10.linux64_1.0.200.202301161003/tools/bin/../lib/gcc/arm-none-eabi/10.3.1/../../../../arm-none-eabi/lib/thumb/v7e-m+fp/hard/libc_nano.a(lib_a-impure.o)
                              /opt/st/stm32cubeide_1.12.0/plugins/com.st.stm32cube.ide.mcu.externaltools.gnu-tools-for-stm32.10.3-2021.10.linux64_1.0.200.202301161003/tools/bin/../lib/gcc/arm-none-eabi/10.3.1/../../../../arm-none-eabi/lib/thumb/v7e-m+fp/hard/libc_nano.a(lib_a-exit.o) (_global_impure_ptr)
/opt/st/stm32cubeide_1.12.0/plugins/com.st.stm32cube.ide.mcu.externaltools.gnu-tools-for-stm32.10.3-2021.10.linux64_1.0.200.202301161003/tools/bin/../lib/gcc/arm-none-eabi/10.3.1/../../../../arm-none-eabi/lib/thumb/v7e-m+fp/hard/libc_nano.a(lib_a-init.o)
                              /opt/st/stm32cubeide_1.12.0/plugins/com.st.stm32cube.ide.mcu.externaltools.gnu-tools-for-stm32.10.3-2021.10.linux64_1.0.200.202301161003/tools/bin/../lib/gcc/arm-none-eabi/10.3.1/../../../../arm-none-eabi/lib/thumb/v7e-m+fp/hard/crt0.o (__libc_init_array)
/opt/st/stm32cubeide_1.12.0/plugins/com.st.stm32cube.ide.mcu.externaltools.gnu-tools-for-stm32.10.3-2021.10.linux64_1.0.200.202301161003/tools/bin/../lib/gcc/arm-none-eabi/10.3.1/../../../../arm-none-eabi/lib/thumb/v7e-m+fp/hard/libc_nano.a(lib_a-memcpy-stub.o)
                              ./Core/Src/bno055.o (memcpy)
/opt/st/stm32cubeide_1.12.0/plugins/com.st.stm32cube.ide.mcu.externaltools.gnu-tools-for-stm32.10.3-2021.10.linux64_1.0.200.202301161003/tools/bin/../lib/gcc/arm-none-eabi/10.3.1/../../../../arm-none-eabi/lib/thumb/v7e-m+fp/hard/libc_nano.a(lib_a-memset.o)
                              /opt/st/stm32cubeide_1.12.0/plugins/com.st.stm32cube.ide.mcu.externaltools.gnu-tools-for-stm32.10.3-2021.10.linux64_1.0.200.202301161003/tools/bin/../lib/gcc/arm-none-eabi/10.3.1/../../../../arm-none-eabi/lib/thumb/v7e-m+fp/hard/crt0.o (memset)
/opt/st/stm32cubeide_1.12.0/plugins/com.st.stm32cube.ide.mcu.externaltools.gnu-tools-for-stm32.10.3-2021.10.linux64_1.0.200.202301161003/tools/bin/../lib/gcc/arm-none-eabi/10.3.1/../../../../arm-none-eabi/lib/thumb/v7e-m+fp/hard/libc_nano.a(lib_a-printf.o)
                              ./Core/Src/bno055.o (printf)
/opt/st/stm32cubeide_1.12.0/plugins/com.st.stm32cube.ide.mcu.externaltools.gnu-tools-for-stm32.10.3-2021.10.linux64_1.0.200.202301161003/tools/bin/../lib/gcc/arm-none-eabi/10.3.1/../../../../arm-none-eabi/lib/thumb/v7e-m+fp/hard/libc_nano.a(lib_a-puts.o)
                              ./Core/Src/main.o (puts)
/opt/st/stm32cubeide_1.12.0/plugins/com.st.stm32cube.ide.mcu.externaltools.gnu-tools-for-stm32.10.3-2021.10.linux64_1.0.200.202301161003/tools/bin/../lib/gcc/arm-none-eabi/10.3.1/../../../../arm-none-eabi/lib/thumb/v7e-m+fp/hard/libc_nano.a(lib_a-wbuf.o)
                              /opt/st/stm32cubeide_1.12.0/plugins/com.st.stm32cube.ide.mcu.externaltools.gnu-tools-for-stm32.10.3-2021.10.linux64_1.0.200.202301161003/tools/bin/../lib/gcc/arm-none-eabi/10.3.1/../../../../arm-none-eabi/lib/thumb/v7e-m+fp/hard/libc_nano.a(lib_a-puts.o) (__swbuf_r)
/opt/st/stm32cubeide_1.12.0/plugins/com.st.stm32cube.ide.mcu.externaltools.gnu-tools-for-stm32.10.3-2021.10.linux64_1.0.200.202301161003/tools/bin/../lib/gcc/arm-none-eabi/10.3.1/../../../../arm-none-eabi/lib/thumb/v7e-m+fp/hard/libc_nano.a(lib_a-wsetup.o)
                              /opt/st/stm32cubeide_1.12.0/plugins/com.st.stm32cube.ide.mcu.externaltools.gnu-tools-for-stm32.10.3-2021.10.linux64_1.0.200.202301161003/tools/bin/../lib/gcc/arm-none-eabi/10.3.1/../../../../arm-none-eabi/lib/thumb/v7e-m+fp/hard/libc_nano.a(lib_a-puts.o) (__swsetup_r)
/opt/st/stm32cubeide_1.12.0/plugins/com.st.stm32cube.ide.mcu.externaltools.gnu-tools-for-stm32.10.3-2021.10.linux64_1.0.200.202301161003/tools/bin/../lib/gcc/arm-none-eabi/10.3.1/../../../../arm-none-eabi/lib/thumb/v7e-m+fp/hard/libc_nano.a(lib_a-fflush.o)
[...]
Memory Configuration

Name             Origin             Length             Attributes
CCMRAM           0x0000000010000000 0x0000000000010000 xrw
RAM              0x0000000020000000 0x0000000000020000 xrw
FLASH            0x0000000008000000 0x0000000000100000 xr
*default*        0x0000000000000000 0xffffffffffffffff

Linker script and memory map

LOAD /opt/st/stm32cubeide_1.12.0/plugins/com.st.stm32cube.ide.mcu.externaltools.gnu-tools-for-stm32.10.3-2021.10.linux64_1.0.200.202301161003/tools/bin/../lib/gcc/arm-none-eabi/10.3.1/thumb/v7e-m+fp/hard/crti.o
LOAD /opt/st/stm32cubeide_1.12.0/plugins/com.st.stm32cube.ide.mcu.externaltools.gnu-tools-for-stm32.10.3-2021.10.linux64_1.0.200.202301161003/tools/bin/../lib/gcc/arm-none-eabi/10.3.1/thumb/v7e-m+fp/hard/crtbegin.o
LOAD /opt/st/stm32cubeide_1.12.0/plugins/com.st.stm32cube.ide.mcu.externaltools.gnu-tools-for-stm32.10.3-2021.10.linux64_1.0.200.202301161003/tools/bin/../lib/gcc/arm-none-eabi/10.3.1/../../../../arm-none-eabi/lib/thumb/v7e-m+fp/hard/crt0.o
LOAD ./Core/Src/PID_Position.o
LOAD ./Core/Src/adc.o
LOAD ./Core/Src/bno055.o
LOAD ./Core/Src/can.o
LOAD ./Core/Src/dma.o
LOAD ./Core/Src/gpio.o
LOAD ./Core/Src/i2c.o
LOAD ./Core/Src/main.o
LOAD ./Core/Src/spi.o
LOAD ./Core/Src/stm32f4xx_hal_msp.o
LOAD ./Core/Src/stm32f4xx_it.o
LOAD ./Core/Src/syscalls.o
LOAD ./Core/Src/sysmem.o
LOAD ./Core/Src/system_stm32f4xx.o
LOAD ./Core/Src/tim.o
LOAD ./Core/Startup/startup_stm32f407vgtx.o
LOAD ./Drivers/STM32F4xx_HAL_Driver/Src/stm32f4xx_hal.o
LOAD ./Drivers/STM32F4xx_HAL_Driver/Src/stm32f4xx_hal_adc.o
LOAD ./Drivers/STM32F4xx_HAL_Driver/Src/stm32f4xx_hal_adc_ex.o
LOAD ./Drivers/STM32F4xx_HAL_Driver/Src/stm32f4xx_hal_can.o
LOAD ./Drivers/STM32F4xx_HAL_Driver/Src/stm32f4xx_hal_cortex.o
LOAD ./Drivers/STM32F4xx_HAL_Driver/Src/stm32f4xx_hal_dma.o
LOAD ./Drivers/STM32F4xx_HAL_Driver/Src/stm32f4xx_hal_dma_ex.o
LOAD ./Drivers/STM32F4xx_HAL_Driver/Src/stm32f4xx_hal_exti.o
LOAD ./Drivers/STM32F4xx_HAL_Driver/Src/stm32f4xx_hal_flash.o
LOAD ./Drivers/STM32F4xx_HAL_Driver/Src/stm32f4xx_hal_flash_ex.o
LOAD ./Drivers/STM32F4xx_HAL_Driver/Src/stm32f4xx_hal_flash_ramfunc.o
LOAD ./Drivers/STM32F4xx_HAL_Driver/Src/stm32f4xx_hal_gpio.o
LOAD ./Drivers/STM32F4xx_HAL_Driver/Src/stm32f4xx_hal_i2c.o
LOAD ./Drivers/STM32F4xx_HAL_Driver/Src/stm32f4xx_hal_i2c_ex.o
LOAD ./Drivers/STM32F4xx_HAL_Driver/Src/stm32f4xx_hal_pwr.o
LOAD ./Drivers/STM32F4xx_HAL_Driver/Src/stm32f4xx_hal_pwr_ex.o
LOAD ./Drivers/STM32F4xx_HAL_Driver/Src/stm32f4xx_hal_rcc.o
LOAD ./Drivers/STM32F4xx_HAL_Driver/Src/stm32f4xx_hal_rcc_ex.o
LOAD ./Drivers/STM32F4xx_HAL_Driver/Src/stm32f4xx_hal_spi.o
LOAD ./Drivers/STM32F4xx_HAL_Driver/Src/stm32f4xx_hal_tim.o
LOAD ./Drivers/STM32F4xx_HAL_Driver/Src/stm32f4xx_hal_tim_ex.o
LOAD ./Drivers/STM32F4xx_HAL_Driver/Src/stm32f4xx_ll_adc.o
START GROUP
LOAD /opt/st/stm32cubeide_1.12.0/plugins/com.st.stm32cube.ide.mcu.externaltools.gnu-tools-for-stm32.10.3-2021.10.linux64_1.0.200.202301161003/tools/bin/../lib/gcc/arm-none-eabi/10.3.1/../../../../arm-none-eabi/lib/thumb/v7e-m+fp/hard/libc_nano.a
LOAD /opt/st/stm32cubeide_1.12.0/plugins/com.st.stm32cube.ide.mcu.externaltools.gnu-tools-for-stm32.10.3-2021.10.linux64_1.0.200.202301161003/tools/bin/../lib/gcc/arm-none-eabi/10.3.1/../../../../arm-none-eabi/lib/thumb/v7e-m+fp/hard/libm.a
END GROUP
START GROUP
LOAD /opt/st/stm32cubeide_1.12.0/plugins/com.st.stm32cube.ide.mcu.externaltools.gnu-tools-for-stm32.10.3-2021.10.linux64_1.0.200.202301161003/tools/bin/../lib/gcc/arm-none-eabi/10.3.1/thumb/v7e-m+fp/hard/libgcc.a
LOAD /opt/st/stm32cubeide_1.12.0/plugins/com.st.stm32cube.ide.mcu.externaltools.gnu-tools-for-stm32.10.3-2021.10.linux64_1.0.200.202301161003/tools/bin/../lib/gcc/arm-none-eabi/10.3.1/../../../../arm-none-eabi/lib/thumb/v7e-m+fp/hard/libc_nano.a
END GROUP
START GROUP
LOAD /opt/st/stm32cubeide_1.12.0/plugins/com.st.stm32cube.ide.mcu.externaltools.gnu-tools-for-stm32.10.3-2021.10.linux64_1.0.200.202301161003/tools/bin/../lib/gcc/arm-none-eabi/10.3.1/thumb/v7e-m+fp/hard/libgcc.a
LOAD /opt/st/stm32cubeide_1.12.0/plugins/com.st.stm32cube.ide.mcu.externaltools.gnu-tools-for-stm32.10.3-2021.10.linux64_1.0.200.202301161003/tools/bin/../lib/gcc/arm-none-eabi/10.3.1/../../../../arm-none-eabi/lib/thumb/v7e-m+fp/hard/libc_nano.a
LOAD /opt/st/stm32cubeide_1.12.0/plugins/com.st.stm32cube.ide.mcu.externaltools.gnu-tools-for-stm32.10.3-2021.10.linux64_1.0.200.202301161003/tools/bin/../lib/gcc/arm-none-eabi/10.3.1/../../../../arm-none-eabi/lib/thumb/v7e-m+fp/hard/libnosys.a
END GROUP
START GROUP
LOAD /opt/st/stm32cubeide_1.12.0/plugins/com.st.stm32cube.ide.mcu.externaltools.gnu-tools-for-stm32.10.3-2021.10.linux64_1.0.200.202301161003/tools/bin/../lib/gcc/arm-none-eabi/10.3.1/thumb/v7e-m+fp/hard/libgcc.a
LOAD /opt/st/stm32cubeide_1.12.0/plugins/com.st.stm32cube.ide.mcu.externaltools.gnu-tools-for-stm32.10.3-2021.10.linux64_1.0.200.202301161003/tools/bin/../lib/gcc/arm-none-eabi/10.3.1/../../../../arm-none-eabi/lib/thumb/v7e-m+fp/hard/libc_nano.a
LOAD /opt/st/stm32cubeide_1.12.0/plugins/com.st.stm32cube.ide.mcu.externaltools.gnu-tools-for-stm32.10.3-2021.10.linux64_1.0.200.202301161003/tools/bin/../lib/gcc/arm-none-eabi/10.3.1/../../../../arm-none-eabi/lib/thumb/v7e-m+fp/hard/libnosys.a
END GROUP
LOAD /opt/st/stm32cubeide_1.12.0/plugins/com.st.stm32cube.ide.mcu.externaltools.gnu-tools-for-stm32.10.3-2021.10.linux64_1.0.200.202301161003/tools/bin/../lib/gcc/arm-none-eabi/10.3.1/thumb/v7e-m+fp/hard/crtend.o
LOAD /opt/st/stm32cubeide_1.12.0/plugins/com.st.stm32cube.ide.mcu.externaltools.gnu-tools-for-stm32.10.3-2021.10.linux64_1.0.200.202301161003/tools/bin/../lib/gcc/arm-none-eabi/10.3.1/thumb/v7e-m+fp/hard/crtn.o
                0x0000000020020000                _estack = (ORIGIN (RAM) + LENGTH (RAM))
                0x0000000000000200                _Min_Heap_Size = 0x200
                0x0000000000000400                _Min_Stack_Size = 0x400

.isr_vector     0x0000000008000000      0x188
                0x0000000008000000                . = ALIGN (0x4)
 *(.isr_vector)
 .isr_vector    0x0000000008000000      0x188 ./Core/Startup/startup_stm32f407vgtx.o
                0x0000000008000000                g_pfnVectors
                0x0000000008000188                . = ALIGN (0x4)

.text           0x0000000008000190     0x9cd8
                0x0000000008000190                . = ALIGN (0x4)
 *(.text)
 .text          0x0000000008000190       0x40 /opt/st/stm32cubeide_1.12.0/plugins/com.st.stm32cube.ide.mcu.externaltools.gnu-tools-for-stm32.10.3-2021.10.linux64_1.0.200.202301161003/tools/bin/../lib/gcc/arm-none-eabi/10.3.1/thumb/v7e-m+fp/hard/crtbegin.o
 .text          0x00000000080001d0       0xa0 /opt/st/stm32cubeide_1.12.0/plugins/com.st.stm32cube.ide.mcu.externaltools.gnu-tools-for-stm32.10.3-2021.10.linux64_1.0.200.202301161003/tools/bin/../lib/gcc/arm-none-eabi/10.3.1/../../../../arm-none-eabi/lib/thumb/v7e-m+fp/hard/libc_nano.a(lib_a-memchr.o)
                0x00000000080001d0                memchr
 .text          0x0000000008000270      0x378 /opt/st/stm32cubeide_1.12.0/plugins/com.st.stm32cube.ide.mcu.externaltools.gnu-tools-for-stm32.10.3-2021.10.linux64_1.0.200.202301161003/tools/bin/../lib/gcc/arm-none-eabi/10.3.1/thumb/v7e-m+fp/hard/libgcc.a(_arm_addsubdf3.o)
                0x0000000008000270                __aeabi_drsub
                0x0000000008000278                __aeabi_dsub
                0x0000000008000278                __subdf3
                0x000000000800027c                __adddf3
                0x000000000800027c                __aeabi_dadd
                0x00000000080004f4                __aeabi_ui2d
                0x00000000080004f4                __floatunsidf
                0x0000000008000514                __floatsidf
                0x0000000008000514                __aeabi_i2d
                0x0000000008000538                __extendsfdf2
                0x0000000008000538                __aeabi_f2d
                0x000000000800057c                __aeabi_ul2d
                0x000000000800057c                __floatundidf
                0x000000000800058c                __floatdidf
                0x000000000800058c                __aeabi_l2d
 .text          0x00000000080005e8      0x424 /opt/st/stm32cubeide_1.12.0/plugins/com.st.stm32cube.ide.mcu.externaltools.gnu-tools-for-stm32.10.3-2021.10.linux64_1.0.200.202301161003/tools/bin/../lib/gcc/arm-none-eabi/10.3.1/thumb/v7e-m+fp/hard/libgcc.a(_arm_muldivdf3.o)
                0x00000000080005e8                __aeabi_dmul
                0x00000000080005e8                __muldf3
                0x000000000800083c                __aeabi_ddiv
                0x000000000800083c                __divdf3
 .text          0x0000000008000a0c      0x110 /opt/st/stm32cubeide_1.12.0/plugins/com.st.stm32cube.ide.mcu.externaltools.gnu-tools-for-stm32.10.3-2021.10.linux64_1.0.200.202301161003/tools/bin/../lib/gcc/arm-none-eabi/10.3.1/thumb/v7e-m+fp/hard/libgcc.a(_arm_cmpdf2.o)
                0x0000000008000a0c                __gtdf2
                0x0000000008000a0c                __gedf2
                0x0000000008000a14                __ltdf2
                0x0000000008000a14                __ledf2
                0x0000000008000a1c                __cmpdf2
                0x0000000008000a1c                __eqdf2
                0x0000000008000a1c                __nedf2
                0x0000000008000a98                __aeabi_cdrcmple
                0x0000000008000aa8                __aeabi_cdcmple
                0x0000000008000aa8                __aeabi_cdcmpeq
                0x0000000008000ab8                __aeabi_dcmpeq
                0x0000000008000acc                __aeabi_dcmplt
                0x0000000008000ae0                __aeabi_dcmple
                0x0000000008000af4                __aeabi_dcmpge
                0x0000000008000b08                __aeabi_dcmpgt
 .text          0x0000000008000b1c       0x50 /opt/st/stm32cubeide_1.12.0/plugins/com.st.stm32cube.ide.mcu.externaltools.gnu-tools-for-stm32.10.3-2021.10.linux64_1.0.200.202301161003/tools/bin/../lib/gcc/arm-none-eabi/10.3.1/thumb/v7e-m+fp/hard/libgcc.a(_arm_fixdfsi.o)
                0x0000000008000b1c                __fixdfsi
                0x0000000008000b1c                __aeabi_d2iz
 .text          0x0000000008000b6c       0xa0 /opt/st/stm32cubeide_1.12.0/plugins/com.st.stm32cube.ide.mcu.externaltools.gnu-tools-for-stm32.10.3-2021.10.linux64_1.0.200.202301161003/tools/bin/../lib/gcc/arm-none-eabi/10.3.1/thumb/v7e-m+fp/hard/libgcc.a(_arm_truncdfsf2.o)
                0x0000000008000b6c                __aeabi_d2f
                0x0000000008000b6c                __truncdfsf2
 .text          0x0000000008000c0c       0x30 /opt/st/stm32cubeide_1.12.0/plugins/com.st.stm32cube.ide.mcu.externaltools.gnu-tools-for-stm32.10.3-2021.10.linux64_1.0.200.202301161003/tools/bin/../lib/gcc/arm-none-eabi/10.3.1/thumb/v7e-m+fp/hard/libgcc.a(_aeabi_uldivmod.o)
                0x0000000008000c0c                __aeabi_uldivmod
 .text          0x0000000008000c3c      0x2d0 /opt/st/stm32cubeide_1.12.0/plugins/com.st.stm32cube.ide.mcu.externaltools.gnu-tools-for-stm32.10.3-2021.10.linux64_1.0.200.202301161003/tools/bin/../lib/gcc/arm-none-eabi/10.3.1/thumb/v7e-m+fp/hard/libgcc.a(_udivmoddi4.o)
                0x0000000008000c3c                __udivmoddi4
 .text          0x0000000008000f0c        0x4 /opt/st/stm32cubeide_1.12.0/plugins/com.st.stm32cube.ide.mcu.externaltools.gnu-tools-for-stm32.10.3-2021.10.linux64_1.0.200.202301161003/tools/bin/../lib/gcc/arm-none-eabi/10.3.1/thumb/v7e-m+fp/hard/libgcc.a(_dvmd_tls.o)
                0x0000000008000f0c                __aeabi_ldiv0
                0x0000000008000f0c                __aeabi_idiv0
 *(.text*)
 .text.PID_Position_Init
                0x0000000008000f10       0xa4 ./Core/Src/PID_Position.o
                0x0000000008000f10                PID_Position_Init
 .text.PID_Position
                0x0000000008000fb4      0x2a8 ./Core/Src/PID_Position.o
                0x0000000008000fb4                PID_Position
 .text.MX_ADC1_Init
                0x000000000800125c       0xc0 ./Core/Src/adc.o
                0x000000000800125c                MX_ADC1_Init
 .text.HAL_ADC_MspInit
                0x000000000800131c       0xec ./Core/Src/adc.o
                0x000000000800131c                HAL_ADC_MspInit
 .text.bno055_setPage
                0x0000000008001408       0x1c ./Core/Src/bno055.o
                0x0000000008001408                bno055_setPage
 .text.bno055_setOperationMode
                0x0000000008001424       0x30 ./Core/Src/bno055.o
                0x0000000008001424                bno055_setOperationMode
 .text.bno055_setOperationModeConfig
                0x0000000008001454        0xe ./Core/Src/bno055.o
                0x0000000008001454                bno055_setOperationModeConfig
 .text.bno055_setOperationModeNDOF
                0x0000000008001462        0xe ./Core/Src/bno055.o
                0x0000000008001462                bno055_setOperationModeNDOF
 .text.bno055_reset
                0x0000000008001470       0x18 ./Core/Src/bno055.o
                0x0000000008001470                bno055_reset
 .text.bno055_setup
                0x0000000008001488       0x50 ./Core/Src/bno055.o
                0x0000000008001488                bno055_setup
 .text.bno055_getVector
                0x00000000080014d8      0x288 ./Core/Src/bno055.o
                0x00000000080014d8                bno055_getVector
 .text.bno055_getVectorQuaternion
                0x0000000008001760       0x86 ./Core/Src/bno055.o
                0x0000000008001760                bno055_getVectorQuaternion
 *fill*         0x00000000080017e6        0x2 
 .text.MX_CAN1_Init
                0x00000000080017e8       0xa4 ./Core/Src/can.o
                0x00000000080017e8                MX_CAN1_Init
 .text.HAL_CAN_MspInit
                0x000000000800188c       0x90 ./Core/Src/can.o
                0x000000000800188c                HAL_CAN_MspInit
 .text.MX_DMA_Init
                0x000000000800191c       0x40 ./Core/Src/dma.o
                0x000000000800191c                MX_DMA_Init
 .text.MX_GPIO_Init
                0x000000000800195c       0xa4 ./Core/Src/gpio.o
                0x000000000800195c                MX_GPIO_Init
 .text.MX_I2C1_Init
                0x0000000008001a00       0x5c ./Core/Src/i2c.o
                0x0000000008001a00                MX_I2C1_Init
 .text.MX_I2C2_Init
                0x0000000008001a5c       0x5c ./Core/Src/i2c.o
                0x0000000008001a5c                MX_I2C2_Init
 .text.HAL_I2C_MspInit
                0x0000000008001ab8       0xf8 ./Core/Src/i2c.o
                0x0000000008001ab8                HAL_I2C_MspInit
 .text.bno055_assignI2C
                0x0000000008001bb0       0x20 ./Core/Src/main.o
                0x0000000008001bb0                bno055_assignI2C
 .text.bno055_delay
                0x0000000008001bd0       0x18 ./Core/Src/main.o
                0x0000000008001bd0                bno055_delay
 .text.bno055_writeData
                0x0000000008001be8      0x1d8 ./Core/Src/main.o
                0x0000000008001be8                bno055_writeData
 .text.bno055_readData
                0x0000000008001dc0       0x44 ./Core/Src/main.o
                0x0000000008001dc0                bno055_readData
 .text.map      0x0000000008001e04       0x5c ./Core/Src/main.o
                0x0000000008001e04                map
 .text.read_encoder
                0x0000000008001e60      0x11c ./Core/Src/main.o
                0x0000000008001e60                read_encoder
 .text.main     0x0000000008001f7c      0x114 ./Core/Src/main.o
                0x0000000008001f7c                main
 .text.SystemClock_Config
                0x0000000008002090       0xd4 ./Core/Src/main.o
                0x0000000008002090                SystemClock_Config
 *fill*         0x0000000008002164        0x4 
 .text.HAL_TIM_PeriodElapsedCallback
                0x0000000008002168     0x1294 ./Core/Src/main.o
                0x0000000008002168                HAL_TIM_PeriodElapsedCallback
 .text.Error_Handler
                0x00000000080033fc        0xa ./Core/Src/main.o
                0x00000000080033fc                Error_Handler
 *fill*         0x0000000008003406        0x2 
 .text.MX_SPI1_Init
                0x0000000008003408       0x6c ./Core/Src/spi.o
                0x0000000008003408                MX_SPI1_Init
 .text.HAL_SPI_MspInit
                0x0000000008003474       0x90 ./Core/Src/spi.o
                0x0000000008003474                HAL_SPI_MspInit
 .text.HAL_MspInit
                0x0000000008003504       0x50 ./Core/Src/stm32f4xx_hal_msp.o
                0x0000000008003504                HAL_MspInit
 .text.NMI_Handler
                0x0000000008003554        0x6 ./Core/Src/stm32f4xx_it.o
                0x0000000008003554                NMI_Handler
 .text.HardFault_Handler
                0x000000000800355a        0x6 ./Core/Src/stm32f4xx_it.o
                0x000000000800355a                HardFault_Handler
 .text.MemManage_Handler
                0x0000000008003560        0x6 ./Core/Src/stm32f4xx_it.o
                0x0000000008003560                MemManage_Handler
 .text.BusFault_Handler
                0x0000000008003566        0x6 ./Core/Src/stm32f4xx_it.o
                0x0000000008003566                BusFault_Handler
 .text.UsageFault_Handler
                0x000000000800356c        0x6 ./Core/Src/stm32f4xx_it.o
                0x000000000800356c                UsageFault_Handler
 .text.SVC_Handler
                0x0000000008003572        0xe ./Core/Src/stm32f4xx_it.o
                0x0000000008003572                SVC_Handler
 .text.DebugMon_Handler
                0x0000000008003580        0xe ./Core/Src/stm32f4xx_it.o
                0x0000000008003580                DebugMon_Handler
 .text.PendSV_Handler
                0x000000000800358e        0xe ./Core/Src/stm32f4xx_it.o
                0x000000000800358e                PendSV_Handler
 .text.SysTick_Handler
                0x000000000800359c        0xc ./Core/Src/stm32f4xx_it.o
                0x000000000800359c                SysTick_Handler
 .text.TIM1_BRK_TIM9_IRQHandler
                0x00000000080035a8       0x14 ./Core/Src/stm32f4xx_it.o
                0x00000000080035a8                TIM1_BRK_TIM9_IRQHandler
 .text.TIM3_IRQHandler
                0x00000000080035bc       0x14 ./Core/Src/stm32f4xx_it.o
                0x00000000080035bc                TIM3_IRQHandler
 .text.TIM8_BRK_TIM12_IRQHandler
                0x00000000080035d0       0x14 ./Core/Src/stm32f4xx_it.o
                0x00000000080035d0                TIM8_BRK_TIM12_IRQHandler
 .text.TIM5_IRQHandler
                0x00000000080035e4       0x14 ./Core/Src/stm32f4xx_it.o
                0x00000000080035e4                TIM5_IRQHandler
 .text.DMA2_Stream0_IRQHandler
                0x00000000080035f8       0x14 ./Core/Src/stm32f4xx_it.o
                0x00000000080035f8                DMA2_Stream0_IRQHandler
 .text._read    0x000000000800360c       0x3a ./Core/Src/syscalls.o
                0x000000000800360c                _read
 .text._write   0x0000000008003646       0x38 ./Core/Src/syscalls.o
                0x0000000008003646                _write
 .text._close   0x000000000800367e       0x18 ./Core/Src/syscalls.o
                0x000000000800367e                _close
 .text._fstat   0x0000000008003696       0x20 ./Core/Src/syscalls.o
                0x0000000008003696                _fstat
 .text._isatty  0x00000000080036b6       0x16 ./Core/Src/syscalls.o
                0x00000000080036b6                _isatty
 .text._lseek   0x00000000080036cc       0x1a ./Core/Src/syscalls.o
                0x00000000080036cc                _lseek
 *fill*         0x00000000080036e6        0x2 
 .text._sbrk    0x00000000080036e8       0x6c ./Core/Src/sysmem.o
                0x00000000080036e8                _sbrk
 .text.SystemInit
                0x0000000008003754       0x24 ./Core/Src/system_stm32f4xx.o
                0x0000000008003754                SystemInit
 .text.MX_TIM2_Init
                0x0000000008003778       0xa8 ./Core/Src/tim.o
                0x0000000008003778                MX_TIM2_Init
 .text.MX_TIM3_Init
                0x0000000008003820       0x9c ./Core/Src/tim.o
                0x0000000008003820                MX_TIM3_Init
 .text.MX_TIM4_Init
                0x00000000080038bc       0xa8 ./Core/Src/tim.o
                0x00000000080038bc                MX_TIM4_Init
 .text.MX_TIM5_Init
                0x0000000008003964       0x9c ./Core/Src/tim.o
                0x0000000008003964                MX_TIM5_Init
 .text.MX_TIM9_Init
                0x0000000008003a00       0x74 ./Core/Src/tim.o
                0x0000000008003a00                MX_TIM9_Init
 .text.MX_TIM12_Init
                0x0000000008003a74       0x74 ./Core/Src/tim.o
                0x0000000008003a74                MX_TIM12_Init
 .text.HAL_TIM_Encoder_MspInit
                0x0000000008003ae8       0xf8 ./Core/Src/tim.o
                0x0000000008003ae8                HAL_TIM_Encoder_MspInit
 .text.HAL_TIM_Base_MspInit
                0x0000000008003be0      0x104 ./Core/Src/tim.o
                0x0000000008003be0                HAL_TIM_Base_MspInit
 .text.Reset_Handler
                0x0000000008003ce4       0x50 ./Core/Startup/startup_stm32f407vgtx.o
                0x0000000008003ce4                Reset_Handler
 .text.Default_Handler
                0x0000000008003d34        0x2 ./Core/Startup/startup_stm32f407vgtx.o
                0x0000000008003d34                RTC_Alarm_IRQHandler
                0x0000000008003d34                HASH_RNG_IRQHandler
                0x0000000008003d34                EXTI2_IRQHandler
                0x0000000008003d34                TIM8_CC_IRQHandler
                0x0000000008003d34                TIM1_CC_IRQHandler
                0x0000000008003d34                DMA2_Stream5_IRQHandler
                0x0000000008003d34                DMA1_Stream5_IRQHandler
                0x0000000008003d34                PVD_IRQHandler
                0x0000000008003d34                SDIO_IRQHandler
                0x0000000008003d34                TAMP_STAMP_IRQHandler
                0x0000000008003d34                CAN2_RX1_IRQHandler
                0x0000000008003d34                EXTI3_IRQHandler
                0x0000000008003d34                TIM8_TRG_COM_TIM14_IRQHandler
                0x0000000008003d34                TIM1_UP_TIM10_IRQHandler
                0x0000000008003d34                TIM8_UP_TIM13_IRQHandler
                0x0000000008003d34                I2C3_ER_IRQHandler
                0x0000000008003d34                EXTI0_IRQHandler
                0x0000000008003d34                I2C2_EV_IRQHandler
                0x0000000008003d34                DMA1_Stream2_IRQHandler
                0x0000000008003d34                CAN1_RX0_IRQHandler
                0x0000000008003d34                FPU_IRQHandler
                0x0000000008003d34                OTG_HS_WKUP_IRQHandler
                0x0000000008003d34                CAN2_SCE_IRQHandler
                0x0000000008003d34                DMA2_Stream2_IRQHandler
                0x0000000008003d34                SPI1_IRQHandler
                0x0000000008003d34                TIM6_DAC_IRQHandler
                0x0000000008003d34                DCMI_IRQHandler
                0x0000000008003d34                CAN2_RX0_IRQHandler
                0x0000000008003d34                DMA2_Stream3_IRQHandler
                0x0000000008003d34                USART6_IRQHandler
                0x0000000008003d34                USART3_IRQHandler
                0x0000000008003d34                CAN1_RX1_IRQHandler
                0x0000000008003d34                UART5_IRQHandler
                0x0000000008003d34                TIM4_IRQHandler
                0x0000000008003d34                I2C1_EV_IRQHandler
                0x0000000008003d34                DMA1_Stream6_IRQHandler
                0x0000000008003d34                DMA1_Stream1_IRQHandler
                0x0000000008003d34                UART4_IRQHandler
                0x0000000008003d34                RCC_IRQHandler
                0x0000000008003d34                Default_Handler
                0x0000000008003d34                EXTI15_10_IRQHandler
                0x0000000008003d34                ADC_IRQHandler
                0x0000000008003d34                DMA1_Stream7_IRQHandler
                0x0000000008003d34                TIM7_IRQHandler
                0x0000000008003d34                CAN2_TX_IRQHandler
                0x0000000008003d34                DMA2_Stream7_IRQHandler
                0x0000000008003d34                I2C3_EV_IRQHandler
                0x0000000008003d34                EXTI9_5_IRQHandler
                0x0000000008003d34                RTC_WKUP_IRQHandler
                0x0000000008003d34                ETH_WKUP_IRQHandler
                0x0000000008003d34                SPI2_IRQHandler
                0x0000000008003d34                OTG_HS_EP1_IN_IRQHandler
                0x0000000008003d34                DMA1_Stream0_IRQHandler
                0x0000000008003d34                CAN1_TX_IRQHandler
                0x0000000008003d34                EXTI4_IRQHandler
                0x0000000008003d34                FSMC_IRQHandler
                0x0000000008003d34                ETH_IRQHandler
                0x0000000008003d34                OTG_HS_EP1_OUT_IRQHandler
                0x0000000008003d34                WWDG_IRQHandler
                0x0000000008003d34                TIM2_IRQHandler
                0x0000000008003d34                OTG_FS_WKUP_IRQHandler
                0x0000000008003d34                TIM1_TRG_COM_TIM11_IRQHandler
                0x0000000008003d34                OTG_HS_IRQHandler
                0x0000000008003d34                EXTI1_IRQHandler
                0x0000000008003d34                USART2_IRQHandler
                0x0000000008003d34                I2C2_ER_IRQHandler
                0x0000000008003d34                DMA2_Stream1_IRQHandler
                0x0000000008003d34                CAN1_SCE_IRQHandler
                0x0000000008003d34                FLASH_IRQHandler
                0x0000000008003d34                DMA2_Stream4_IRQHandler
                0x0000000008003d34                USART1_IRQHandler
                0x0000000008003d34                OTG_FS_IRQHandler
                0x0000000008003d34                SPI3_IRQHandler
                0x0000000008003d34                DMA1_Stream4_IRQHandler
                0x0000000008003d34                I2C1_ER_IRQHandler
                0x0000000008003d34                DMA2_Stream6_IRQHandler
                0x0000000008003d34                DMA1_Stream3_IRQHandler
 *fill*         0x0000000008003d36        0x2 
 .text.HAL_Init
                0x0000000008003d38       0x44 ./Drivers/STM32F4xx_HAL_Driver/Src/stm32f4xx_hal.o
                0x0000000008003d38                HAL_Init
 .text.HAL_InitTick
                0x0000000008003d7c       0x60 ./Drivers/STM32F4xx_HAL_Driver/Src/stm32f4xx_hal.o
                0x0000000008003d7c                HAL_InitTick
 .text.HAL_IncTick
                0x0000000008003ddc       0x28 ./Drivers/STM32F4xx_HAL_Driver/Src/stm32f4xx_hal.o
                0x0000000008003ddc                HAL_IncTick
 .text.HAL_GetTick
                0x0000000008003e04       0x18 ./Drivers/STM32F4xx_HAL_Driver/Src/stm32f4xx_hal.o
                0x0000000008003e04                HAL_GetTick
 .text.HAL_Delay
                0x0000000008003e1c       0x48 ./Drivers/STM32F4xx_HAL_Driver/Src/stm32f4xx_hal.o
                0x0000000008003e1c                HAL_Delay
 .text.HAL_ADC_Init
                0x0000000008003e64       0x86 ./Drivers/STM32F4xx_HAL_Driver/Src/stm32f4xx_hal_adc.o
                0x0000000008003e64                HAL_ADC_Init
 *fill*         0x0000000008003eea        0x2 
 .text.HAL_ADC_Start_DMA
                0x0000000008003eec      0x220 ./Drivers/STM32F4xx_HAL_Driver/Src/stm32f4xx_hal_adc.o
                0x0000000008003eec                HAL_ADC_Start_DMA
 .text.HAL_ADC_ConvCpltCallback
                0x000000000800410c       0x14 ./Drivers/STM32F4xx_HAL_Driver/Src/stm32f4xx_hal_adc.o
                0x000000000800410c                HAL_ADC_ConvCpltCallback
 .text.HAL_ADC_ConvHalfCpltCallback
                0x0000000008004120       0x14 ./Drivers/STM32F4xx_HAL_Driver/Src/stm32f4xx_hal_adc.o
                0x0000000008004120                HAL_ADC_ConvHalfCpltCallback
 .text.HAL_ADC_ErrorCallback
                0x0000000008004134       0x14 ./Drivers/STM32F4xx_HAL_Driver/Src/stm32f4xx_hal_adc.o
                0x0000000008004134                HAL_ADC_ErrorCallback
 .text.HAL_ADC_ConfigChannel
                0x0000000008004148      0x244 ./Drivers/STM32F4xx_HAL_Driver/Src/stm32f4xx_hal_adc.o
                0x0000000008004148                HAL_ADC_ConfigChannel
 .text.ADC_Init
                0x000000000800438c      0x1f8 ./Drivers/STM32F4xx_HAL_Driver/Src/stm32f4xx_hal_adc.o
 .text.ADC_DMAConvCplt
                0x0000000008004584       0xba ./Drivers/STM32F4xx_HAL_Driver/Src/stm32f4xx_hal_adc.o
 .text.ADC_DMAHalfConvCplt
                0x000000000800463e       0x1c ./Drivers/STM32F4xx_HAL_Driver/Src/stm32f4xx_hal_adc.o
 .text.ADC_DMAError
                0x000000000800465a       0x2e ./Drivers/STM32F4xx_HAL_Driver/Src/stm32f4xx_hal_adc.o
 .text.HAL_CAN_Init
                0x0000000008004688      0x1f6 ./Drivers/STM32F4xx_HAL_Driver/Src/stm32f4xx_hal_can.o
                0x0000000008004688                HAL_CAN_Init
 *fill*         0x000000000800487e        0x2 
 .text.HAL_CAN_ConfigFilter
                0x0000000008004880      0x1c0 ./Drivers/STM32F4xx_HAL_Driver/Src/stm32f4xx_hal_can.o
                0x0000000008004880                HAL_CAN_ConfigFilter
 .text.HAL_CAN_Start
                0x0000000008004a40       0x88 ./Drivers/STM32F4xx_HAL_Driver/Src/stm32f4xx_hal_can.o
                0x0000000008004a40                HAL_CAN_Start
 .text.HAL_CAN_AddTxMessage
                0x0000000008004ac8      0x1b6 ./Drivers/STM32F4xx_HAL_Driver/Src/stm32f4xx_hal_can.o
                0x0000000008004ac8                HAL_CAN_AddTxMessage
 .text.HAL_CAN_ActivateNotification
                0x0000000008004c7e       0x4c ./Drivers/STM32F4xx_HAL_Driver/Src/stm32f4xx_hal_can.o
                0x0000000008004c7e                HAL_CAN_ActivateNotification
 *fill*         0x0000000008004cca        0x2 
 .text.__NVIC_SetPriorityGrouping
                0x0000000008004ccc       0x48 ./Drivers/STM32F4xx_HAL_Driver/Src/stm32f4xx_hal_cortex.o
 .text.__NVIC_GetPriorityGrouping
                0x0000000008004d14       0x1c ./Drivers/STM32F4xx_HAL_Driver/Src/stm32f4xx_hal_cortex.o
 .text.__NVIC_EnableIRQ
                0x0000000008004d30       0x3c ./Drivers/STM32F4xx_HAL_Driver/Src/stm32f4xx_hal_cortex.o
 .text.__NVIC_SetPriority
                0x0000000008004d6c       0x54 ./Drivers/STM32F4xx_HAL_Driver/Src/stm32f4xx_hal_cortex.o
 .text.NVIC_EncodePriority
                0x0000000008004dc0       0x66 ./Drivers/STM32F4xx_HAL_Driver/Src/stm32f4xx_hal_cortex.o
 *fill*         0x0000000008004e26        0x2 
 .text.SysTick_Config
                0x0000000008004e28       0x44 ./Drivers/STM32F4xx_HAL_Driver/Src/stm32f4xx_hal_cortex.o
 .text.HAL_NVIC_SetPriorityGrouping
                0x0000000008004e6c       0x16 ./Drivers/STM32F4xx_HAL_Driver/Src/stm32f4xx_hal_cortex.o
                0x0000000008004e6c                HAL_NVIC_SetPriorityGrouping
 .text.HAL_NVIC_SetPriority
                0x0000000008004e82       0x38 ./Drivers/STM32F4xx_HAL_Driver/Src/stm32f4xx_hal_cortex.o
                0x0000000008004e82                HAL_NVIC_SetPriority
 .text.HAL_NVIC_EnableIRQ
                0x0000000008004eba       0x1c ./Drivers/STM32F4xx_HAL_Driver/Src/stm32f4xx_hal_cortex.o
                0x0000000008004eba                HAL_NVIC_EnableIRQ
 .text.HAL_SYSTICK_Config
                0x0000000008004ed6       0x18 ./Drivers/STM32F4xx_HAL_Driver/Src/stm32f4xx_hal_cortex.o
                0x0000000008004ed6                HAL_SYSTICK_Config
 *fill*         0x0000000008004eee        0x2 
 .text.HAL_DMA_Init
                0x0000000008004ef0      0x15c ./Drivers/STM32F4xx_HAL_Driver/Src/stm32f4xx_hal_dma.o
                0x0000000008004ef0                HAL_DMA_Init
 .text.HAL_DMA_Start_IT
                0x000000000800504c       0xb0 ./Drivers/STM32F4xx_HAL_Driver/Src/stm32f4xx_hal_dma.o
                0x000000000800504c                HAL_DMA_Start_IT
 .text.HAL_DMA_IRQHandler
                0x00000000080050fc      0x314 ./Drivers/STM32F4xx_HAL_Driver/Src/stm32f4xx_hal_dma.o
                0x00000000080050fc                HAL_DMA_IRQHandler
 .text.DMA_SetConfig
                0x0000000008005410       0x5c ./Drivers/STM32F4xx_HAL_Driver/Src/stm32f4xx_hal_dma.o
 .text.DMA_CalcBaseAndBitshift
                0x000000000800546c       0x6c ./Drivers/STM32F4xx_HAL_Driver/Src/stm32f4xx_hal_dma.o
 .text.DMA_CheckFifoParam
                0x00000000080054d8       0xf8 ./Drivers/STM32F4xx_HAL_Driver/Src/stm32f4xx_hal_dma.o
 .text.HAL_GPIO_Init
                0x00000000080055d0      0x338 ./Drivers/STM32F4xx_HAL_Driver/Src/stm32f4xx_hal_gpio.o
                0x00000000080055d0                HAL_GPIO_Init
 .text.HAL_I2C_Init
                0x0000000008005908      0x288 ./Drivers/STM32F4xx_HAL_Driver/Src/stm32f4xx_hal_i2c.o
                0x0000000008005908                HAL_I2C_Init
 .text.HAL_I2C_Master_Transmit
                0x0000000008005b90      0x1fc ./Drivers/STM32F4xx_HAL_Driver/Src/stm32f4xx_hal_i2c.o
                0x0000000008005b90                HAL_I2C_Master_Transmit
 .text.HAL_I2C_Master_Receive
                0x0000000008005d8c      0x44c ./Drivers/STM32F4xx_HAL_Driver/Src/stm32f4xx_hal_i2c.o
                0x0000000008005d8c                HAL_I2C_Master_Receive
 .text.HAL_I2C_GetState
                0x00000000080061d8       0x1c ./Drivers/STM32F4xx_HAL_Driver/Src/stm32f4xx_hal_i2c.o
                0x00000000080061d8                HAL_I2C_GetState
 .text.HAL_I2C_GetError
                0x00000000080061f4       0x18 ./Drivers/STM32F4xx_HAL_Driver/Src/stm32f4xx_hal_i2c.o
                0x00000000080061f4                HAL_I2C_GetError
 .text.I2C_MasterRequestWrite
                0x000000000800620c      0x104 ./Drivers/STM32F4xx_HAL_Driver/Src/stm32f4xx_hal_i2c.o
 .text.I2C_MasterRequestRead
                0x0000000008006310      0x19c ./Drivers/STM32F4xx_HAL_Driver/Src/stm32f4xx_hal_i2c.o
 .text.I2C_WaitOnFlagUntilTimeout
                0x00000000080064ac       0xae ./Drivers/STM32F4xx_HAL_Driver/Src/stm32f4xx_hal_i2c.o
 .text.I2C_WaitOnMasterAddressFlagUntilTimeout
                0x000000000800655a       0xfe ./Drivers/STM32F4xx_HAL_Driver/Src/stm32f4xx_hal_i2c.o
 .text.I2C_WaitOnTXEFlagUntilTimeout
                0x0000000008006658       0x82 ./Drivers/STM32F4xx_HAL_Driver/Src/stm32f4xx_hal_i2c.o
 .text.I2C_WaitOnBTFFlagUntilTimeout
                0x00000000080066da       0x82 ./Drivers/STM32F4xx_HAL_Driver/Src/stm32f4xx_hal_i2c.o
 .text.I2C_WaitOnRXNEFlagUntilTimeout
                0x000000000800675c       0xac ./Drivers/STM32F4xx_HAL_Driver/Src/stm32f4xx_hal_i2c.o
 .text.I2C_IsAcknowledgeFailed
                0x0000000008006808       0x5e ./Drivers/STM32F4xx_HAL_Driver/Src/stm32f4xx_hal_i2c.o
 *fill*         0x0000000008006866        0x2 
 .text.HAL_RCC_OscConfig
                0x0000000008006868      0x4f0 ./Drivers/STM32F4xx_HAL_Driver/Src/stm32f4xx_hal_rcc.o
                0x0000000008006868                HAL_RCC_OscConfig
 .text.HAL_RCC_ClockConfig
                0x0000000008006d58      0x1cc ./Drivers/STM32F4xx_HAL_Driver/Src/stm32f4xx_hal_rcc.o
                0x0000000008006d58                HAL_RCC_ClockConfig
 .text.HAL_RCC_GetSysClockFreq
                0x0000000008006f24      0x18c ./Drivers/STM32F4xx_HAL_Driver/Src/stm32f4xx_hal_rcc.o
                0x0000000008006f24                HAL_RCC_GetSysClockFreq
 .text.HAL_RCC_GetHCLKFreq
                0x00000000080070b0       0x18 ./Drivers/STM32F4xx_HAL_Driver/Src/stm32f4xx_hal_rcc.o
                0x00000000080070b0                HAL_RCC_GetHCLKFreq
 .text.HAL_RCC_GetPCLK1Freq
                0x00000000080070c8       0x28 ./Drivers/STM32F4xx_HAL_Driver/Src/stm32f4xx_hal_rcc.o
                0x00000000080070c8                HAL_RCC_GetPCLK1Freq
 .text.HAL_SPI_Init
                0x00000000080070f0      0x112 ./Drivers/STM32F4xx_HAL_Driver/Src/stm32f4xx_hal_spi.o
                0x00000000080070f0                HAL_SPI_Init
 .text.HAL_TIM_Base_Init
                0x0000000008007202       0x9e ./Drivers/STM32F4xx_HAL_Driver/Src/stm32f4xx_hal_tim.o
                0x0000000008007202                HAL_TIM_Base_Init
 .text.HAL_TIM_Base_Start_IT
                0x00000000080072a0       0xe0 ./Drivers/STM32F4xx_HAL_Driver/Src/stm32f4xx_hal_tim.o
                0x00000000080072a0                HAL_TIM_Base_Start_IT
 .text.HAL_TIM_Encoder_Init
                0x0000000008007380      0x14c ./Drivers/STM32F4xx_HAL_Driver/Src/stm32f4xx_hal_tim.o
                0x0000000008007380                HAL_TIM_Encoder_Init
 .text.HAL_TIM_Encoder_Start
                0x00000000080074cc      0x11c ./Drivers/STM32F4xx_HAL_Driver/Src/stm32f4xx_hal_tim.o
                0x00000000080074cc                HAL_TIM_Encoder_Start
 .text.HAL_TIM_IRQHandler
                0x00000000080075e8      0x210 ./Drivers/STM32F4xx_HAL_Driver/Src/stm32f4xx_hal_tim.o
                0x00000000080075e8                HAL_TIM_IRQHandler
 .text.HAL_TIM_ConfigClockSource
                0x00000000080077f8      0x18e ./Drivers/STM32F4xx_HAL_Driver/Src/stm32f4xx_hal_tim.o
                0x00000000080077f8                HAL_TIM_ConfigClockSource
 .text.HAL_TIM_OC_DelayElapsedCallback
                0x0000000008007986       0x14 ./Drivers/STM32F4xx_HAL_Driver/Src/stm32f4xx_hal_tim.o
                0x0000000008007986                HAL_TIM_OC_DelayElapsedCallback
 .text.HAL_TIM_IC_CaptureCallback
                0x000000000800799a       0x14 ./Drivers/STM32F4xx_HAL_Driver/Src/stm32f4xx_hal_tim.o
                0x000000000800799a                HAL_TIM_IC_CaptureCallback
 .text.HAL_TIM_PWM_PulseFinishedCallback
                0x00000000080079ae       0x14 ./Drivers/STM32F4xx_HAL_Driver/Src/stm32f4xx_hal_tim.o
                0x00000000080079ae                HAL_TIM_PWM_PulseFinishedCallback
 .text.HAL_TIM_TriggerCallback
                0x00000000080079c2       0x14 ./Drivers/STM32F4xx_HAL_Driver/Src/stm32f4xx_hal_tim.o
                0x00000000080079c2                HAL_TIM_TriggerCallback
 *fill*         0x00000000080079d6        0x2 
 .text.TIM_Base_SetConfig
                0x00000000080079d8      0x140 ./Drivers/STM32F4xx_HAL_Driver/Src/stm32f4xx_hal_tim.o
                0x00000000080079d8                TIM_Base_SetConfig
 .text.TIM_TI1_ConfigInputStage
                0x0000000008007b18       0x5e ./Drivers/STM32F4xx_HAL_Driver/Src/stm32f4xx_hal_tim.o
 .text.TIM_TI2_ConfigInputStage
                0x0000000008007b76       0x60 ./Drivers/STM32F4xx_HAL_Driver/Src/stm32f4xx_hal_tim.o
 .text.TIM_ITRx_SetConfig
                0x0000000008007bd6       0x36 ./Drivers/STM32F4xx_HAL_Driver/Src/stm32f4xx_hal_tim.o
 .text.TIM_ETR_SetConfig
                0x0000000008007c0c       0x40 ./Drivers/STM32F4xx_HAL_Driver/Src/stm32f4xx_hal_tim.o
                0x0000000008007c0c                TIM_ETR_SetConfig
 .text.TIM_CCxChannelCmd
                0x0000000008007c4c       0x4a ./Drivers/STM32F4xx_HAL_Driver/Src/stm32f4xx_hal_tim.o
                0x0000000008007c4c                TIM_CCxChannelCmd
 *fill*         0x0000000008007c96        0x2 
 .text.HAL_TIMEx_MasterConfigSynchronization
                0x0000000008007c98       0xf8 ./Drivers/STM32F4xx_HAL_Driver/Src/stm32f4xx_hal_tim_ex.o
                0x0000000008007c98                HAL_TIMEx_MasterConfigSynchronization
 .text.HAL_TIMEx_CommutCallback
                0x0000000008007d90       0x14 ./Drivers/STM32F4xx_HAL_Driver/Src/stm32f4xx_hal_tim_ex.o
                0x0000000008007d90                HAL_TIMEx_CommutCallback
 .text.HAL_TIMEx_BreakCallback
                0x0000000008007da4       0x14 ./Drivers/STM32F4xx_HAL_Driver/Src/stm32f4xx_hal_tim_ex.o
                0x0000000008007da4                HAL_TIMEx_BreakCallback
 .text.__errno  0x0000000008007db8        0xc /opt/st/stm32cubeide_1.12.0/plugins/com.st.stm32cube.ide.mcu.externaltools.gnu-tools-for-stm32.10.3-2021.10.linux64_1.0.200.202301161003/tools/bin/../lib/gcc/arm-none-eabi/10.3.1/../../../../arm-none-eabi/lib/thumb/v7e-m+fp/hard/libc_nano.a(lib_a-errno.o)
                0x0000000008007db8                __errno
 .text.__libc_init_array
                0x0000000008007dc4       0x48 /opt/st/stm32cubeide_1.12.0/plugins/com.st.stm32cube.ide.mcu.externaltools.gnu-tools-for-stm32.10.3-2021.10.linux64_1.0.200.202301161003/tools/bin/../lib/gcc/arm-none-eabi/10.3.1/../../../../arm-none-eabi/lib/thumb/v7e-m+fp/hard/libc_nano.a(lib_a-init.o)
                0x0000000008007dc4                __libc_init_array
 .text.memset   0x0000000008007e0c       0x10 /opt/st/stm32cubeide_1.12.0/plugins/com.st.stm32cube.ide.mcu.externaltools.gnu-tools-for-stm32.10.3-2021.10.linux64_1.0.200.202301161003/tools/bin/../lib/gcc/arm-none-eabi/10.3.1/../../../../arm-none-eabi/lib/thumb/v7e-m+fp/hard/libc_nano.a(lib_a-memset.o)
                0x0000000008007e0c                memset
 .text.printf   0x0000000008007e1c       0x30 /opt/st/stm32cubeide_1.12.0/plugins/com.st.stm32cube.ide.mcu.externaltools.gnu-tools-for-stm32.10.3-2021.10.linux64_1.0.200.202301161003/tools/bin/../lib/gcc/arm-none-eabi/10.3.1/../../../../arm-none-eabi/lib/thumb/v7e-m+fp/hard/libc_nano.a(lib_a-printf.o)
                0x0000000008007e1c                printf
                0x0000000008007e1c                iprintf
 .text._puts_r  0x0000000008007e4c       0xdc /opt/st/stm32cubeide_1.12.0/plugins/com.st.stm32cube.ide.mcu.externaltools.gnu-tools-for-stm32.10.3-2021.10.linux64_1.0.200.202301161003/tools/bin/../lib/gcc/arm-none-eabi/10.3.1/../../../../arm-none-eabi/lib/thumb/v7e-m+fp/hard/libc_nano.a(lib_a-puts.o)
                0x0000000008007e4c                _puts_r
 .text.puts     0x0000000008007f28       0x10 /opt/st/stm32cubeide_1.12.0/plugins/com.st.stm32cube.ide.mcu.externaltools.gnu-tools-for-stm32.10.3-2021.10.linux64_1.0.200.202301161003/tools/bin/../lib/gcc/arm-none-eabi/10.3.1/../../../../arm-none-eabi/lib/thumb/v7e-m+fp/hard/libc_nano.a(lib_a-puts.o)
                0x0000000008007f28                puts
 .text.__swbuf_r
                0x0000000008007f38       0xa4 /opt/st/stm32cubeide_1.12.0/plugins/com.st.stm32cube.ide.mcu.externaltools.gnu-tools-for-stm32.10.3-2021.10.linux64_1.0.200.202301161003/tools/bin/../lib/gcc/arm-none-eabi/10.3.1/../../../../arm-none-eabi/lib/thumb/v7e-m+fp/hard/libc_nano.a(lib_a-wbuf.o)
                0x0000000008007f38                __swbuf_r
 .text.__swsetup_r
                0x0000000008007fdc       0xdc /opt/st/stm32cubeide_1.12.0/plugins/com.st.stm32cube.ide.mcu.externaltools.gnu-tools-for-stm32.10.3-2021.10.linux64_1.0.200.202301161003/tools/bin/../lib/gcc/arm-none-eabi/10.3.1/../../../../arm-none-eabi/lib/thumb/v7e-m+fp/hard/libc_nano.a(lib_a-wsetup.o)
                0x0000000008007fdc                __swsetup_r
 .text.__sflush_r
                0x00000000080080b8      0x10c /opt/st/stm32cubeide_1.12.0/plugins/com.st.stm32cube.ide.mcu.externaltools.gnu-tools-for-stm32.10.3-2021.10.linux64_1.0.200.202301161003/tools/bin/../lib/gcc/arm-none-eabi/10.3.1/../../../../arm-none-eabi/lib/thumb/v7e-m+fp/hard/libc_nano.a(lib_a-fflush.o)
                0x00000000080080b8                __sflush_r
 .text._fflush_r
                0x00000000080081c4       0x78 /opt/st/stm32cubeide_1.12.0/plugins/com.st.stm32cube.ide.mcu.externaltools.gnu-tools-for-stm32.10.3-2021.10.linux64_1.0.200.202301161003/tools/bin/../lib/gcc/arm-none-eabi/10.3.1/../../../../arm-none-eabi/lib/thumb/v7e-m+fp/hard/libc_nano.a(lib_a-fflush.o)
                0x00000000080081c4                _fflush_r
 .text.std      0x000000000800823c       0x48 /opt/st/stm32cubeide_1.12.0/plugins/com.st.stm32cube.ide.mcu.externaltools.gnu-tools-for-stm32.10.3-2021.10.linux64_1.0.200.202301161003/tools/bin/../lib/gcc/arm-none-eabi/10.3.1/../../../../arm-none-eabi/lib/thumb/v7e-m+fp/hard/libc_nano.a(lib_a-findfp.o)
 .text._cleanup_r
                0x0000000008008284        0xc /opt/st/stm32cubeide_1.12.0/plugins/com.st.stm32cube.ide.mcu.externaltools.gnu-tools-for-stm32.10.3-2021.10.linux64_1.0.200.202301161003/tools/bin/../lib/gcc/arm-none-eabi/10.3.1/../../../../arm-none-eabi/lib/thumb/v7e-m+fp/hard/libc_nano.a(lib_a-findfp.o)
                0x0000000008008284                _cleanup_r
 .text.__sfmoreglue
                0x0000000008008290       0x2c /opt/st/stm32cubeide_1.12.0/plugins/com.st.stm32cube.ide.mcu.externaltools.gnu-tools-for-stm32.10.3-2021.10.linux64_1.0.200.202301161003/tools/bin/../lib/gcc/arm-none-eabi/10.3.1/../../../../arm-none-eabi/lib/thumb/v7e-m+fp/hard/libc_nano.a(lib_a-findfp.o)
                0x0000000008008290                __sfmoreglue
 .text.__sfp_lock_acquire
                0x00000000080082bc        0xc /opt/st/stm32cubeide_1.12.0/plugins/com.st.stm32cube.ide.mcu.externaltools.gnu-tools-for-stm32.10.3-2021.10.linux64_1.0.200.202301161003/tools/bin/../lib/gcc/arm-none-eabi/10.3.1/../../../../arm-none-eabi/lib/thumb/v7e-m+fp/hard/libc_nano.a(lib_a-findfp.o)
                0x00000000080082bc                __sfp_lock_acquire
 .text.__sfp_lock_release
                0x00000000080082c8        0xc /opt/st/stm32cubeide_1.12.0/plugins/com.st.stm32cube.ide.mcu.externaltools.gnu-tools-for-stm32.10.3-2021.10.linux64_1.0.200.202301161003/tools/bin/../lib/gcc/arm-none-eabi/10.3.1/../../../../arm-none-eabi/lib/thumb/v7e-m+fp/hard/libc_nano.a(lib_a-findfp.o)
                0x00000000080082c8                __sfp_lock_release
 .text.__sinit_lock_acquire
                0x00000000080082d4        0xc /opt/st/stm32cubeide_1.12.0/plugins/com.st.stm32cube.ide.mcu.externaltools.gnu-tools-for-stm32.10.3-2021.10.linux64_1.0.200.202301161003/tools/bin/../lib/gcc/arm-none-eabi/10.3.1/../../../../arm-none-eabi/lib/thumb/v7e-m+fp/hard/libc_nano.a(lib_a-findfp.o)
                0x00000000080082d4                __sinit_lock_acquire
 .text.__sinit_lock_release
                0x00000000080082e0        0xc /opt/st/stm32cubeide_1.12.0/plugins/com.st.stm32cube.ide.mcu.externaltools.gnu-tools-for-stm32.10.3-2021.10.linux64_1.0.200.202301161003/tools/bin/../lib/gcc/arm-none-eabi/10.3.1/../../../../arm-none-eabi/lib/thumb/v7e-m+fp/hard/libc_nano.a(lib_a-findfp.o)
                0x00000000080082e0                __sinit_lock_release
 .text.__sinit  0x00000000080082ec       0x70 /opt/st/stm32cubeide_1.12.0/plugins/com.st.stm32cube.ide.mcu.externaltools.gnu-tools-for-stm32.10.3-2021.10.linux64_1.0.200.202301161003/tools/bin/../lib/gcc/arm-none-eabi/10.3.1/../../../../arm-none-eabi/lib/thumb/v7e-m+fp/hard/libc_nano.a(lib_a-findfp.o)
                0x00000000080082ec                __sinit
 .text.__sfp    0x000000000800835c       0x8c /opt/st/stm32cubeide_1.12.0/plugins/com.st.stm32cube.ide.mcu.externaltools.gnu-tools-for-stm32.10.3-2021.10.linux64_1.0.200.202301161003/tools/bin/../lib/gcc/arm-none-eabi/10.3.1/../../../../arm-none-eabi/lib/thumb/v7e-m+fp/hard/libc_nano.a(lib_a-findfp.o)
                0x000000000800835c                __sfp
 .text._fwalk_reent
                0x00000000080083e8       0x3e /opt/st/stm32cubeide_1.12.0/plugins/com.st.stm32cube.ide.mcu.externaltools.gnu-tools-for-stm32.10.3-2021.10.linux64_1.0.200.202301161003/tools/bin/../lib/gcc/arm-none-eabi/10.3.1/../../../../arm-none-eabi/lib/thumb/v7e-m+fp/hard/libc_nano.a(lib_a-fwalk.o)
                0x00000000080083e8                _fwalk_reent
 .text.__retarget_lock_init_recursive
                0x0000000008008426        0x2 /opt/st/stm32cubeide_1.12.0/plugins/com.st.stm32cube.ide.mcu.externaltools.gnu-tools-for-stm32.10.3-2021.10.linux64_1.0.200.202301161003/tools/bin/../lib/gcc/arm-none-eabi/10.3.1/../../../../arm-none-eabi/lib/thumb/v7e-m+fp/hard/libc_nano.a(lib_a-lock.o)
                0x0000000008008426                __retarget_lock_init_recursive
 .text.__retarget_lock_acquire_recursive
                0x0000000008008428        0x2 /opt/st/stm32cubeide_1.12.0/plugins/com.st.stm32cube.ide.mcu.externaltools.gnu-tools-for-stm32.10.3-2021.10.linux64_1.0.200.202301161003/tools/bin/../lib/gcc/arm-none-eabi/10.3.1/../../../../arm-none-eabi/lib/thumb/v7e-m+fp/hard/libc_nano.a(lib_a-lock.o)
                0x0000000008008428                __retarget_lock_acquire_recursive
 .text.__retarget_lock_release_recursive
                0x000000000800842a        0x2 /opt/st/stm32cubeide_1.12.0/plugins/com.st.stm32cube.ide.mcu.externaltools.gnu-tools-for-stm32.10.3-2021.10.linux64_1.0.200.202301161003/tools/bin/../lib/gcc/arm-none-eabi/10.3.1/../../../../arm-none-eabi/lib/thumb/v7e-m+fp/hard/libc_nano.a(lib_a-lock.o)
                0x000000000800842a                __retarget_lock_release_recursive
 .text.__swhatbuf_r
                0x000000000800842c       0x4a /opt/st/stm32cubeide_1.12.0/plugins/com.st.stm32cube.ide.mcu.externaltools.gnu-tools-for-stm32.10.3-2021.10.linux64_1.0.200.202301161003/tools/bin/../lib/gcc/arm-none-eabi/10.3.1/../../../../arm-none-eabi/lib/thumb/v7e-m+fp/hard/libc_nano.a(lib_a-makebuf.o)
                0x000000000800842c                __swhatbuf_r
 *fill*         0x0000000008008476        0x2 
 .text.__smakebuf_r
                0x0000000008008478       0x80 /opt/st/stm32cubeide_1.12.0/plugins/com.st.stm32cube.ide.mcu.externaltools.gnu-tools-for-stm32.10.3-2021.10.linux64_1.0.200.202301161003/tools/bin/../lib/gcc/arm-none-eabi/10.3.1/../../../../arm-none-eabi/lib/thumb/v7e-m+fp/hard/libc_nano.a(lib_a-makebuf.o)
                0x0000000008008478                __smakebuf_r
 .text._free_r  0x00000000080084f8       0x98 /opt/st/stm32cubeide_1.12.0/plugins/com.st.stm32cube.ide.mcu.externaltools.gnu-tools-for-stm32.10.3-2021.10.linux64_1.0.200.202301161003/tools/bin/../lib/gcc/arm-none-eabi/10.3.1/../../../../arm-none-eabi/lib/thumb/v7e-m+fp/hard/libc_nano.a(lib_a-nano-freer.o)
                0x00000000080084f8                _free_r
 .text.sbrk_aligned
                0x0000000008008590       0x40 /opt/st/stm32cubeide_1.12.0/plugins/com.st.stm32cube.ide.mcu.externaltools.gnu-tools-for-stm32.10.3-2021.10.linux64_1.0.200.202301161003/tools/bin/../lib/gcc/arm-none-eabi/10.3.1/../../../../arm-none-eabi/lib/thumb/v7e-m+fp/hard/libc_nano.a(lib_a-nano-mallocr.o)
 .text._malloc_r
                0x00000000080085d0       0xe8 /opt/st/stm32cubeide_1.12.0/plugins/com.st.stm32cube.ide.mcu.externaltools.gnu-tools-for-stm32.10.3-2021.10.linux64_1.0.200.202301161003/tools/bin/../lib/gcc/arm-none-eabi/10.3.1/../../../../arm-none-eabi/lib/thumb/v7e-m+fp/hard/libc_nano.a(lib_a-nano-mallocr.o)
                0x00000000080085d0                _malloc_r
 .text.__sfputc_r
                0x00000000080086b8       0x2e /opt/st/stm32cubeide_1.12.0/plugins/com.st.stm32cube.ide.mcu.externaltools.gnu-tools-for-stm32.10.3-2021.10.linux64_1.0.200.202301161003/tools/bin/../lib/gcc/arm-none-eabi/10.3.1/../../../../arm-none-eabi/lib/thumb/v7e-m+fp/hard/libc_nano.a(lib_a-nano-vfprintf.o)
 .text.__sfputs_r
                0x00000000080086e6       0x24 /opt/st/stm32cubeide_1.12.0/plugins/com.st.stm32cube.ide.mcu.externaltools.gnu-tools-for-stm32.10.3-2021.10.linux64_1.0.200.202301161003/tools/bin/../lib/gcc/arm-none-eabi/10.3.1/../../../../arm-none-eabi/lib/thumb/v7e-m+fp/hard/libc_nano.a(lib_a-nano-vfprintf.o)
                0x00000000080086e6                __sfputs_r
 *fill*         0x000000000800870a        0x2 
 .text._vfprintf_r
                0x000000000800870c      0x260 /opt/st/stm32cubeide_1.12.0/plugins/com.st.stm32cube.ide.mcu.externaltools.gnu-tools-for-stm32.10.3-2021.10.linux64_1.0.200.202301161003/tools/bin/../lib/gcc/arm-none-eabi/10.3.1/../../../../arm-none-eabi/lib/thumb/v7e-m+fp/hard/libc_nano.a(lib_a-nano-vfprintf.o)
                0x000000000800870c                _vfiprintf_r
                0x000000000800870c                _vfprintf_r
 .text._printf_common
                0x000000000800896c       0xda /opt/st/stm32cubeide_1.12.0/plugins/com.st.stm32cube.ide.mcu.externaltools.gnu-tools-for-stm32.10.3-2021.10.linux64_1.0.200.202301161003/tools/bin/../lib/gcc/arm-none-eabi/10.3.1/../../../../arm-none-eabi/lib/thumb/v7e-m+fp/hard/libc_nano.a(lib_a-nano-vfprintf_i.o)
                0x000000000800896c                _printf_common
 *fill*         0x0000000008008a46        0x2 
 .text._printf_i
                0x0000000008008a48      0x24c /opt/st/stm32cubeide_1.12.0/plugins/com.st.stm32cube.ide.mcu.externaltools.gnu-tools-for-stm32.10.3-2021.10.linux64_1.0.200.202301161003/tools/bin/../lib/gcc/arm-none-eabi/10.3.1/../../../../arm-none-eabi/lib/thumb/v7e-m+fp/hard/libc_nano.a(lib_a-nano-vfprintf_i.o)
                0x0000000008008a48                _printf_i
 .text._sbrk_r  0x0000000008008c94       0x20 /opt/st/stm32cubeide_1.12.0/plugins/com.st.stm32cube.ide.mcu.externaltools.gnu-tools-for-stm32.10.3-2021.10.linux64_1.0.200.202301161003/tools/bin/../lib/gcc/arm-none-eabi/10.3.1/../../../../arm-none-eabi/lib/thumb/v7e-m+fp/hard/libc_nano.a(lib_a-sbrkr.o)
                0x0000000008008c94                _sbrk_r
 .text.__sread  0x0000000008008cb4       0x22 /opt/st/stm32cubeide_1.12.0/plugins/com.st.stm32cube.ide.mcu.externaltools.gnu-tools-for-stm32.10.3-2021.10.linux64_1.0.200.202301161003/tools/bin/../lib/gcc/arm-none-eabi/10.3.1/../../../../arm-none-eabi/lib/thumb/v7e-m+fp/hard/libc_nano.a(lib_a-stdio.o)
                0x0000000008008cb4                __sread
 .text.__swrite
                0x0000000008008cd6       0x38 /opt/st/stm32cubeide_1.12.0/plugins/com.st.stm32cube.ide.mcu.externaltools.gnu-tools-for-stm32.10.3-2021.10.linux64_1.0.200.202301161003/tools/bin/../lib/gcc/arm-none-eabi/10.3.1/../../../../arm-none-eabi/lib/thumb/v7e-m+fp/hard/libc_nano.a(lib_a-stdio.o)
                0x0000000008008cd6                __swrite
 .text.__sseek  0x0000000008008d0e       0x24 /opt/st/stm32cubeide_1.12.0/plugins/com.st.stm32cube.ide.mcu.externaltools.gnu-tools-for-stm32.10.3-2021.10.linux64_1.0.200.202301161003/tools/bin/../lib/gcc/arm-none-eabi/10.3.1/../../../../arm-none-eabi/lib/thumb/v7e-m+fp/hard/libc_nano.a(lib_a-stdio.o)
                0x0000000008008d0e                __sseek
 .text.__sclose
                0x0000000008008d32        0x8 /opt/st/stm32cubeide_1.12.0/plugins/com.st.stm32cube.ide.mcu.externaltools.gnu-tools-for-stm32.10.3-2021.10.linux64_1.0.200.202301161003/tools/bin/../lib/gcc/arm-none-eabi/10.3.1/../../../../arm-none-eabi/lib/thumb/v7e-m+fp/hard/libc_nano.a(lib_a-stdio.o)
                0x0000000008008d32                __sclose
 *fill*         0x0000000008008d3a        0x2 
 .text._write_r
                0x0000000008008d3c       0x24 /opt/st/stm32cubeide_1.12.0/plugins/com.st.stm32cube.ide.mcu.externaltools.gnu-tools-for-stm32.10.3-2021.10.linux64_1.0.200.202301161003/tools/bin/../lib/gcc/arm-none-eabi/10.3.1/../../../../arm-none-eabi/lib/thumb/v7e-m+fp/hard/libc_nano.a(lib_a-writer.o)
                0x0000000008008d3c                _write_r
 .text._close_r
                0x0000000008008d60       0x20 /opt/st/stm32cubeide_1.12.0/plugins/com.st.stm32cube.ide.mcu.externaltools.gnu-tools-for-stm32.10.3-2021.10.linux64_1.0.200.202301161003/tools/bin/../lib/gcc/arm-none-eabi/10.3.1/../../../../arm-none-eabi/lib/thumb/v7e-m+fp/hard/libc_nano.a(lib_a-closer.o)
                0x0000000008008d60                _close_r
 .text._fstat_r
                0x0000000008008d80       0x24 /opt/st/stm32cubeide_1.12.0/plugins/com.st.stm32cube.ide.mcu.externaltools.gnu-tools-for-stm32.10.3-2021.10.linux64_1.0.200.202301161003/tools/bin/../lib/gcc/arm-none-eabi/10.3.1/../../../../arm-none-eabi/lib/thumb/v7e-m+fp/hard/libc_nano.a(lib_a-fstatr.o)
                0x0000000008008d80                _fstat_r
 .text._isatty_r
                0x0000000008008da4       0x20 /opt/st/stm32cubeide_1.12.0/plugins/com.st.stm32cube.ide.mcu.externaltools.gnu-tools-for-stm32.10.3-2021.10.linux64_1.0.200.202301161003/tools/bin/../lib/gcc/arm-none-eabi/10.3.1/../../../../arm-none-eabi/lib/thumb/v7e-m+fp/hard/libc_nano.a(lib_a-isattyr.o)
                0x0000000008008da4                _isatty_r
 .text._lseek_r
                0x0000000008008dc4       0x24 /opt/st/stm32cubeide_1.12.0/plugins/com.st.stm32cube.ide.mcu.externaltools.gnu-tools-for-stm32.10.3-2021.10.linux64_1.0.200.202301161003/tools/bin/../lib/gcc/arm-none-eabi/10.3.1/../../../../arm-none-eabi/lib/thumb/v7e-m+fp/hard/libc_nano.a(lib_a-lseekr.o)
                0x0000000008008dc4                _lseek_r
 .text.__malloc_lock
                0x0000000008008de8        0xc /opt/st/stm32cubeide_1.12.0/plugins/com.st.stm32cube.ide.mcu.externaltools.gnu-tools-for-stm32.10.3-2021.10.linux64_1.0.200.202301161003/tools/bin/../lib/gcc/arm-none-eabi/10.3.1/../../../../arm-none-eabi/lib/thumb/v7e-m+fp/hard/libc_nano.a(lib_a-mlock.o)
                0x0000000008008de8                __malloc_lock
 .text.__malloc_unlock
                0x0000000008008df4        0xc /opt/st/stm32cubeide_1.12.0/plugins/com.st.stm32cube.ide.mcu.externaltools.gnu-tools-for-stm32.10.3-2021.10.linux64_1.0.200.202301161003/tools/bin/../lib/gcc/arm-none-eabi/10.3.1/../../../../arm-none-eabi/lib/thumb/v7e-m+fp/hard/libc_nano.a(lib_a-mlock.o)
                0x0000000008008df4                __malloc_unlock
 .text._read_r  0x0000000008008e00       0x24 /opt/st/stm32cubeide_1.12.0/plugins/com.st.stm32cube.ide.mcu.externaltools.gnu-tools-for-stm32.10.3-2021.10.linux64_1.0.200.202301161003/tools/bin/../lib/gcc/arm-none-eabi/10.3.1/../../../../arm-none-eabi/lib/thumb/v7e-m+fp/hard/libc_nano.a(lib_a-readr.o)
                0x0000000008008e00                _read_r
 .text.cosf     0x0000000008008e24       0x88 /opt/st/stm32cubeide_1.12.0/plugins/com.st.stm32cube.ide.mcu.externaltools.gnu-tools-for-stm32.10.3-2021.10.linux64_1.0.200.202301161003/tools/bin/../lib/gcc/arm-none-eabi/10.3.1/../../../../arm-none-eabi/lib/thumb/v7e-m+fp/hard/libm.a(lib_a-sf_cos.o)
                0x0000000008008e24                cosf
 .text.sinf     0x0000000008008eac       0x8c /opt/st/stm32cubeide_1.12.0/plugins/com.st.stm32cube.ide.mcu.externaltools.gnu-tools-for-stm32.10.3-2021.10.linux64_1.0.200.202301161003/tools/bin/../lib/gcc/arm-none-eabi/10.3.1/../../../../arm-none-eabi/lib/thumb/v7e-m+fp/hard/libm.a(lib_a-sf_sin.o)
                0x0000000008008eac                sinf
 .text.atan2    0x0000000008008f38        0x4 /opt/st/stm32cubeide_1.12.0/plugins/com.st.stm32cube.ide.mcu.externaltools.gnu-tools-for-stm32.10.3-2021.10.linux64_1.0.200.202301161003/tools/bin/../lib/gcc/arm-none-eabi/10.3.1/../../../../arm-none-eabi/lib/thumb/v7e-m+fp/hard/libm.a(lib_a-w_atan2.o)
                0x0000000008008f38                atan2
 *fill*         0x0000000008008f3c        0x4 
 .text.__ieee754_atan2
                0x0000000008008f40      0x194 /opt/st/stm32cubeide_1.12.0/plugins/com.st.stm32cube.ide.mcu.externaltools.gnu-tools-for-stm32.10.3-2021.10.linux64_1.0.200.202301161003/tools/bin/../lib/gcc/arm-none-eabi/10.3.1/../../../../arm-none-eabi/lib/thumb/v7e-m+fp/hard/libm.a(lib_a-e_atan2.o)
                0x0000000008008f40                __ieee754_atan2
 .text.__ieee754_rem_pio2f
                0x00000000080090d4      0x278 /opt/st/stm32cubeide_1.12.0/plugins/com.st.stm32cube.ide.mcu.externaltools.gnu-tools-for-stm32.10.3-2021.10.linux64_1.0.200.202301161003/tools/bin/../lib/gcc/arm-none-eabi/10.3.1/../../../../arm-none-eabi/lib/thumb/v7e-m+fp/hard/libm.a(lib_a-ef_rem_pio2.o)
                0x00000000080090d4                __ieee754_rem_pio2f
 .text.__kernel_cosf
                0x000000000800934c       0xc0 /opt/st/stm32cubeide_1.12.0/plugins/com.st.stm32cube.ide.mcu.externaltools.gnu-tools-for-stm32.10.3-2021.10.linux64_1.0.200.202301161003/tools/bin/../lib/gcc/arm-none-eabi/10.3.1/../../../../arm-none-eabi/lib/thumb/v7e-m+fp/hard/libm.a(lib_a-kf_cos.o)
                0x000000000800934c                __kernel_cosf
 .text.__kernel_rem_pio2f
                0x000000000800940c      0x4ec /opt/st/stm32cubeide_1.12.0/plugins/com.st.stm32cube.ide.mcu.externaltools.gnu-tools-for-stm32.10.3-2021.10.linux64_1.0.200.202301161003/tools/bin/../lib/gcc/arm-none-eabi/10.3.1/../../../../arm-none-eabi/lib/thumb/v7e-m+fp/hard/libm.a(lib_a-kf_rem_pio2.o)
                0x000000000800940c                __kernel_rem_pio2f
 .text.__kernel_sinf
                0x00000000080098f8       0x90 /opt/st/stm32cubeide_1.12.0/plugins/com.st.stm32cube.ide.mcu.externaltools.gnu-tools-for-stm32.10.3-2021.10.linux64_1.0.200.202301161003/tools/bin/../lib/gcc/arm-none-eabi/10.3.1/../../../../arm-none-eabi/lib/thumb/v7e-m+fp/hard/libm.a(lib_a-kf_sin.o)
                0x00000000080098f8                __kernel_sinf
 .text.atan     0x0000000008009988      0x340 /opt/st/stm32cubeide_1.12.0/plugins/com.st.stm32cube.ide.mcu.externaltools.gnu-tools-for-stm32.10.3-2021.10.linux64_1.0.200.202301161003/tools/bin/../lib/gcc/arm-none-eabi/10.3.1/../../../../arm-none-eabi/lib/thumb/v7e-m+fp/hard/libm.a(lib_a-s_atan.o)
                0x0000000008009988                atan
 .text.fabs     0x0000000008009cc8       0x12 /opt/st/stm32cubeide_1.12.0/plugins/com.st.stm32cube.ide.mcu.externaltools.gnu-tools-for-stm32.10.3-2021.10.linux64_1.0.200.202301161003/tools/bin/../lib/gcc/arm-none-eabi/10.3.1/../../../../arm-none-eabi/lib/thumb/v7e-m+fp/hard/libm.a(lib_a-s_fabs.o)
                0x0000000008009cc8                fabs
 .text.fabsf    0x0000000008009cda        0xe /opt/st/stm32cubeide_1.12.0/plugins/com.st.stm32cube.ide.mcu.externaltools.gnu-tools-for-stm32.10.3-2021.10.linux64_1.0.200.202301161003/tools/bin/../lib/gcc/arm-none-eabi/10.3.1/../../../../arm-none-eabi/lib/thumb/v7e-m+fp/hard/libm.a(lib_a-sf_fabs.o)
                0x0000000008009cda                fabsf
 .text.floorf   0x0000000008009ce8       0x84 /opt/st/stm32cubeide_1.12.0/plugins/com.st.stm32cube.ide.mcu.externaltools.gnu-tools-for-stm32.10.3-2021.10.linux64_1.0.200.202301161003/tools/bin/../lib/gcc/arm-none-eabi/10.3.1/../../../../arm-none-eabi/lib/thumb/v7e-m+fp/hard/libm.a(lib_a-sf_floor.o)
                0x0000000008009ce8                floorf
 .text.scalbnf  0x0000000008009d6c       0xe4 /opt/st/stm32cubeide_1.12.0/plugins/com.st.stm32cube.ide.mcu.externaltools.gnu-tools-for-stm32.10.3-2021.10.linux64_1.0.200.202301161003/tools/bin/../lib/gcc/arm-none-eabi/10.3.1/../../../../arm-none-eabi/lib/thumb/v7e-m+fp/hard/libm.a(lib_a-sf_scalbn.o)
                0x0000000008009d6c                scalbnf
 *(.glue_7)
 .glue_7        0x0000000008009e50        0x0 linker stubs
 *(.glue_7t)
 .glue_7t       0x0000000008009e50        0x0 linker stubs
 *(.eh_frame)
 .eh_frame      0x0000000008009e50        0x0 /opt/st/stm32cubeide_1.12.0/plugins/com.st.stm32cube.ide.mcu.externaltools.gnu-tools-for-stm32.10.3-2021.10.linux64_1.0.200.202301161003/tools/bin/../lib/gcc/arm-none-eabi/10.3.1/thumb/v7e-m+fp/hard/crtbegin.o
 *(.init)
 .init          0x0000000008009e50        0x4 /opt/st/stm32cubeide_1.12.0/plugins/com.st.stm32cube.ide.mcu.externaltools.gnu-tools-for-stm32.10.3-2021.10.linux64_1.0.200.202301161003/tools/bin/../lib/gcc/arm-none-eabi/10.3.1/thumb/v7e-m+fp/hard/crti.o
                0x0000000008009e50                _init
 .init          0x0000000008009e54        0x8 /opt/st/stm32cubeide_1.12.0/plugins/com.st.stm32cube.ide.mcu.externaltools.gnu-tools-for-stm32.10.3-2021.10.linux64_1.0.200.202301161003/tools/bin/../lib/gcc/arm-none-eabi/10.3.1/thumb/v7e-m+fp/hard/crtn.o
 *(.fini)
 .fini          0x0000000008009e5c        0x4 /opt/st/stm32cubeide_1.12.0/plugins/com.st.stm32cube.ide.mcu.externaltools.gnu-tools-for-stm32.10.3-2021.10.linux64_1.0.200.202301161003/tools/bin/../lib/gcc/arm-none-eabi/10.3.1/thumb/v7e-m+fp/hard/crti.o
                0x0000000008009e5c                _fini
 .fini          0x0000000008009e60        0x8 /opt/st/stm32cubeide_1.12.0/plugins/com.st.stm32cube.ide.mcu.externaltools.gnu-tools-for-stm32.10.3-2021.10.linux64_1.0.200.202301161003/tools/bin/../lib/gcc/arm-none-eabi/10.3.1/thumb/v7e-m+fp/hard/crtn.o
                0x0000000008009e68                . = ALIGN (0x4)
                0x0000000008009e68                _etext = .

.vfp11_veneer   0x0000000008009e68        0x0
 .vfp11_veneer  0x0000000008009e68        0x0 linker stubs

.v4_bx          0x0000000008009e68        0x0
 .v4_bx         0x0000000008009e68        0x0 linker stubs

.iplt           0x0000000008009e68        0x0
 .iplt          0x0000000008009e68        0x0 /opt/st/stm32cubeide_1.12.0/plugins/com.st.stm32cube.ide.mcu.externaltools.gnu-tools-for-stm32.10.3-2021.10.linux64_1.0.200.202301161003/tools/bin/../lib/gcc/arm-none-eabi/10.3.1/thumb/v7e-m+fp/hard/crtbegin.o

.rodata         0x0000000008009e68      0x738
                0x0000000008009e68                . = ALIGN (0x4)
 *(.rodata)
 .rodata        0x0000000008009e68       0x3b ./Core/Src/bno055.o
 *fill*         0x0000000008009ea3        0x1 
 .rodata        0x0000000008009ea4      0x1fd ./Core/Src/main.o
 *(.rodata*)
 *fill*         0x000000000800a0a1        0x3 
 .rodata.AHBPrescTable
                0x000000000800a0a4       0x10 ./Core/Src/system_stm32f4xx.o
                0x000000000800a0a4                AHBPrescTable
 .rodata.APBPrescTable
                0x000000000800a0b4        0x8 ./Core/Src/system_stm32f4xx.o
                0x000000000800a0b4                APBPrescTable
 .rodata.flagBitshiftOffset.0
                0x000000000800a0bc        0x8 ./Drivers/STM32F4xx_HAL_Driver/Src/stm32f4xx_hal_dma.o
 .rodata._global_impure_ptr
                0x000000000800a0c4        0x4 /opt/st/stm32cubeide_1.12.0/plugins/com.st.stm32cube.ide.mcu.externaltools.gnu-tools-for-stm32.10.3-2021.10.linux64_1.0.200.202301161003/tools/bin/../lib/gcc/arm-none-eabi/10.3.1/../../../../arm-none-eabi/lib/thumb/v7e-m+fp/hard/libc_nano.a(lib_a-impure.o)
                0x000000000800a0c4                _global_impure_ptr
 .rodata.__sf_fake_stderr
                0x000000000800a0c8       0x20 /opt/st/stm32cubeide_1.12.0/plugins/com.st.stm32cube.ide.mcu.externaltools.gnu-tools-for-stm32.10.3-2021.10.linux64_1.0.200.202301161003/tools/bin/../lib/gcc/arm-none-eabi/10.3.1/../../../../arm-none-eabi/lib/thumb/v7e-m+fp/hard/libc_nano.a(lib_a-findfp.o)
                0x000000000800a0c8                __sf_fake_stderr
 .rodata.__sf_fake_stdin
                0x000000000800a0e8       0x20 /opt/st/stm32cubeide_1.12.0/plugins/com.st.stm32cube.ide.mcu.externaltools.gnu-tools-for-stm32.10.3-2021.10.linux64_1.0.200.202301161003/tools/bin/../lib/gcc/arm-none-eabi/10.3.1/../../../../arm-none-eabi/lib/thumb/v7e-m+fp/hard/libc_nano.a(lib_a-findfp.o)
                0x000000000800a0e8                __sf_fake_stdin
 .rodata.__sf_fake_stdout
                0x000000000800a108       0x20 /opt/st/stm32cubeide_1.12.0/plugins/com.st.stm32cube.ide.mcu.externaltools.gnu-tools-for-stm32.10.3-2021.10.linux64_1.0.200.202301161003/tools/bin/../lib/gcc/arm-none-eabi/10.3.1/../../../../arm-none-eabi/lib/thumb/v7e-m+fp/hard/libc_nano.a(lib_a-findfp.o)
                0x000000000800a108                __sf_fake_stdout
 .rodata._vfprintf_r.str1.1
                0x000000000800a128       0x11 /opt/st/stm32cubeide_1.12.0/plugins/com.st.stm32cube.ide.mcu.externaltools.gnu-tools-for-stm32.10.3-2021.10.linux64_1.0.200.202301161003/tools/bin/../lib/gcc/arm-none-eabi/10.3.1/../../../../arm-none-eabi/lib/thumb/v7e-m+fp/hard/libc_nano.a(lib_a-nano-vfprintf.o)
 .rodata._printf_i.str1.1
                0x000000000800a139       0x22 /opt/st/stm32cubeide_1.12.0/plugins/com.st.stm32cube.ide.mcu.externaltools.gnu-tools-for-stm32.10.3-2021.10.linux64_1.0.200.202301161003/tools/bin/../lib/gcc/arm-none-eabi/10.3.1/../../../../arm-none-eabi/lib/thumb/v7e-m+fp/hard/libc_nano.a(lib_a-nano-vfprintf_i.o)
 *fill*         0x000000000800a15b        0x5 
 .rodata.CSWTCH.8
                0x000000000800a160       0x18 /opt/st/stm32cubeide_1.12.0/plugins/com.st.stm32cube.ide.mcu.externaltools.gnu-tools-for-stm32.10.3-2021.10.linux64_1.0.200.202301161003/tools/bin/../lib/gcc/arm-none-eabi/10.3.1/../../../../arm-none-eabi/lib/thumb/v7e-m+fp/hard/libm.a(lib_a-e_atan2.o)
 .rodata.CSWTCH.9
                0x000000000800a178       0x18 /opt/st/stm32cubeide_1.12.0/plugins/com.st.stm32cube.ide.mcu.externaltools.gnu-tools-for-stm32.10.3-2021.10.linux64_1.0.200.202301161003/tools/bin/../lib/gcc/arm-none-eabi/10.3.1/../../../../arm-none-eabi/lib/thumb/v7e-m+fp/hard/libm.a(lib_a-e_atan2.o)
 .rodata.npio2_hw
                0x000000000800a190       0x80 /opt/st/stm32cubeide_1.12.0/plugins/com.st.stm32cube.ide.mcu.externaltools.gnu-tools-for-stm32.10.3-2021.10.linux64_1.0.200.202301161003/tools/bin/../lib/gcc/arm-none-eabi/10.3.1/../../../../arm-none-eabi/lib/thumb/v7e-m+fp/hard/libm.a(lib_a-ef_rem_pio2.o)
 .rodata.two_over_pi
                0x000000000800a210      0x318 /opt/st/stm32cubeide_1.12.0/plugins/com.st.stm32cube.ide.mcu.externaltools.gnu-tools-for-stm32.10.3-2021.10.linux64_1.0.200.202301161003/tools/bin/../lib/gcc/arm-none-eabi/10.3.1/../../../../arm-none-eabi/lib/thumb/v7e-m+fp/hard/libm.a(lib_a-ef_rem_pio2.o)
 .rodata.PIo2   0x000000000800a528       0x2c /opt/st/stm32cubeide_1.12.0/plugins/com.st.stm32cube.ide.mcu.externaltools.gnu-tools-for-stm32.10.3-2021.10.linux64_1.0.200.202301161003/tools/bin/../lib/gcc/arm-none-eabi/10.3.1/../../../../arm-none-eabi/lib/thumb/v7e-m+fp/hard/libm.a(lib_a-kf_rem_pio2.o)
 .rodata.init_jk
                0x000000000800a554        0xc /opt/st/stm32cubeide_1.12.0/plugins/com.st.stm32cube.ide.mcu.externaltools.gnu-tools-for-stm32.10.3-2021.10.linux64_1.0.200.202301161003/tools/bin/../lib/gcc/arm-none-eabi/10.3.1/../../../../arm-none-eabi/lib/thumb/v7e-m+fp/hard/libm.a(lib_a-kf_rem_pio2.o)
 .rodata.atanhi
                0x000000000800a560       0x20 /opt/st/stm32cubeide_1.12.0/plugins/com.st.stm32cube.ide.mcu.externaltools.gnu-tools-for-stm32.10.3-2021.10.linux64_1.0.200.202301161003/tools/bin/../lib/gcc/arm-none-eabi/10.3.1/../../../../arm-none-eabi/lib/thumb/v7e-m+fp/hard/libm.a(lib_a-s_atan.o)
 .rodata.atanlo
                0x000000000800a580       0x20 /opt/st/stm32cubeide_1.12.0/plugins/com.st.stm32cube.ide.mcu.externaltools.gnu-tools-for-stm32.10.3-2021.10.linux64_1.0.200.202301161003/tools/bin/../lib/gcc/arm-none-eabi/10.3.1/../../../../arm-none-eabi/lib/thumb/v7e-m+fp/hard/libm.a(lib_a-s_atan.o)
                0x000000000800a5a0                . = ALIGN (0x4)

.ARM.extab      0x000000000800a5a0        0x0
                0x000000000800a5a0                . = ALIGN (0x4)
 *(.ARM.extab* .gnu.linkonce.armextab.*)
                0x000000000800a5a0                . = ALIGN (0x4)

.ARM            0x000000000800a5a0        0x8
                0x000000000800a5a0                . = ALIGN (0x4)
                0x000000000800a5a0                __exidx_start = .
 *(.ARM.exidx*)
 .ARM.exidx     0x000000000800a5a0        0x8 /opt/st/stm32cubeide_1.12.0/plugins/com.st.stm32cube.ide.mcu.externaltools.gnu-tools-for-stm32.10.3-2021.10.linux64_1.0.200.202301161003/tools/bin/../lib/gcc/arm-none-eabi/10.3.1/thumb/v7e-m+fp/hard/libgcc.a(_udivmoddi4.o)
                0x000000000800a5a8                __exidx_end = .
                0x000000000800a5a8                . = ALIGN (0x4)

.rel.dyn        0x000000000800a5a8        0x0
 .rel.iplt      0x000000000800a5a8        0x0 /opt/st/stm32cubeide_1.12.0/plugins/com.st.stm32cube.ide.mcu.externaltools.gnu-tools-for-stm32.10.3-2021.10.linux64_1.0.200.202301161003/tools/bin/../lib/gcc/arm-none-eabi/10.3.1/thumb/v7e-m+fp/hard/crtbegin.o

.preinit_array  0x000000000800a5a8        0x0
                0x000000000800a5a8                . = ALIGN (0x4)
                0x000000000800a5a8                PROVIDE (__preinit_array_start = .)
 *(.preinit_array*)
                0x000000000800a5a8                PROVIDE (__preinit_array_end = .)
                0x000000000800a5a8                . = ALIGN (0x4)

.init_array     0x000000000800a5a8        0x4
                0x000000000800a5a8                . = ALIGN (0x4)
                0x000000000800a5a8                PROVIDE (__init_array_start = .)
 *(SORT_BY_NAME(.init_array.*))
 *(.init_array*)
 .init_array    0x000000000800a5a8        0x4 /opt/st/stm32cubeide_1.12.0/plugins/com.st.stm32cube.ide.mcu.externaltools.gnu-tools-for-stm32.10.3-2021.10.linux64_1.0.200.202301161003/tools/bin/../lib/gcc/arm-none-eabi/10.3.1/thumb/v7e-m+fp/hard/crtbegin.o
                0x000000000800a5ac                PROVIDE (__init_array_end = .)
                0x000000000800a5ac                . = ALIGN (0x4)

.fini_array     0x000000000800a5ac        0x4
                0x000000000800a5ac                . = ALIGN (0x4)
                [!provide]                        PROVIDE (__fini_array_start = .)
 *(SORT_BY_NAME(.fini_array.*))
 *(.fini_array*)
 .fini_array    0x000000000800a5ac        0x4 /opt/st/stm32cubeide_1.12.0/plugins/com.st.stm32cube.ide.mcu.externaltools.gnu-tools-for-stm32.10.3-2021.10.linux64_1.0.200.202301161003/tools/bin/../lib/gcc/arm-none-eabi/10.3.1/thumb/v7e-m+fp/hard/crtbegin.o
                [!provide]                        PROVIDE (__fini_array_end = .)
                0x000000000800a5b0                . = ALIGN (0x4)
                0x000000000800a5b0                _sidata = LOADADDR (.data)

.data           0x0000000020000000      0x148 load address 0x000000000800a5b0
                0x0000000020000000                . = ALIGN (0x4)
                0x0000000020000000                _sdata = .
 *(.data)
 *(.data*)
 .data.accelScale
                0x0000000020000000        0x2 ./Core/Src/bno055.o
                0x0000000020000000                accelScale
 .data.angularRateScale
                0x0000000020000002        0x2 ./Core/Src/bno055.o
                0x0000000020000002                angularRateScale
 .data.eulerScale
                0x0000000020000004        0x2 ./Core/Src/bno055.o
                0x0000000020000004                eulerScale
 .data.magScale
                0x0000000020000006        0x2 ./Core/Src/bno055.o
                0x0000000020000006                magScale
 .data.quaScale
                0x0000000020000008        0x2 ./Core/Src/bno055.o
                0x0000000020000008                quaScale
 *fill*         0x000000002000000a        0x2 
 .data.X_enR    0x000000002000000c        0x4 ./Core/Src/main.o
                0x000000002000000c                X_enR
 .data.Output_max
                0x0000000020000010        0x4 ./Core/Src/main.o
                0x0000000020000010                Output_max
 .data.Integral_max
                0x0000000020000014        0x4 ./Core/Src/main.o
                0x0000000020000014                Integral_max
 .data.goal1    0x0000000020000018        0xc ./Core/Src/main.o
                0x0000000020000018                goal1
 .data.goal2    0x0000000020000024        0xc ./Core/Src/main.o
                0x0000000020000024                goal2
 .data.goal3    0x0000000020000030        0xc ./Core/Src/main.o
                0x0000000020000030                goal3
 .data.goal4    0x000000002000003c        0xc ./Core/Src/main.o
                0x000000002000003c                goal4
 .data.goal5    0x0000000020000048        0xc ./Core/Src/main.o
                0x0000000020000048                goal5
 .data.goal6    0x0000000020000054        0xc ./Core/Src/main.o
                0x0000000020000054                goal6
 .data.goal7    0x0000000020000060        0xc ./Core/Src/main.o
                0x0000000020000060                goal7
 *fill*         0x000000002000006c        0x4 
 .data.target_laserx
                0x0000000020000070       0x20 ./Core/Src/main.o
                0x0000000020000070                target_laserx
 .data.target_lasery
                0x0000000020000090       0x48 ./Core/Src/main.o
                0x0000000020000090                target_lasery
 .data.SystemCoreClock
                0x00000000200000d8        0x4 ./Core/Src/system_stm32f4xx.o
                0x00000000200000d8                SystemCoreClock
 .data.uwTickPrio
                0x00000000200000dc        0x4 ./Drivers/STM32F4xx_HAL_Driver/Src/stm32f4xx_hal.o
                0x00000000200000dc                uwTickPrio
 .data.uwTickFreq
                0x00000000200000e0        0x1 ./Drivers/STM32F4xx_HAL_Driver/Src/stm32f4xx_hal.o
                0x00000000200000e0                uwTickFreq
 *fill*         0x00000000200000e1        0x3 
 .data._impure_ptr
                0x00000000200000e4        0x4 /opt/st/stm32cubeide_1.12.0/plugins/com.st.stm32cube.ide.mcu.externaltools.gnu-tools-for-stm32.10.3-2021.10.linux64_1.0.200.202301161003/tools/bin/../lib/gcc/arm-none-eabi/10.3.1/../../../../arm-none-eabi/lib/thumb/v7e-m+fp/hard/libc_nano.a(lib_a-impure.o)
                0x00000000200000e4                _impure_ptr
 .data.impure_data
                0x00000000200000e8       0x60 /opt/st/stm32cubeide_1.12.0/plugins/com.st.stm32cube.ide.mcu.externaltools.gnu-tools-for-stm32.10.3-2021.10.linux64_1.0.200.202301161003/tools/bin/../lib/gcc/arm-none-eabi/10.3.1/../../../../arm-none-eabi/lib/thumb/v7e-m+fp/hard/libc_nano.a(lib_a-impure.o)
 *(.RamFunc)
 *(.RamFunc*)
                0x0000000020000148                . = ALIGN (0x4)
                0x0000000020000148                _edata = .
                0x000000000800a6f8                _siccmram = LOADADDR (.ccmram)

.igot.plt       0x0000000020000148        0x0 load address 0x000000000800a6f8
 .igot.plt      0x0000000020000148        0x0 /opt/st/stm32cubeide_1.12.0/plugins/com.st.stm32cube.ide.mcu.externaltools.gnu-tools-for-stm32.10.3-2021.10.linux64_1.0.200.202301161003/tools/bin/../lib/gcc/arm-none-eabi/10.3.1/thumb/v7e-m+fp/hard/crtbegin.o

.ccmram         0x0000000010000000        0x0 load address 0x000000000800a6f8
                0x0000000010000000                . = ALIGN (0x4)
                0x0000000010000000                _sccmram = .
 *(.ccmram)
 *(.ccmram*)
                0x0000000010000000                . = ALIGN (0x4)
                0x0000000010000000                _eccmram = .
                0x0000000010000000                . = ALIGN (0x4)

.bss            0x0000000020000148      0x570
                0x0000000020000148                _sbss = .
                0x0000000020000148                __bss_start__ = _sbss
 *(.bss)
 .bss           0x0000000020000148       0x1c /opt/st/stm32cubeide_1.12.0/plugins/com.st.stm32cube.ide.mcu.externaltools.gnu-tools-for-stm32.10.3-2021.10.linux64_1.0.200.202301161003/tools/bin/../lib/gcc/arm-none-eabi/10.3.1/thumb/v7e-m+fp/hard/crtbegin.o
 *(.bss*)
 .bss.hadc1     0x0000000020000164       0x48 ./Core/Src/adc.o
                0x0000000020000164                hadc1
 .bss.hdma_adc1
                0x00000000200001ac       0x60 ./Core/Src/adc.o
                0x00000000200001ac                hdma_adc1
 .bss.hcan1     0x000000002000020c       0x28 ./Core/Src/can.o
                0x000000002000020c                hcan1
 .bss.hi2c1     0x0000000020000234       0x54 ./Core/Src/i2c.o
                0x0000000020000234                hi2c1
 .bss.hi2c2     0x0000000020000288       0x54 ./Core/Src/i2c.o
                0x0000000020000288                hi2c2
 .bss._bno055_i2c_port
                0x00000000200002dc        0x4 ./Core/Src/main.o
                0x00000000200002dc                _bno055_i2c_port
 .bss.pid       0x00000000200002e0       0x70 ./Core/Src/main.o
                0x00000000200002e0                pid
 .bss.TxHeader  0x0000000020000350       0x18 ./Core/Src/main.o
                0x0000000020000350                TxHeader
 .bss.encoderX  0x0000000020000368       0x20 ./Core/Src/main.o
                0x0000000020000368                encoderX
 .bss.encoderY  0x0000000020000388       0x20 ./Core/Src/main.o
                0x0000000020000388                encoderY
 .bss.Angle     0x00000000200003a8       0x18 ./Core/Src/main.o
                0x00000000200003a8                Angle
 .bss.Q         0x00000000200003c0       0x20 ./Core/Src/main.o
                0x00000000200003c0                Q
 .bss.TxData    0x00000000200003e0        0x8 ./Core/Src/main.o
                0x00000000200003e0                TxData
 .bss.TxMailbox
                0x00000000200003e8        0x4 ./Core/Src/main.o
                0x00000000200003e8                TxMailbox
 .bss.V1_out    0x00000000200003ec        0x2 ./Core/Src/main.o
                0x00000000200003ec                V1_out
 .bss.V2_out    0x00000000200003ee        0x2 ./Core/Src/main.o
                0x00000000200003ee                V2_out
 .bss.V3_out    0x00000000200003f0        0x2 ./Core/Src/main.o
                0x00000000200003f0                V3_out
 *fill*         0x00000000200003f2        0x2 
 .bss.Y_enR     0x00000000200003f4        0x4 ./Core/Src/main.o
                0x00000000200003f4                Y_enR
 .bss.W1        0x00000000200003f8        0x4 ./Core/Src/main.o
                0x00000000200003f8                W1
 .bss.W2        0x00000000200003fc        0x4 ./Core/Src/main.o
                0x00000000200003fc                W2
 .bss.Vx_enR    0x0000000020000400        0x4 ./Core/Src/main.o
                0x0000000020000400                Vx_enR
 .bss.Vy_enR    0x0000000020000404        0x4 ./Core/Src/main.o
                0x0000000020000404                Vy_enR
 .bss.theta     0x0000000020000408        0x4 ./Core/Src/main.o
                0x0000000020000408                theta
 *fill*         0x000000002000040c        0x4 
 .bss.siny_cosp
                0x0000000020000410        0x8 ./Core/Src/main.o
                0x0000000020000410                siny_cosp
 .bss.cosy_cosp
                0x0000000020000418        0x8 ./Core/Src/main.o
                0x0000000020000418                cosy_cosp
 .bss.Vx        0x0000000020000420        0x4 ./Core/Src/main.o
                0x0000000020000420                Vx
 .bss.Vy        0x0000000020000424        0x4 ./Core/Src/main.o
                0x0000000020000424                Vy
 .bss.Omega     0x0000000020000428        0x4 ./Core/Src/main.o
                0x0000000020000428                Omega
 .bss.VxM       0x000000002000042c        0x4 ./Core/Src/main.o
                0x000000002000042c                VxM
 .bss.VyM       0x0000000020000430        0x4 ./Core/Src/main.o
                0x0000000020000430                VyM
 .bss.OmegaM    0x0000000020000434        0x4 ./Core/Src/main.o
                0x0000000020000434                OmegaM
 .bss.vx        0x0000000020000438        0x4 ./Core/Src/main.o
                0x0000000020000438                vx
 .bss.vy        0x000000002000043c        0x4 ./Core/Src/main.o
                0x000000002000043c                vy
 .bss.omega     0x0000000020000440        0x4 ./Core/Src/main.o
                0x0000000020000440                omega
 .bss.p         0x0000000020000444        0x4 ./Core/Src/main.o
                0x0000000020000444                p
 .bss.State     0x0000000020000448        0x1 ./Core/Src/main.o
                0x0000000020000448                State
 .bss.Mode      0x0000000020000449        0x1 ./Core/Src/main.o
                0x0000000020000449                Mode
 .bss.Position  0x000000002000044a        0x1 ./Core/Src/main.o
                0x000000002000044a                Position
 *fill*         0x000000002000044b        0x1 
 .bss.Output_Vx
                0x000000002000044c        0x4 ./Core/Src/main.o
                0x000000002000044c                Output_Vx
 .bss.Output_Vy
                0x0000000020000450        0x4 ./Core/Src/main.o
                0x0000000020000450                Output_Vy
 .bss.Output_Omega
                0x0000000020000454        0x4 ./Core/Src/main.o
                0x0000000020000454                Output_Omega
 .bss.errorX    0x0000000020000458        0x4 ./Core/Src/main.o
                0x0000000020000458                errorX
 .bss.errorY    0x000000002000045c        0x4 ./Core/Src/main.o
                0x000000002000045c                errorY
 .bss.errorYaw  0x0000000020000460        0x4 ./Core/Src/main.o
                0x0000000020000460                errorYaw
 .bss.goal      0x0000000020000464        0xc ./Core/Src/main.o
                0x0000000020000464                goal
 .bss.AD_RES    0x0000000020000470        0x4 ./Core/Src/main.o
                0x0000000020000470                AD_RES
 *fill*         0x0000000020000474        0x4 
 .bss.laserx    0x0000000020000478        0x8 ./Core/Src/main.o
                0x0000000020000478                laserx
 .bss.lasery    0x0000000020000480        0x8 ./Core/Src/main.o
                0x0000000020000480                lasery
 .bss.errorlaserx
                0x0000000020000488        0x8 ./Core/Src/main.o
                0x0000000020000488                errorlaserx
 .bss.errorlasery
                0x0000000020000490        0x8 ./Core/Src/main.o
                0x0000000020000490                errorlasery
 .bss.hspi1     0x0000000020000498       0x58 ./Core/Src/spi.o
                0x0000000020000498                hspi1
 .bss.__sbrk_heap_end
                0x00000000200004f0        0x4 ./Core/Src/sysmem.o
 .bss.htim2     0x00000000200004f4       0x48 ./Core/Src/tim.o
                0x00000000200004f4                htim2
 .bss.htim3     0x000000002000053c       0x48 ./Core/Src/tim.o
                0x000000002000053c                htim3
 .bss.htim4     0x0000000020000584       0x48 ./Core/Src/tim.o
                0x0000000020000584                htim4
 .bss.htim5     0x00000000200005cc       0x48 ./Core/Src/tim.o
                0x00000000200005cc                htim5
 .bss.htim9     0x0000000020000614       0x48 ./Core/Src/tim.o
                0x0000000020000614                htim9
 .bss.htim12    0x000000002000065c       0x48 ./Core/Src/tim.o
                0x000000002000065c                htim12
 .bss.uwTick    0x00000000200006a4        0x4 ./Drivers/STM32F4xx_HAL_Driver/Src/stm32f4xx_hal.o
                0x00000000200006a4                uwTick
 .bss.__lock___malloc_recursive_mutex
                0x00000000200006a8        0x1 /opt/st/stm32cubeide_1.12.0/plugins/com.st.stm32cube.ide.mcu.externaltools.gnu-tools-for-stm32.10.3-2021.10.linux64_1.0.200.202301161003/tools/bin/../lib/gcc/arm-none-eabi/10.3.1/../../../../arm-none-eabi/lib/thumb/v7e-m+fp/hard/libc_nano.a(lib_a-lock.o)
                0x00000000200006a8                __lock___malloc_recursive_mutex
 .bss.__lock___sfp_recursive_mutex
                0x00000000200006a9        0x1 /opt/st/stm32cubeide_1.12.0/plugins/com.st.stm32cube.ide.mcu.externaltools.gnu-tools-for-stm32.10.3-2021.10.linux64_1.0.200.202301161003/tools/bin/../lib/gcc/arm-none-eabi/10.3.1/../../../../arm-none-eabi/lib/thumb/v7e-m+fp/hard/libc_nano.a(lib_a-lock.o)
                0x00000000200006a9                __lock___sfp_recursive_mutex
 .bss.__lock___sinit_recursive_mutex
                0x00000000200006aa        0x1 /opt/st/stm32cubeide_1.12.0/plugins/com.st.stm32cube.ide.mcu.externaltools.gnu-tools-for-stm32.10.3-2021.10.linux64_1.0.200.202301161003/tools/bin/../lib/gcc/arm-none-eabi/10.3.1/../../../../arm-none-eabi/lib/thumb/v7e-m+fp/hard/libc_nano.a(lib_a-lock.o)
                0x00000000200006aa                __lock___sinit_recursive_mutex
 *fill*         0x00000000200006ab        0x1 
 .bss.__malloc_free_list
                0x00000000200006ac        0x4 /opt/st/stm32cubeide_1.12.0/plugins/com.st.stm32cube.ide.mcu.externaltools.gnu-tools-for-stm32.10.3-2021.10.linux64_1.0.200.202301161003/tools/bin/../lib/gcc/arm-none-eabi/10.3.1/../../../../arm-none-eabi/lib/thumb/v7e-m+fp/hard/libc_nano.a(lib_a-nano-mallocr.o)
                0x00000000200006ac                __malloc_free_list
 .bss.__malloc_sbrk_start
                0x00000000200006b0        0x4 /opt/st/stm32cubeide_1.12.0/plugins/com.st.stm32cube.ide.mcu.externaltools.gnu-tools-for-stm32.10.3-2021.10.linux64_1.0.200.202301161003/tools/bin/../lib/gcc/arm-none-eabi/10.3.1/../../../../arm-none-eabi/lib/thumb/v7e-m+fp/hard/libc_nano.a(lib_a-nano-mallocr.o)
                0x00000000200006b0                __malloc_sbrk_start
 .bss.errno     0x00000000200006b4        0x4 /opt/st/stm32cubeide_1.12.0/plugins/com.st.stm32cube.ide.mcu.externaltools.gnu-tools-for-stm32.10.3-2021.10.linux64_1.0.200.202301161003/tools/bin/../lib/gcc/arm-none-eabi/10.3.1/../../../../arm-none-eabi/lib/thumb/v7e-m+fp/hard/libc_nano.a(lib_a-reent.o)
                0x00000000200006b4                errno
 *(COMMON)
                0x00000000200006b8                . = ALIGN (0x4)
                0x00000000200006b8                _ebss = .
                0x00000000200006b8                __bss_end__ = _ebss

._user_heap_stack
                0x00000000200006b8      0x600
                0x00000000200006b8                . = ALIGN (0x8)
                [!provide]                        PROVIDE (end = .)
                0x00000000200006b8                PROVIDE (_end = .)
                0x00000000200008b8                . = (. + _Min_Heap_Size)
 *fill*         0x00000000200006b8      0x200 
                0x0000000020000cb8                . = (. + _Min_Stack_Size)
 *fill*         0x00000000200008b8      0x400 
                0x0000000020000cb8                . = ALIGN (0x8)

/DISCARD/
 libc.a(*)
 libm.a(*)
 libgcc.a(*)

.ARM.attributes
                0x0000000000000000       0x30
 *(.ARM.attributes)
 .ARM.attributes
                0x0000000000000000       0x1e /opt/st/stm32cubeide_1.12.0/plugins/com.st.stm32cube.ide.mcu.externaltools.gnu-tools-for-stm32.10.3-2021.10.linux64_1.0.200.202301161003/tools/bin/../lib/gcc/arm-none-eabi/10.3.1/thumb/v7e-m+fp/hard/crti.o
 .ARM.attributes
                0x000000000000001e       0x34 /opt/st/stm32cubeide_1.12.0/plugins/com.st.stm32cube.ide.mcu.externaltools.gnu-tools-for-stm32.10.3-2021.10.linux64_1.0.200.202301161003/tools/bin/../lib/gcc/arm-none-eabi/10.3.1/thumb/v7e-m+fp/hard/crtbegin.o
 .ARM.attributes
                0x0000000000000052       0x34 ./Core/Src/PID_Position.o
 .ARM.attributes
                0x0000000000000086       0x34 ./Core/Src/adc.o
 .ARM.attributes
                0x00000000000000ba       0x34 ./Core/Src/bno055.o
 .ARM.attributes
                0x00000000000000ee       0x34 ./Core/Src/can.o
 .ARM.attributes
                0x0000000000000122       0x34 ./Core/Src/dma.o
 .ARM.attributes
                0x0000000000000156       0x34 ./Core/Src/gpio.o
 .ARM.attributes
                0x000000000000018a       0x34 ./Core/Src/i2c.o
 .ARM.attributes
                0x00000000000001be       0x34 ./Core/Src/main.o
 .ARM.attributes
                0x00000000000001f2       0x34 ./Core/Src/spi.o
 .ARM.attributes
                0x0000000000000226       0x34 ./Core/Src/stm32f4xx_hal_msp.o
 .ARM.attributes
                0x000000000000025a       0x34 ./Core/Src/stm32f4xx_it.o
 .ARM.attributes
                0x000000000000028e       0x34 ./Core/Src/syscalls.o
 .ARM.attributes
                0x00000000000002c2       0x34 ./Core/Src/sysmem.o
 .ARM.attributes
                0x00000000000002f6       0x34 ./Core/Src/system_stm32f4xx.o
 .ARM.attributes
                0x000000000000032a       0x34 ./Core/Src/tim.o
 .ARM.attributes
                0x000000000000035e       0x21 ./Core/Startup/startup_stm32f407vgtx.o
 .ARM.attributes
                0x000000000000037f       0x34 ./Drivers/STM32F4xx_HAL_Driver/Src/stm32f4xx_hal.o
 .ARM.attributes
                0x00000000000003b3       0x34 ./Drivers/STM32F4xx_HAL_Driver/Src/stm32f4xx_hal_adc.o
 .ARM.attributes
                0x00000000000003e7       0x34 ./Drivers/STM32F4xx_HAL_Driver/Src/stm32f4xx_hal_can.o
 .ARM.attributes
                0x000000000000041b       0x34 ./Drivers/STM32F4xx_HAL_Driver/Src/stm32f4xx_hal_cortex.o
 .ARM.attributes
                0x000000000000044f       0x34 ./Drivers/STM32F4xx_HAL_Driver/Src/stm32f4xx_hal_dma.o
 .ARM.attributes
                0x0000000000000483       0x34 ./Drivers/STM32F4xx_HAL_Driver/Src/stm32f4xx_hal_gpio.o
 .ARM.attributes
                0x00000000000004b7       0x34 ./Drivers/STM32F4xx_HAL_Driver/Src/stm32f4xx_hal_i2c.o
 .ARM.attributes
                0x00000000000004eb       0x34 ./Drivers/STM32F4xx_HAL_Driver/Src/stm32f4xx_hal_rcc.o
 .ARM.attributes
                0x000000000000051f       0x34 ./Drivers/STM32F4xx_HAL_Driver/Src/stm32f4xx_hal_spi.o
 .ARM.attributes
                0x0000000000000553       0x34 ./Drivers/STM32F4xx_HAL_Driver/Src/stm32f4xx_hal_tim.o
 .ARM.attributes
                0x0000000000000587       0x34 ./Drivers/STM32F4xx_HAL_Driver/Src/stm32f4xx_hal_tim_ex.o
 .ARM.attributes
                0x00000000000005bb       0x34 /opt/st/stm32cubeide_1.12.0/plugins/com.st.stm32cube.ide.mcu.externaltools.gnu-tools-for-stm32.10.3-2021.10.linux64_1.0.200.202301161003/tools/bin/../lib/gcc/arm-none-eabi/10.3.1/../../../../arm-none-eabi/lib/thumb/v7e-m+fp/hard/libc_nano.a(lib_a-errno.o)
 .ARM.attributes
                0x00000000000005ef       0x34 /opt/st/stm32cubeide_1.12.0/plugins/com.st.stm32cube.ide.mcu.externaltools.gnu-tools-for-stm32.10.3-2021.10.linux64_1.0.200.202301161003/tools/bin/../lib/gcc/arm-none-eabi/10.3.1/../../../../arm-none-eabi/lib/thumb/v7e-m+fp/hard/libc_nano.a(lib_a-impure.o)
 .ARM.attributes
                0x0000000000000623       0x34 /opt/st/stm32cubeide_1.12.0/plugins/com.st.stm32cube.ide.mcu.externaltools.gnu-tools-for-stm32.10.3-2021.10.linux64_1.0.200.202301161003/tools/bin/../lib/gcc/arm-none-eabi/10.3.1/../../../../arm-none-eabi/lib/thumb/v7e-m+fp/hard/libc_nano.a(lib_a-init.o)
 .ARM.attributes
                0x0000000000000657       0x34 /opt/st/stm32cubeide_1.12.0/plugins/com.st.stm32cube.ide.mcu.externaltools.gnu-tools-for-stm32.10.3-2021.10.linux64_1.0.200.202301161003/tools/bin/../lib/gcc/arm-none-eabi/10.3.1/../../../../arm-none-eabi/lib/thumb/v7e-m+fp/hard/libc_nano.a(lib_a-memset.o)
 .ARM.attributes