../Core/Inc/bno055_stm32.h:20:6:bno055_assignI2C	16	static
../Core/Inc/bno055_stm32.h:24:6:bno055_delay	16	static
../Core/Inc/bno055_stm32.h:32:6:bno055_writeData	40	static
../Core/Inc/bno055_stm32.h:96:6:bno055_readData	24	static
../Core/Inc/IIRFilter.h:16:6:IIRFilter_Init	16	static
../Core/Inc/IIRFilter.h:20:7:IIRFilter_Update	16	static
../Core/Src/main.c:216:7:map	32	static
../Core/Src/main.c:220:6:read_encoder	32	static
../Core/Src/main.c:234:6:HAL_CAN_RxFifo0MsgPendingCallback	16	static
../Core/Src/main.c:314:5:main	8	static
../Core/Src/main.c:428:6:SystemClock_Config	88	static
../Core/Src/main.c:472:6:HAL_TIM_PeriodElapsedCallback	32	static
../Core/Src/main.c:658:6:Error_Handler	4	static,ignoring_inline_asm
