Archive member included to satisfy reference by file (symbol)

/opt/st/stm32cubeide_1.12.0/plugins/com.st.stm32cube.ide.mcu.externaltools.gnu-tools-for-stm32.10.3-2021.10.linux64_1.0.200.202301161003/tools/bin/../lib/gcc/arm-none-eabi/10.3.1/../../../../arm-none-eabi/lib/thumb/v7-m/nofp/libc_nano.a(lib_a-errno.o)
                              ./Core/Src/syscalls.o (__errno)
/opt/st/stm32cubeide_1.12.0/plugins/com.st.stm32cube.ide.mcu.externaltools.gnu-tools-for-stm32.10.3-2021.10.linux64_1.0.200.202301161003/tools/bin/../lib/gcc/arm-none-eabi/10.3.1/../../../../arm-none-eabi/lib/thumb/v7-m/nofp/libc_nano.a(lib_a-exit.o)
                              /opt/st/stm32cubeide_1.12.0/plugins/com.st.stm32cube.ide.mcu.externaltools.gnu-tools-for-stm32.10.3-2021.10.linux64_1.0.200.202301161003/tools/bin/../lib/gcc/arm-none-eabi/10.3.1/../../../../arm-none-eabi/lib/thumb/v7-m/nofp/crt0.o (exit)
/opt/st/stm32cubeide_1.12.0/plugins/com.st.stm32cube.ide.mcu.externaltools.gnu-tools-for-stm32.10.3-2021.10.linux64_1.0.200.202301161003/tools/bin/../lib/gcc/arm-none-eabi/10.3.1/../../../../arm-none-eabi/lib/thumb/v7-m/nofp/libc_nano.a(lib_a-impure.o)
                              /opt/st/stm32cubeide_1.12.0/plugins/com.st.stm32cube.ide.mcu.externaltools.gnu-tools-for-stm32.10.3-2021.10.linux64_1.0.200.202301161003/tools/bin/../lib/gcc/arm-none-eabi/10.3.1/../../../../arm-none-eabi/lib/thumb/v7-m/nofp/libc_nano.a(lib_a-exit.o) (_global_impure_ptr)
/opt/st/stm32cubeide_1.12.0/plugins/com.st.stm32cube.ide.mcu.externaltools.gnu-tools-for-stm32.10.3-2021.10.linux64_1.0.200.202301161003/tools/bin/../lib/gcc/arm-none-eabi/10.3.1/../../../../arm-none-eabi/lib/thumb/v7-m/nofp/libc_nano.a(lib_a-init.o)
                              /opt/st/stm32cubeide_1.12.0/plugins/com.st.stm32cube.ide.mcu.externaltools.gnu-tools-for-stm32.10.3-2021.10.linux64_1.0.200.202301161003/tools/bin/../lib/gcc/arm-none-eabi/10.3.1/../../../../arm-none-eabi/lib/thumb/v7-m/nofp/crt0.o (__libc_init_array)
/opt/st/stm32cubeide_1.12.0/plugins/com.st.stm32cube.ide.mcu.externaltools.gnu-tools-for-stm32.10.3-2021.10.linux64_1.0.200.202301161003/tools/bin/../lib/gcc/arm-none-eabi/10.3.1/../../../../arm-none-eabi/lib/thumb/v7-m/nofp/libc_nano.a(lib_a-memcpy-stub.o)
                              ./Core/Src/main.o (memcpy)
/opt/st/stm32cubeide_1.12.0/plugins/com.st.stm32cube.ide.mcu.externaltools.gnu-tools-for-stm32.10.3-2021.10.linux64_1.0.200.202301161003/tools/bin/../lib/gcc/arm-none-eabi/10.3.1/../../../../arm-none-eabi/lib/thumb/v7-m/nofp/libc_nano.a(lib_a-memset.o)
                              /opt/st/stm32cubeide_1.12.0/plugins/com.st.stm32cube.ide.mcu.externaltools.gnu-tools-for-stm32.10.3-2021.10.linux64_1.0.200.202301161003/tools/bin/../lib/gcc/arm-none-eabi/10.3.1/../../../../arm-none-eabi/lib/thumb/v7-m/nofp/crt0.o (memset)
/opt/st/stm32cubeide_1.12.0/plugins/com.st.stm32cube.ide.mcu.externaltools.gnu-tools-for-stm32.10.3-2021.10.linux64_1.0.200.202301161003/tools/bin/../lib/gcc/arm-none-eabi/10.3.1/../../../../arm-none-eabi/lib/thumb/v7-m/nofp/libc_nano.a(lib_a-sprintf.o)
                              ./Core/Src/main.o (sprintf)
/opt/st/stm32cubeide_1.12.0/plugins/com.st.stm32cube.ide.mcu.externaltools.gnu-tools-for-stm32.10.3-2021.10.linux64_1.0.200.202301161003/tools/bin/../lib/gcc/arm-none-eabi/10.3.1/../../../../arm-none-eabi/lib/thumb/v7-m/nofp/libc_nano.a(lib_a-nano-svfprintf.o)
                              /opt/st/stm32cubeide_1.12.0/plugins/com.st.stm32cube.ide.mcu.externaltools.gnu-tools-for-stm32.10.3-2021.10.linux64_1.0.200.202301161003/tools/bin/../lib/gcc/arm-none-eabi/10.3.1/../../../../arm-none-eabi/lib/thumb/v7-m/nofp/libc_nano.a(lib_a-sprintf.o) (_svfprintf_r)
/opt/st/stm32cubeide_1.12.0/plugins/com.st.stm32cube.ide.mcu.externaltools.gnu-tools-for-stm32.10.3-2021.10.linux64_1.0.200.202301161003/tools/bin/../lib/gcc/arm-none-eabi/10.3.1/../../../../arm-none-eabi/lib/thumb/v7-m/nofp/libc_nano.a(lib_a-nano-vfprintf_i.o)
                              /opt/st/stm32cubeide_1.12.0/plugins/com.st.stm32cube.ide.mcu.externaltools.gnu-tools-for-stm32.10.3-2021.10.linux64_1.0.200.202301161003/tools/bin/../lib/gcc/arm-none-eabi/10.3.1/../../../../arm-none-eabi/lib/thumb/v7-m/nofp/libc_nano.a(lib_a-nano-svfprintf.o) (_printf_i)
/opt/st/stm32cubeide_1.12.0/plugins/com.st.stm32cube.ide.mcu.externaltools.gnu-tools-for-stm32.10.3-2021.10.linux64_1.0.200.202301161003/tools/bin/../lib/gcc/arm-none-eabi/10.3.1/../../../../arm-none-eabi/lib/thumb/v7-m/nofp/libc_nano.a(lib_a-memchr-stub.o)
                              /opt/st/stm32cubeide_1.12.0/plugins/com.st.stm32cube.ide.mcu.externaltools.gnu-tools-for-stm32.10.3-2021.10.linux64_1.0.200.202301161003/tools/bin/../lib/gcc/arm-none-eabi/10.3.1/../../../../arm-none-eabi/lib/thumb/v7-m/nofp/libc_nano.a(lib_a-nano-svfprintf.o) (memchr)
[...]
Memory Configuration

Name             Origin             Length             Attributes
RAM              0x0000000020000000 0x0000000000002800 xrw
FLASH            0x0000000008000000 0x0000000000008000 xr
*default*        0x0000000000000000 0xffffffffffffffff

Linker script and memory map

LOAD /opt/st/stm32cubeide_1.12.0/plugins/com.st.stm32cube.ide.mcu.externaltools.gnu-tools-for-stm32.10.3-2021.10.linux64_1.0.200.202301161003/tools/bin/../lib/gcc/arm-none-eabi/10.3.1/thumb/v7-m/nofp/crti.o
LOAD /opt/st/stm32cubeide_1.12.0/plugins/com.st.stm32cube.ide.mcu.externaltools.gnu-tools-for-stm32.10.3-2021.10.linux64_1.0.200.202301161003/tools/bin/../lib/gcc/arm-none-eabi/10.3.1/thumb/v7-m/nofp/crtbegin.o
LOAD /opt/st/stm32cubeide_1.12.0/plugins/com.st.stm32cube.ide.mcu.externaltools.gnu-tools-for-stm32.10.3-2021.10.linux64_1.0.200.202301161003/tools/bin/../lib/gcc/arm-none-eabi/10.3.1/../../../../arm-none-eabi/lib/thumb/v7-m/nofp/crt0.o
LOAD ./Core/Src/JOYSTICK.o
LOAD ./Core/Src/JOYSTICK_cfg.o
LOAD ./Core/Src/adc.o
LOAD ./Core/Src/gpio.o
LOAD ./Core/Src/main.o
LOAD ./Core/Src/nrf.o
LOAD ./Core/Src/spi.o
LOAD ./Core/Src/stm32f1xx_hal_msp.o
LOAD ./Core/Src/stm32f1xx_it.o
LOAD ./Core/Src/syscalls.o
LOAD ./Core/Src/sysmem.o
LOAD ./Core/Src/system_stm32f1xx.o
LOAD ./Core/Src/tim.o
LOAD ./Core/Src/usart.o
LOAD ./Core/Startup/startup_stm32f103c6tx.o
LOAD ./Drivers/STM32F1xx_HAL_Driver/Src/stm32f1xx_hal.o
LOAD ./Drivers/STM32F1xx_HAL_Driver/Src/stm32f1xx_hal_adc.o
LOAD ./Drivers/STM32F1xx_HAL_Driver/Src/stm32f1xx_hal_adc_ex.o
LOAD ./Drivers/STM32F1xx_HAL_Driver/Src/stm32f1xx_hal_cortex.o
LOAD ./Drivers/STM32F1xx_HAL_Driver/Src/stm32f1xx_hal_dma.o
LOAD ./Drivers/STM32F1xx_HAL_Driver/Src/stm32f1xx_hal_exti.o
LOAD ./Drivers/STM32F1xx_HAL_Driver/Src/stm32f1xx_hal_flash.o
LOAD ./Drivers/STM32F1xx_HAL_Driver/Src/stm32f1xx_hal_flash_ex.o
LOAD ./Drivers/STM32F1xx_HAL_Driver/Src/stm32f1xx_hal_gpio.o
LOAD ./Drivers/STM32F1xx_HAL_Driver/Src/stm32f1xx_hal_gpio_ex.o
LOAD ./Drivers/STM32F1xx_HAL_Driver/Src/stm32f1xx_hal_pwr.o
LOAD ./Drivers/STM32F1xx_HAL_Driver/Src/stm32f1xx_hal_rcc.o
LOAD ./Drivers/STM32F1xx_HAL_Driver/Src/stm32f1xx_hal_rcc_ex.o
LOAD ./Drivers/STM32F1xx_HAL_Driver/Src/stm32f1xx_hal_spi.o
LOAD ./Drivers/STM32F1xx_HAL_Driver/Src/stm32f1xx_hal_tim.o
LOAD ./Drivers/STM32F1xx_HAL_Driver/Src/stm32f1xx_hal_tim_ex.o
LOAD ./Drivers/STM32F1xx_HAL_Driver/Src/stm32f1xx_hal_uart.o
START GROUP
LOAD /opt/st/stm32cubeide_1.12.0/plugins/com.st.stm32cube.ide.mcu.externaltools.gnu-tools-for-stm32.10.3-2021.10.linux64_1.0.200.202301161003/tools/bin/../lib/gcc/arm-none-eabi/10.3.1/../../../../arm-none-eabi/lib/thumb/v7-m/nofp/libc_nano.a
LOAD /opt/st/stm32cubeide_1.12.0/plugins/com.st.stm32cube.ide.mcu.externaltools.gnu-tools-for-stm32.10.3-2021.10.linux64_1.0.200.202301161003/tools/bin/../lib/gcc/arm-none-eabi/10.3.1/../../../../arm-none-eabi/lib/thumb/v7-m/nofp/libm.a
END GROUP
START GROUP
LOAD /opt/st/stm32cubeide_1.12.0/plugins/com.st.stm32cube.ide.mcu.externaltools.gnu-tools-for-stm32.10.3-2021.10.linux64_1.0.200.202301161003/tools/bin/../lib/gcc/arm-none-eabi/10.3.1/thumb/v7-m/nofp/libgcc.a
LOAD /opt/st/stm32cubeide_1.12.0/plugins/com.st.stm32cube.ide.mcu.externaltools.gnu-tools-for-stm32.10.3-2021.10.linux64_1.0.200.202301161003/tools/bin/../lib/gcc/arm-none-eabi/10.3.1/../../../../arm-none-eabi/lib/thumb/v7-m/nofp/libc_nano.a
END GROUP
START GROUP
LOAD /opt/st/stm32cubeide_1.12.0/plugins/com.st.stm32cube.ide.mcu.externaltools.gnu-tools-for-stm32.10.3-2021.10.linux64_1.0.200.202301161003/tools/bin/../lib/gcc/arm-none-eabi/10.3.1/thumb/v7-m/nofp/libgcc.a
LOAD /opt/st/stm32cubeide_1.12.0/plugins/com.st.stm32cube.ide.mcu.externaltools.gnu-tools-for-stm32.10.3-2021.10.linux64_1.0.200.202301161003/tools/bin/../lib/gcc/arm-none-eabi/10.3.1/../../../../arm-none-eabi/lib/thumb/v7-m/nofp/libc_nano.a
LOAD /opt/st/stm32cubeide_1.12.0/plugins/com.st.stm32cube.ide.mcu.externaltools.gnu-tools-for-stm32.10.3-2021.10.linux64_1.0.200.202301161003/tools/bin/../lib/gcc/arm-none-eabi/10.3.1/../../../../arm-none-eabi/lib/thumb/v7-m/nofp/libnosys.a
END GROUP
START GROUP
LOAD /opt/st/stm32cubeide_1.12.0/plugins/com.st.stm32cube.ide.mcu.externaltools.gnu-tools-for-stm32.10.3-2021.10.linux64_1.0.200.202301161003/tools/bin/../lib/gcc/arm-none-eabi/10.3.1/thumb/v7-m/nofp/libgcc.a
LOAD /opt/st/stm32cubeide_1.12.0/plugins/com.st.stm32cube.ide.mcu.externaltools.gnu-tools-for-stm32.10.3-2021.10.linux64_1.0.200.202301161003/tools/bin/../lib/gcc/arm-none-eabi/10.3.1/../../../../arm-none-eabi/lib/thumb/v7-m/nofp/libc_nano.a
LOAD /opt/st/stm32cubeide_1.12.0/plugins/com.st.stm32cube.ide.mcu.externaltools.gnu-tools-for-stm32.10.3-2021.10.linux64_1.0.200.202301161003/tools/bin/../lib/gcc/arm-none-eabi/10.3.1/../../../../arm-none-eabi/lib/thumb/v7-m/nofp/libnosys.a
END GROUP
LOAD /opt/st/stm32cubeide_1.12.0/plugins/com.st.stm32cube.ide.mcu.externaltools.gnu-tools-for-stm32.10.3-2021.10.linux64_1.0.200.202301161003/tools/bin/../lib/gcc/arm-none-eabi/10.3.1/thumb/v7-m/nofp/crtend.o
LOAD /opt/st/stm32cubeide_1.12.0/plugins/com.st.stm32cube.ide.mcu.externaltools.gnu-tools-for-stm32.10.3-2021.10.linux64_1.0.200.202301161003/tools/bin/../lib/gcc/arm-none-eabi/10.3.1/thumb/v7-m/nofp/crtn.o
                0x0000000020002800                _estack = (ORIGIN (RAM) + LENGTH (RAM))
                0x0000000000000200                _Min_Heap_Size = 0x200
                0x0000000000000400                _Min_Stack_Size = 0x400

.isr_vector     0x0000000008000000      0x10c
                0x0000000008000000                . = ALIGN (0x4)
 *(.isr_vector)
 .isr_vector    0x0000000008000000      0x10c ./Core/Startup/startup_stm32f103c6tx.o
                0x0000000008000000                g_pfnVectors
                0x000000000800010c                . = ALIGN (0x4)

.text           0x000000000800010c     0x5d28
                0x000000000800010c                . = ALIGN (0x4)
 *(.text)
 .text          0x000000000800010c       0x40 /opt/st/stm32cubeide_1.12.0/plugins/com.st.stm32cube.ide.mcu.externaltools.gnu-tools-for-stm32.10.3-2021.10.linux64_1.0.200.202301161003/tools/bin/../lib/gcc/arm-none-eabi/10.3.1/thumb/v7-m/nofp/crtbegin.o
 .text          0x000000000800014c      0x21c /opt/st/stm32cubeide_1.12.0/plugins/com.st.stm32cube.ide.mcu.externaltools.gnu-tools-for-stm32.10.3-2021.10.linux64_1.0.200.202301161003/tools/bin/../lib/gcc/arm-none-eabi/10.3.1/thumb/v7-m/nofp/libgcc.a(_arm_addsubsf3.o)
                0x000000000800014c                __aeabi_frsub
                0x0000000008000154                __subsf3
                0x0000000008000154                __aeabi_fsub
                0x0000000008000158                __aeabi_fadd
                0x0000000008000158                __addsf3
                0x00000000080002b8                __aeabi_ui2f
                0x00000000080002b8                __floatunsisf
                0x00000000080002c0                __aeabi_i2f
                0x00000000080002c0                __floatsisf
                0x00000000080002dc                __floatundisf
                0x00000000080002dc                __aeabi_ul2f
                0x00000000080002ec                __floatdisf
                0x00000000080002ec                __aeabi_l2f
 .text          0x0000000008000368      0x2a0 /opt/st/stm32cubeide_1.12.0/plugins/com.st.stm32cube.ide.mcu.externaltools.gnu-tools-for-stm32.10.3-2021.10.linux64_1.0.200.202301161003/tools/bin/../lib/gcc/arm-none-eabi/10.3.1/thumb/v7-m/nofp/libgcc.a(_arm_muldivsf3.o)
                0x0000000008000368                __mulsf3
                0x0000000008000368                __aeabi_fmul
                0x00000000080004d0                __divsf3
                0x00000000080004d0                __aeabi_fdiv
 .text          0x0000000008000608       0xec /opt/st/stm32cubeide_1.12.0/plugins/com.st.stm32cube.ide.mcu.externaltools.gnu-tools-for-stm32.10.3-2021.10.linux64_1.0.200.202301161003/tools/bin/../lib/gcc/arm-none-eabi/10.3.1/thumb/v7-m/nofp/libgcc.a(_arm_cmpsf2.o)
                0x0000000008000608                __gtsf2
                0x0000000008000608                __gesf2
                0x0000000008000610                __lesf2
                0x0000000008000610                __ltsf2
                0x0000000008000618                __nesf2
                0x0000000008000618                __eqsf2
                0x0000000008000618                __cmpsf2
                0x0000000008000678                __aeabi_cfrcmple
                0x0000000008000680                __aeabi_cfcmple
                0x0000000008000680                __aeabi_cfcmpeq
                0x0000000008000690                __aeabi_fcmpeq
                0x00000000080006a4                __aeabi_fcmplt
                0x00000000080006b8                __aeabi_fcmple
                0x00000000080006cc                __aeabi_fcmpge
                0x00000000080006e0                __aeabi_fcmpgt
 .text          0x00000000080006f4       0x4c /opt/st/stm32cubeide_1.12.0/plugins/com.st.stm32cube.ide.mcu.externaltools.gnu-tools-for-stm32.10.3-2021.10.linux64_1.0.200.202301161003/tools/bin/../lib/gcc/arm-none-eabi/10.3.1/thumb/v7-m/nofp/libgcc.a(_arm_fixsfsi.o)
                0x00000000080006f4                __fixsfsi
                0x00000000080006f4                __aeabi_f2iz
 .text          0x0000000008000740       0x40 /opt/st/stm32cubeide_1.12.0/plugins/com.st.stm32cube.ide.mcu.externaltools.gnu-tools-for-stm32.10.3-2021.10.linux64_1.0.200.202301161003/tools/bin/../lib/gcc/arm-none-eabi/10.3.1/thumb/v7-m/nofp/libgcc.a(_arm_fixunssfsi.o)
                0x0000000008000740                __aeabi_f2uiz
                0x0000000008000740                __fixunssfsi
 *(.text*)
 .text.JoyStick_Init
                0x0000000008000780      0x2d8 ./Core/Src/JOYSTICK.o
                0x0000000008000780                JoyStick_Init
 .text.JoyStick_Read
                0x0000000008000a58      0x10c ./Core/Src/JOYSTICK.o
                0x0000000008000a58                JoyStick_Read
 .text.MX_ADC1_Init
                0x0000000008000b64       0x9c ./Core/Src/adc.o
                0x0000000008000b64                MX_ADC1_Init
 .text.MX_ADC2_Init
                0x0000000008000c00       0x9c ./Core/Src/adc.o
                0x0000000008000c00                MX_ADC2_Init
 .text.HAL_ADC_MspInit
                0x0000000008000c9c       0xcc ./Core/Src/adc.o
                0x0000000008000c9c                HAL_ADC_MspInit
 .text.MX_GPIO_Init
                0x0000000008000d68      0x128 ./Core/Src/gpio.o
                0x0000000008000d68                MX_GPIO_Init
 .text.map      0x0000000008000e90       0x56 ./Core/Src/main.o
                0x0000000008000e90                map
 *fill*         0x0000000008000ee6        0x2 
 .text.TransferMode
                0x0000000008000ee8       0x74 ./Core/Src/main.o
                0x0000000008000ee8                TransferMode
 .text.main     0x0000000008000f5c      0x40c ./Core/Src/main.o
                0x0000000008000f5c                main
 .text.SystemClock_Config
                0x0000000008001368       0xb6 ./Core/Src/main.o
                0x0000000008001368                SystemClock_Config
 *fill*         0x000000000800141e        0x2 
 .text.HAL_TIM_PeriodElapsedCallback
                0x0000000008001420      0x184 ./Core/Src/main.o
                0x0000000008001420                HAL_TIM_PeriodElapsedCallback
 .text.Error_Handler
                0x00000000080015a4        0xa ./Core/Src/main.o
                0x00000000080015a4                Error_Handler
 *fill*         0x00000000080015ae        0x2 
 .text.NRF24_DelayMicroSeconds
                0x00000000080015b0       0x40 ./Core/Src/nrf.o
                0x00000000080015b0                NRF24_DelayMicroSeconds
 .text.NRF24_csn
                0x00000000080015f0       0x40 ./Core/Src/nrf.o
                0x00000000080015f0                NRF24_csn
 .text.NRF24_ce
                0x0000000008001630       0x40 ./Core/Src/nrf.o
                0x0000000008001630                NRF24_ce
 .text.NRF24_read_register
                0x0000000008001670       0x50 ./Core/Src/nrf.o
                0x0000000008001670                NRF24_read_register
 .text.NRF24_read_registerN
                0x00000000080016c0       0x50 ./Core/Src/nrf.o
                0x00000000080016c0                NRF24_read_registerN
 .text.NRF24_write_register
                0x0000000008001710       0x44 ./Core/Src/nrf.o
                0x0000000008001710                NRF24_write_register
 .text.NRF24_write_registerN
                0x0000000008001754       0x50 ./Core/Src/nrf.o
                0x0000000008001754                NRF24_write_registerN
 .text.NRF24_write_payload
                0x00000000080017a4       0x44 ./Core/Src/nrf.o
                0x00000000080017a4                NRF24_write_payload
 .text.NRF24_read_payload
                0x00000000080017e8       0x60 ./Core/Src/nrf.o
                0x00000000080017e8                NRF24_read_payload
 .text.NRF24_flush_tx
                0x0000000008001848       0x10 ./Core/Src/nrf.o
                0x0000000008001848                NRF24_flush_tx
 .text.NRF24_flush_rx
                0x0000000008001858       0x10 ./Core/Src/nrf.o
                0x0000000008001858                NRF24_flush_rx
 .text.NRF24_get_status
                0x0000000008001868       0x1a ./Core/Src/nrf.o
                0x0000000008001868                NRF24_get_status
 *fill*         0x0000000008001882        0x2 
 .text.NRF24_begin
                0x0000000008001884      0x1c0 ./Core/Src/nrf.o
                0x0000000008001884                NRF24_begin
 .text.NRF24_stopListening
                0x0000000008001a44       0x16 ./Core/Src/nrf.o
                0x0000000008001a44                NRF24_stopListening
 *fill*         0x0000000008001a5a        0x2 
 .text.NRF24_write
                0x0000000008001a5c       0x98 ./Core/Src/nrf.o
                0x0000000008001a5c                NRF24_write
 .text.NRF24_available
                0x0000000008001af4       0x10 ./Core/Src/nrf.o
                0x0000000008001af4                NRF24_available
 .text.NRF24_read
                0x0000000008001b04       0x40 ./Core/Src/nrf.o
                0x0000000008001b04                NRF24_read
 .text.NRF24_openWritingPipe
                0x0000000008001b44       0x48 ./Core/Src/nrf.o
                0x0000000008001b44                NRF24_openWritingPipe
 .text.NRF24_setRetries
                0x0000000008001b8c       0x36 ./Core/Src/nrf.o
                0x0000000008001b8c                NRF24_setRetries
 .text.NRF24_setChannel
                0x0000000008001bc2       0x2a ./Core/Src/nrf.o
                0x0000000008001bc2                NRF24_setChannel
 .text.NRF24_setPayloadSize
                0x0000000008001bec       0x2c ./Core/Src/nrf.o
                0x0000000008001bec                NRF24_setPayloadSize
 .text.NRF24_getPayloadSize
                0x0000000008001c18       0x14 ./Core/Src/nrf.o
                0x0000000008001c18                NRF24_getPayloadSize
 .text.NRF24_getDynamicPayloadSize
                0x0000000008001c2c       0x10 ./Core/Src/nrf.o
                0x0000000008001c2c                NRF24_getDynamicPayloadSize
 .text.NRF24_enableAckPayload
                0x0000000008001c3c       0x5a ./Core/Src/nrf.o
                0x0000000008001c3c                NRF24_enableAckPayload
 *fill*         0x0000000008001c96        0x2 
 .text.NRF24_disableDynamicPayloads
                0x0000000008001c98       0x30 ./Core/Src/nrf.o
                0x0000000008001c98                NRF24_disableDynamicPayloads
 .text.NRF24_setAutoAck
                0x0000000008001cc8       0x2a ./Core/Src/nrf.o
                0x0000000008001cc8                NRF24_setAutoAck
 .text.NRF24_setPALevel
                0x0000000008001cf2       0x72 ./Core/Src/nrf.o
                0x0000000008001cf2                NRF24_setPALevel
 .text.NRF24_setDataRate
                0x0000000008001d64       0x8c ./Core/Src/nrf.o
                0x0000000008001d64                NRF24_setDataRate
 .text.NRF24_setCRCLength
                0x0000000008001df0       0x50 ./Core/Src/nrf.o
                0x0000000008001df0                NRF24_setCRCLength
 .text.NRF24_powerDown
                0x0000000008001e40       0x1e ./Core/Src/nrf.o
                0x0000000008001e40                NRF24_powerDown
 .text.NRF24_availablePipe
                0x0000000008001e5e       0x60 ./Core/Src/nrf.o
                0x0000000008001e5e                NRF24_availablePipe
 .text.NRF24_startWrite
                0x0000000008001ebe       0x52 ./Core/Src/nrf.o
                0x0000000008001ebe                NRF24_startWrite
 .text.NRF24_whatHappened
                0x0000000008001f10       0x66 ./Core/Src/nrf.o
                0x0000000008001f10                NRF24_whatHappened
 .text.NRF24_resetStatus
                0x0000000008001f76       0x10 ./Core/Src/nrf.o
                0x0000000008001f76                NRF24_resetStatus
 *fill*         0x0000000008001f86        0x2 
 .text.NRF24_ACTIVATE_cmd
                0x0000000008001f88       0x34 ./Core/Src/nrf.o
                0x0000000008001f88                NRF24_ACTIVATE_cmd
 .text.MX_SPI1_Init
                0x0000000008001fbc       0x6c ./Core/Src/spi.o
                0x0000000008001fbc                MX_SPI1_Init
 .text.HAL_SPI_MspInit
                0x0000000008002028       0x94 ./Core/Src/spi.o
                0x0000000008002028                HAL_SPI_MspInit
 .text.HAL_MspInit
                0x00000000080020bc       0x64 ./Core/Src/stm32f1xx_hal_msp.o
                0x00000000080020bc                HAL_MspInit
 .text.NMI_Handler
                0x0000000008002120        0x6 ./Core/Src/stm32f1xx_it.o
                0x0000000008002120                NMI_Handler
 .text.HardFault_Handler
                0x0000000008002126        0x6 ./Core/Src/stm32f1xx_it.o
                0x0000000008002126                HardFault_Handler
 .text.MemManage_Handler
                0x000000000800212c        0x6 ./Core/Src/stm32f1xx_it.o
                0x000000000800212c                MemManage_Handler
 .text.BusFault_Handler
                0x0000000008002132        0x6 ./Core/Src/stm32f1xx_it.o
                0x0000000008002132                BusFault_Handler
 .text.UsageFault_Handler
                0x0000000008002138        0x6 ./Core/Src/stm32f1xx_it.o
                0x0000000008002138                UsageFault_Handler
 .text.SVC_Handler
                0x000000000800213e        0xc ./Core/Src/stm32f1xx_it.o
                0x000000000800213e                SVC_Handler
 .text.DebugMon_Handler
                0x000000000800214a        0xc ./Core/Src/stm32f1xx_it.o
                0x000000000800214a                DebugMon_Handler
 .text.PendSV_Handler
                0x0000000008002156        0xc ./Core/Src/stm32f1xx_it.o
                0x0000000008002156                PendSV_Handler
 .text.SysTick_Handler
                0x0000000008002162        0xc ./Core/Src/stm32f1xx_it.o
                0x0000000008002162                SysTick_Handler
 *fill*         0x000000000800216e        0x2 
 .text.TIM2_IRQHandler
                0x0000000008002170       0x14 ./Core/Src/stm32f1xx_it.o
                0x0000000008002170                TIM2_IRQHandler
 .text.TIM3_IRQHandler
                0x0000000008002184       0x14 ./Core/Src/stm32f1xx_it.o
                0x0000000008002184                TIM3_IRQHandler
 .text._sbrk    0x0000000008002198       0x6c ./Core/Src/sysmem.o
                0x0000000008002198                _sbrk
 .text.SystemInit
                0x0000000008002204        0xc ./Core/Src/system_stm32f1xx.o
                0x0000000008002204                SystemInit
 .text.MX_TIM2_Init
                0x0000000008002210       0x98 ./Core/Src/tim.o
                0x0000000008002210                MX_TIM2_Init
 .text.MX_TIM3_Init
                0x00000000080022a8       0x9c ./Core/Src/tim.o
                0x00000000080022a8                MX_TIM3_Init
 .text.HAL_TIM_Base_MspInit
                0x0000000008002344       0x80 ./Core/Src/tim.o
                0x0000000008002344                HAL_TIM_Base_MspInit
 .text.MX_USART1_UART_Init
                0x00000000080023c4       0x54 ./Core/Src/usart.o
                0x00000000080023c4                MX_USART1_UART_Init
 .text.HAL_UART_MspInit
                0x0000000008002418       0x98 ./Core/Src/usart.o
                0x0000000008002418                HAL_UART_MspInit
 .text.Reset_Handler
                0x00000000080024b0       0x48 ./Core/Startup/startup_stm32f103c6tx.o
                0x00000000080024b0                Reset_Handler
 .text.Default_Handler
                0x00000000080024f8        0x2 ./Core/Startup/startup_stm32f103c6tx.o
                0x00000000080024f8                RTC_Alarm_IRQHandler
                0x00000000080024f8                EXTI2_IRQHandler
                0x00000000080024f8                TIM1_CC_IRQHandler
                0x00000000080024f8                PVD_IRQHandler
                0x00000000080024f8                EXTI3_IRQHandler
                0x00000000080024f8                EXTI0_IRQHandler
                0x00000000080024f8                ADC1_2_IRQHandler
                0x00000000080024f8                SPI1_IRQHandler
                0x00000000080024f8                TAMPER_IRQHandler
                0x00000000080024f8                DMA1_Channel4_IRQHandler
                0x00000000080024f8                RTC_IRQHandler
                0x00000000080024f8                DMA1_Channel7_IRQHandler
                0x00000000080024f8                CAN1_RX1_IRQHandler
                0x00000000080024f8                I2C1_EV_IRQHandler
                0x00000000080024f8                DMA1_Channel6_IRQHandler
                0x00000000080024f8                RCC_IRQHandler
                0x00000000080024f8                TIM1_TRG_COM_IRQHandler
                0x00000000080024f8                DMA1_Channel1_IRQHandler
                0x00000000080024f8                Default_Handler
                0x00000000080024f8                EXTI15_10_IRQHandler
                0x00000000080024f8                EXTI9_5_IRQHandler
                0x00000000080024f8                DMA1_Channel5_IRQHandler
                0x00000000080024f8                EXTI4_IRQHandler
                0x00000000080024f8                USB_LP_CAN1_RX0_IRQHandler
                0x00000000080024f8                USB_HP_CAN1_TX_IRQHandler
                0x00000000080024f8                DMA1_Channel3_IRQHandler
                0x00000000080024f8                TIM1_UP_IRQHandler
                0x00000000080024f8                WWDG_IRQHandler
                0x00000000080024f8                TIM1_BRK_IRQHandler
                0x00000000080024f8                EXTI1_IRQHandler
                0x00000000080024f8                USART2_IRQHandler
                0x00000000080024f8                DMA1_Channel2_IRQHandler
                0x00000000080024f8                CAN1_SCE_IRQHandler
                0x00000000080024f8                FLASH_IRQHandler
                0x00000000080024f8                USART1_IRQHandler
                0x00000000080024f8                I2C1_ER_IRQHandler
                0x00000000080024f8                USBWakeUp_IRQHandler
 *fill*         0x00000000080024fa        0x2 
 .text.HAL_Init
                0x00000000080024fc       0x2c ./Drivers/STM32F1xx_HAL_Driver/Src/stm32f1xx_hal.o
                0x00000000080024fc                HAL_Init
 .text.HAL_InitTick
                0x0000000008002528       0x60 ./Drivers/STM32F1xx_HAL_Driver/Src/stm32f1xx_hal.o
                0x0000000008002528                HAL_InitTick
 .text.HAL_IncTick
                0x0000000008002588       0x24 ./Drivers/STM32F1xx_HAL_Driver/Src/stm32f1xx_hal.o
                0x0000000008002588                HAL_IncTick
 .text.HAL_GetTick
                0x00000000080025ac       0x14 ./Drivers/STM32F1xx_HAL_Driver/Src/stm32f1xx_hal.o
                0x00000000080025ac                HAL_GetTick
 .text.HAL_Delay
                0x00000000080025c0       0x48 ./Drivers/STM32F1xx_HAL_Driver/Src/stm32f1xx_hal.o
                0x00000000080025c0                HAL_Delay
 .text.HAL_ADC_Init
                0x0000000008002608      0x1b0 ./Drivers/STM32F1xx_HAL_Driver/Src/stm32f1xx_hal_adc.o
                0x0000000008002608                HAL_ADC_Init
 .text.HAL_ADC_Start
                0x00000000080027b8      0x15c ./Drivers/STM32F1xx_HAL_Driver/Src/stm32f1xx_hal_adc.o
                0x00000000080027b8                HAL_ADC_Start
 .text.HAL_ADC_PollForConversion
                0x0000000008002914      0x20c ./Drivers/STM32F1xx_HAL_Driver/Src/stm32f1xx_hal_adc.o
                0x0000000008002914                HAL_ADC_PollForConversion
 .text.HAL_ADC_GetValue
                0x0000000008002b20       0x18 ./Drivers/STM32F1xx_HAL_Driver/Src/stm32f1xx_hal_adc.o
                0x0000000008002b20                HAL_ADC_GetValue
 .text.HAL_ADC_ConfigChannel
                0x0000000008002b38      0x1f0 ./Drivers/STM32F1xx_HAL_Driver/Src/stm32f1xx_hal_adc.o
                0x0000000008002b38                HAL_ADC_ConfigChannel
 .text.ADC_Enable
                0x0000000008002d28       0xb4 ./Drivers/STM32F1xx_HAL_Driver/Src/stm32f1xx_hal_adc.o
                0x0000000008002d28                ADC_Enable
 .text.ADC_ConversionStop_Disable
                0x0000000008002ddc       0x82 ./Drivers/STM32F1xx_HAL_Driver/Src/stm32f1xx_hal_adc.o
                0x0000000008002ddc                ADC_ConversionStop_Disable
 *fill*         0x0000000008002e5e        0x2 
 .text.HAL_ADCEx_Calibration_Start
                0x0000000008002e60      0x15c ./Drivers/STM32F1xx_HAL_Driver/Src/stm32f1xx_hal_adc_ex.o
                0x0000000008002e60                HAL_ADCEx_Calibration_Start
 .text.__NVIC_SetPriorityGrouping
                0x0000000008002fbc       0x48 ./Drivers/STM32F1xx_HAL_Driver/Src/stm32f1xx_hal_cortex.o
 .text.__NVIC_GetPriorityGrouping
                0x0000000008003004       0x1c ./Drivers/STM32F1xx_HAL_Driver/Src/stm32f1xx_hal_cortex.o
 .text.__NVIC_EnableIRQ
                0x0000000008003020       0x38 ./Drivers/STM32F1xx_HAL_Driver/Src/stm32f1xx_hal_cortex.o
 .text.__NVIC_SetPriority
                0x0000000008003058       0x54 ./Drivers/STM32F1xx_HAL_Driver/Src/stm32f1xx_hal_cortex.o
 .text.NVIC_EncodePriority
                0x00000000080030ac       0x64 ./Drivers/STM32F1xx_HAL_Driver/Src/stm32f1xx_hal_cortex.o
 .text.SysTick_Config
                0x0000000008003110       0x44 ./Drivers/STM32F1xx_HAL_Driver/Src/stm32f1xx_hal_cortex.o
 .text.HAL_NVIC_SetPriorityGrouping
                0x0000000008003154       0x16 ./Drivers/STM32F1xx_HAL_Driver/Src/stm32f1xx_hal_cortex.o
                0x0000000008003154                HAL_NVIC_SetPriorityGrouping
 .text.HAL_NVIC_SetPriority
                0x000000000800316a       0x38 ./Drivers/STM32F1xx_HAL_Driver/Src/stm32f1xx_hal_cortex.o
                0x000000000800316a                HAL_NVIC_SetPriority
 .text.HAL_NVIC_EnableIRQ
                0x00000000080031a2       0x1c ./Drivers/STM32F1xx_HAL_Driver/Src/stm32f1xx_hal_cortex.o
                0x00000000080031a2                HAL_NVIC_EnableIRQ
 .text.HAL_SYSTICK_Config
                0x00000000080031be       0x18 ./Drivers/STM32F1xx_HAL_Driver/Src/stm32f1xx_hal_cortex.o
                0x00000000080031be                HAL_SYSTICK_Config
 *fill*         0x00000000080031d6        0x2 
 .text.HAL_GPIO_Init
                0x00000000080031d8      0x2f8 ./Drivers/STM32F1xx_HAL_Driver/Src/stm32f1xx_hal_gpio.o
                0x00000000080031d8                HAL_GPIO_Init
 .text.HAL_GPIO_ReadPin
                0x00000000080034d0       0x2e ./Drivers/STM32F1xx_HAL_Driver/Src/stm32f1xx_hal_gpio.o
                0x00000000080034d0                HAL_GPIO_ReadPin
 .text.HAL_GPIO_WritePin
                0x00000000080034fe       0x30 ./Drivers/STM32F1xx_HAL_Driver/Src/stm32f1xx_hal_gpio.o
                0x00000000080034fe                HAL_GPIO_WritePin
 *fill*         0x000000000800352e        0x2 
 .text.HAL_RCC_OscConfig
                0x0000000008003530      0x504 ./Drivers/STM32F1xx_HAL_Driver/Src/stm32f1xx_hal_rcc.o
                0x0000000008003530                HAL_RCC_OscConfig
 .text.HAL_RCC_ClockConfig
                0x0000000008003a34      0x1d4 ./Drivers/STM32F1xx_HAL_Driver/Src/stm32f1xx_hal_rcc.o
                0x0000000008003a34                HAL_RCC_ClockConfig
 .text.HAL_RCC_GetSysClockFreq
                0x0000000008003c08       0xa8 ./Drivers/STM32F1xx_HAL_Driver/Src/stm32f1xx_hal_rcc.o
                0x0000000008003c08                HAL_RCC_GetSysClockFreq
 .text.HAL_RCC_GetHCLKFreq
                0x0000000008003cb0       0x14 ./Drivers/STM32F1xx_HAL_Driver/Src/stm32f1xx_hal_rcc.o
                0x0000000008003cb0                HAL_RCC_GetHCLKFreq
 .text.HAL_RCC_GetPCLK1Freq
                0x0000000008003cc4       0x28 ./Drivers/STM32F1xx_HAL_Driver/Src/stm32f1xx_hal_rcc.o
                0x0000000008003cc4                HAL_RCC_GetPCLK1Freq
 .text.HAL_RCC_GetPCLK2Freq
                0x0000000008003cec       0x28 ./Drivers/STM32F1xx_HAL_Driver/Src/stm32f1xx_hal_rcc.o
                0x0000000008003cec                HAL_RCC_GetPCLK2Freq
 .text.RCC_Delay
                0x0000000008003d14       0x3c ./Drivers/STM32F1xx_HAL_Driver/Src/stm32f1xx_hal_rcc.o
 .text.HAL_RCCEx_PeriphCLKConfig
                0x0000000008003d50      0x16c ./Drivers/STM32F1xx_HAL_Driver/Src/stm32f1xx_hal_rcc_ex.o
                0x0000000008003d50                HAL_RCCEx_PeriphCLKConfig
 .text.HAL_RCCEx_GetPeriphCLKFreq
                0x0000000008003ebc      0x16c ./Drivers/STM32F1xx_HAL_Driver/Src/stm32f1xx_hal_rcc_ex.o
                0x0000000008003ebc                HAL_RCCEx_GetPeriphCLKFreq
 .text.HAL_SPI_Init
                0x0000000008004028      0x108 ./Drivers/STM32F1xx_HAL_Driver/Src/stm32f1xx_hal_spi.o
                0x0000000008004028                HAL_SPI_Init
 .text.HAL_SPI_Transmit
                0x0000000008004130      0x286 ./Drivers/STM32F1xx_HAL_Driver/Src/stm32f1xx_hal_spi.o
                0x0000000008004130                HAL_SPI_Transmit
 .text.HAL_SPI_Receive
                0x00000000080043b6      0x230 ./Drivers/STM32F1xx_HAL_Driver/Src/stm32f1xx_hal_spi.o
                0x00000000080043b6                HAL_SPI_Receive
 .text.HAL_SPI_TransmitReceive
                0x00000000080045e6      0x360 ./Drivers/STM32F1xx_HAL_Driver/Src/stm32f1xx_hal_spi.o
                0x00000000080045e6                HAL_SPI_TransmitReceive
 *fill*         0x0000000008004946        0x2 
 .text.SPI_WaitFlagStateUntilTimeout
                0x0000000008004948      0x110 ./Drivers/STM32F1xx_HAL_Driver/Src/stm32f1xx_hal_spi.o
 .text.SPI_EndRxTransaction
                0x0000000008004a58       0xa4 ./Drivers/STM32F1xx_HAL_Driver/Src/stm32f1xx_hal_spi.o
 .text.SPI_EndRxTxTransaction
                0x0000000008004afc       0x3c ./Drivers/STM32F1xx_HAL_Driver/Src/stm32f1xx_hal_spi.o
 .text.HAL_TIM_Base_Init
                0x0000000008004b38       0x9e ./Drivers/STM32F1xx_HAL_Driver/Src/stm32f1xx_hal_tim.o
                0x0000000008004b38                HAL_TIM_Base_Init
 *fill*         0x0000000008004bd6        0x2 
 .text.HAL_TIM_Base_Start_IT
                0x0000000008004bd8       0x98 ./Drivers/STM32F1xx_HAL_Driver/Src/stm32f1xx_hal_tim.o
                0x0000000008004bd8                HAL_TIM_Base_Start_IT
 .text.HAL_TIM_IRQHandler
                0x0000000008004c70      0x210 ./Drivers/STM32F1xx_HAL_Driver/Src/stm32f1xx_hal_tim.o
                0x0000000008004c70                HAL_TIM_IRQHandler
 .text.HAL_TIM_ConfigClockSource
                0x0000000008004e80      0x18e ./Drivers/STM32F1xx_HAL_Driver/Src/stm32f1xx_hal_tim.o
                0x0000000008004e80                HAL_TIM_ConfigClockSource
 .text.HAL_TIM_OC_DelayElapsedCallback
                0x000000000800500e       0x12 ./Drivers/STM32F1xx_HAL_Driver/Src/stm32f1xx_hal_tim.o
                0x000000000800500e                HAL_TIM_OC_DelayElapsedCallback
 .text.HAL_TIM_IC_CaptureCallback
                0x0000000008005020       0x12 ./Drivers/STM32F1xx_HAL_Driver/Src/stm32f1xx_hal_tim.o
                0x0000000008005020                HAL_TIM_IC_CaptureCallback
 .text.HAL_TIM_PWM_PulseFinishedCallback
                0x0000000008005032       0x12 ./Drivers/STM32F1xx_HAL_Driver/Src/stm32f1xx_hal_tim.o
                0x0000000008005032                HAL_TIM_PWM_PulseFinishedCallback
 .text.HAL_TIM_TriggerCallback
                0x0000000008005044       0x12 ./Drivers/STM32F1xx_HAL_Driver/Src/stm32f1xx_hal_tim.o
                0x0000000008005044                HAL_TIM_TriggerCallback
 *fill*         0x0000000008005056        0x2 
 .text.TIM_Base_SetConfig
                0x0000000008005058       0xb0 ./Drivers/STM32F1xx_HAL_Driver/Src/stm32f1xx_hal_tim.o
                0x0000000008005058                TIM_Base_SetConfig
 .text.TIM_TI1_ConfigInputStage
                0x0000000008005108       0x5c ./Drivers/STM32F1xx_HAL_Driver/Src/stm32f1xx_hal_tim.o
 .text.TIM_TI2_ConfigInputStage
                0x0000000008005164       0x5e ./Drivers/STM32F1xx_HAL_Driver/Src/stm32f1xx_hal_tim.o
 .text.TIM_ITRx_SetConfig
                0x00000000080051c2       0x34 ./Drivers/STM32F1xx_HAL_Driver/Src/stm32f1xx_hal_tim.o
 .text.TIM_ETR_SetConfig
                0x00000000080051f6       0x3e ./Drivers/STM32F1xx_HAL_Driver/Src/stm32f1xx_hal_tim.o
                0x00000000080051f6                TIM_ETR_SetConfig
 .text.HAL_TIMEx_MasterConfigSynchronization
                0x0000000008005234       0xb0 ./Drivers/STM32F1xx_HAL_Driver/Src/stm32f1xx_hal_tim_ex.o
                0x0000000008005234                HAL_TIMEx_MasterConfigSynchronization
 .text.HAL_TIMEx_CommutCallback
                0x00000000080052e4       0x12 ./Drivers/STM32F1xx_HAL_Driver/Src/stm32f1xx_hal_tim_ex.o
                0x00000000080052e4                HAL_TIMEx_CommutCallback
 .text.HAL_TIMEx_BreakCallback
                0x00000000080052f6       0x12 ./Drivers/STM32F1xx_HAL_Driver/Src/stm32f1xx_hal_tim_ex.o
                0x00000000080052f6                HAL_TIMEx_BreakCallback
 .text.HAL_UART_Init
                0x0000000008005308       0xa0 ./Drivers/STM32F1xx_HAL_Driver/Src/stm32f1xx_hal_uart.o
                0x0000000008005308                HAL_UART_Init
 .text.UART_SetConfig
                0x00000000080053a8      0x11c ./Drivers/STM32F1xx_HAL_Driver/Src/stm32f1xx_hal_uart.o
 .text.__errno  0x00000000080054c4        0xc /opt/st/stm32cubeide_1.12.0/plugins/com.st.stm32cube.ide.mcu.externaltools.gnu-tools-for-stm32.10.3-2021.10.linux64_1.0.200.202301161003/tools/bin/../lib/gcc/arm-none-eabi/10.3.1/../../../../arm-none-eabi/lib/thumb/v7-m/nofp/libc_nano.a(lib_a-errno.o)
                0x00000000080054c4                __errno
 .text.__libc_init_array
                0x00000000080054d0       0x48 /opt/st/stm32cubeide_1.12.0/plugins/com.st.stm32cube.ide.mcu.externaltools.gnu-tools-for-stm32.10.3-2021.10.linux64_1.0.200.202301161003/tools/bin/../lib/gcc/arm-none-eabi/10.3.1/../../../../arm-none-eabi/lib/thumb/v7-m/nofp/libc_nano.a(lib_a-init.o)
                0x00000000080054d0                __libc_init_array
 .text.memcpy   0x0000000008005518       0x1c /opt/st/stm32cubeide_1.12.0/plugins/com.st.stm32cube.ide.mcu.externaltools.gnu-tools-for-stm32.10.3-2021.10.linux64_1.0.200.202301161003/tools/bin/../lib/gcc/arm-none-eabi/10.3.1/../../../../arm-none-eabi/lib/thumb/v7-m/nofp/libc_nano.a(lib_a-memcpy-stub.o)
                0x0000000008005518                memcpy
 .text.memset   0x0000000008005534       0x10 /opt/st/stm32cubeide_1.12.0/plugins/com.st.stm32cube.ide.mcu.externaltools.gnu-tools-for-stm32.10.3-2021.10.linux64_1.0.200.202301161003/tools/bin/../lib/gcc/arm-none-eabi/10.3.1/../../../../arm-none-eabi/lib/thumb/v7-m/nofp/libc_nano.a(lib_a-memset.o)
                0x0000000008005534                memset
 .text.sprintf  0x0000000008005544       0x40 /opt/st/stm32cubeide_1.12.0/plugins/com.st.stm32cube.ide.mcu.externaltools.gnu-tools-for-stm32.10.3-2021.10.linux64_1.0.200.202301161003/tools/bin/../lib/gcc/arm-none-eabi/10.3.1/../../../../arm-none-eabi/lib/thumb/v7-m/nofp/libc_nano.a(lib_a-sprintf.o)
                0x0000000008005544                sprintf
                0x0000000008005544                siprintf
 .text.__ssputs_r
                0x0000000008005584       0xb6 /opt/st/stm32cubeide_1.12.0/plugins/com.st.stm32cube.ide.mcu.externaltools.gnu-tools-for-stm32.10.3-2021.10.linux64_1.0.200.202301161003/tools/bin/../lib/gcc/arm-none-eabi/10.3.1/../../../../arm-none-eabi/lib/thumb/v7-m/nofp/libc_nano.a(lib_a-nano-svfprintf.o)
                0x0000000008005584                __ssputs_r
 *fill*         0x000000000800563a        0x2 
 .text._svfprintf_r
                0x000000000800563c      0x200 /opt/st/stm32cubeide_1.12.0/plugins/com.st.stm32cube.ide.mcu.externaltools.gnu-tools-for-stm32.10.3-2021.10.linux64_1.0.200.202301161003/tools/bin/../lib/gcc/arm-none-eabi/10.3.1/../../../../arm-none-eabi/lib/thumb/v7-m/nofp/libc_nano.a(lib_a-nano-svfprintf.o)
                0x000000000800563c                _svfprintf_r
                0x000000000800563c                _svfiprintf_r
 .text._printf_common
                0x000000000800583c       0xde /opt/st/stm32cubeide_1.12.0/plugins/com.st.stm32cube.ide.mcu.externaltools.gnu-tools-for-stm32.10.3-2021.10.linux64_1.0.200.202301161003/tools/bin/../lib/gcc/arm-none-eabi/10.3.1/../../../../arm-none-eabi/lib/thumb/v7-m/nofp/libc_nano.a(lib_a-nano-vfprintf_i.o)
                0x000000000800583c                _printf_common
 *fill*         0x000000000800591a        0x2 
 .text._printf_i
                0x000000000800591c      0x24c /opt/st/stm32cubeide_1.12.0/plugins/com.st.stm32cube.ide.mcu.externaltools.gnu-tools-for-stm32.10.3-2021.10.linux64_1.0.200.202301161003/tools/bin/../lib/gcc/arm-none-eabi/10.3.1/../../../../arm-none-eabi/lib/thumb/v7-m/nofp/libc_nano.a(lib_a-nano-vfprintf_i.o)
                0x000000000800591c                _printf_i
 .text.memchr   0x0000000008005b68       0x1c /opt/st/stm32cubeide_1.12.0/plugins/com.st.stm32cube.ide.mcu.externaltools.gnu-tools-for-stm32.10.3-2021.10.linux64_1.0.200.202301161003/tools/bin/../lib/gcc/arm-none-eabi/10.3.1/../../../../arm-none-eabi/lib/thumb/v7-m/nofp/libc_nano.a(lib_a-memchr-stub.o)
                0x0000000008005b68                memchr
 .text.memmove  0x0000000008005b84       0x34 /opt/st/stm32cubeide_1.12.0/plugins/com.st.stm32cube.ide.mcu.externaltools.gnu-tools-for-stm32.10.3-2021.10.linux64_1.0.200.202301161003/tools/bin/../lib/gcc/arm-none-eabi/10.3.1/../../../../arm-none-eabi/lib/thumb/v7-m/nofp/libc_nano.a(lib_a-memmove.o)
                0x0000000008005b84                memmove
 .text._free_r  0x0000000008005bb8       0x90 /opt/st/stm32cubeide_1.12.0/plugins/com.st.stm32cube.ide.mcu.externaltools.gnu-tools-for-stm32.10.3-2021.10.linux64_1.0.200.202301161003/tools/bin/../lib/gcc/arm-none-eabi/10.3.1/../../../../arm-none-eabi/lib/thumb/v7-m/nofp/libc_nano.a(lib_a-nano-freer.o)
                0x0000000008005bb8                _free_r
 .text.sbrk_aligned
                0x0000000008005c48       0x40 /opt/st/stm32cubeide_1.12.0/plugins/com.st.stm32cube.ide.mcu.externaltools.gnu-tools-for-stm32.10.3-2021.10.linux64_1.0.200.202301161003/tools/bin/../lib/gcc/arm-none-eabi/10.3.1/../../../../arm-none-eabi/lib/thumb/v7-m/nofp/libc_nano.a(lib_a-nano-mallocr.o)
 .text._malloc_r
                0x0000000008005c88       0xe8 /opt/st/stm32cubeide_1.12.0/plugins/com.st.stm32cube.ide.mcu.externaltools.gnu-tools-for-stm32.10.3-2021.10.linux64_1.0.200.202301161003/tools/bin/../lib/gcc/arm-none-eabi/10.3.1/../../../../arm-none-eabi/lib/thumb/v7-m/nofp/libc_nano.a(lib_a-nano-mallocr.o)
                0x0000000008005c88                _malloc_r
 .text._realloc_r
                0x0000000008005d70       0x5e /opt/st/stm32cubeide_1.12.0/plugins/com.st.stm32cube.ide.mcu.externaltools.gnu-tools-for-stm32.10.3-2021.10.linux64_1.0.200.202301161003/tools/bin/../lib/gcc/arm-none-eabi/10.3.1/../../../../arm-none-eabi/lib/thumb/v7-m/nofp/libc_nano.a(lib_a-nano-reallocr.o)
                0x0000000008005d70                _realloc_r
 *fill*         0x0000000008005dce        0x2 
 .text._sbrk_r  0x0000000008005dd0       0x20 /opt/st/stm32cubeide_1.12.0/plugins/com.st.stm32cube.ide.mcu.externaltools.gnu-tools-for-stm32.10.3-2021.10.linux64_1.0.200.202301161003/tools/bin/../lib/gcc/arm-none-eabi/10.3.1/../../../../arm-none-eabi/lib/thumb/v7-m/nofp/libc_nano.a(lib_a-sbrkr.o)
                0x0000000008005dd0                _sbrk_r
 .text.__malloc_lock
                0x0000000008005df0        0xc /opt/st/stm32cubeide_1.12.0/plugins/com.st.stm32cube.ide.mcu.externaltools.gnu-tools-for-stm32.10.3-2021.10.linux64_1.0.200.202301161003/tools/bin/../lib/gcc/arm-none-eabi/10.3.1/../../../../arm-none-eabi/lib/thumb/v7-m/nofp/libc_nano.a(lib_a-mlock.o)
                0x0000000008005df0                __malloc_lock
 .text.__malloc_unlock
                0x0000000008005dfc        0xc /opt/st/stm32cubeide_1.12.0/plugins/com.st.stm32cube.ide.mcu.externaltools.gnu-tools-for-stm32.10.3-2021.10.linux64_1.0.200.202301161003/tools/bin/../lib/gcc/arm-none-eabi/10.3.1/../../../../arm-none-eabi/lib/thumb/v7-m/nofp/libc_nano.a(lib_a-mlock.o)
                0x0000000008005dfc                __malloc_unlock
 .text._malloc_usable_size_r
                0x0000000008005e08       0x10 /opt/st/stm32cubeide_1.12.0/plugins/com.st.stm32cube.ide.mcu.externaltools.gnu-tools-for-stm32.10.3-2021.10.linux64_1.0.200.202301161003/tools/bin/../lib/gcc/arm-none-eabi/10.3.1/../../../../arm-none-eabi/lib/thumb/v7-m/nofp/libc_nano.a(lib_a-nano-msizer.o)
                0x0000000008005e08                _malloc_usable_size_r
 .text.__retarget_lock_acquire_recursive
                0x0000000008005e18        0x2 /opt/st/stm32cubeide_1.12.0/plugins/com.st.stm32cube.ide.mcu.externaltools.gnu-tools-for-stm32.10.3-2021.10.linux64_1.0.200.202301161003/tools/bin/../lib/gcc/arm-none-eabi/10.3.1/../../../../arm-none-eabi/lib/thumb/v7-m/nofp/libc_nano.a(lib_a-lock.o)
                0x0000000008005e18                __retarget_lock_acquire_recursive
 .text.__retarget_lock_release_recursive
                0x0000000008005e1a        0x2 /opt/st/stm32cubeide_1.12.0/plugins/com.st.stm32cube.ide.mcu.externaltools.gnu-tools-for-stm32.10.3-2021.10.linux64_1.0.200.202301161003/tools/bin/../lib/gcc/arm-none-eabi/10.3.1/../../../../arm-none-eabi/lib/thumb/v7-m/nofp/libc_nano.a(lib_a-lock.o)
                0x0000000008005e1a                __retarget_lock_release_recursive
 *(.glue_7)
 .glue_7        0x0000000008005e1c        0x0 linker stubs
 *(.glue_7t)
 .glue_7t       0x0000000008005e1c        0x0 linker stubs
 *(.eh_frame)
 .eh_frame      0x0000000008005e1c        0x0 /opt/st/stm32cubeide_1.12.0/plugins/com.st.stm32cube.ide.mcu.externaltools.gnu-tools-for-stm32.10.3-2021.10.linux64_1.0.200.202301161003/tools/bin/../lib/gcc/arm-none-eabi/10.3.1/thumb/v7-m/nofp/crtbegin.o
 *(.init)
 .init          0x0000000008005e1c        0x4 /opt/st/stm32cubeide_1.12.0/plugins/com.st.stm32cube.ide.mcu.externaltools.gnu-tools-for-stm32.10.3-2021.10.linux64_1.0.200.202301161003/tools/bin/../lib/gcc/arm-none-eabi/10.3.1/thumb/v7-m/nofp/crti.o
                0x0000000008005e1c                _init
 .init          0x0000000008005e20        0x8 /opt/st/stm32cubeide_1.12.0/plugins/com.st.stm32cube.ide.mcu.externaltools.gnu-tools-for-stm32.10.3-2021.10.linux64_1.0.200.202301161003/tools/bin/../lib/gcc/arm-none-eabi/10.3.1/thumb/v7-m/nofp/crtn.o
 *(.fini)
 .fini          0x0000000008005e28        0x4 /opt/st/stm32cubeide_1.12.0/plugins/com.st.stm32cube.ide.mcu.externaltools.gnu-tools-for-stm32.10.3-2021.10.linux64_1.0.200.202301161003/tools/bin/../lib/gcc/arm-none-eabi/10.3.1/thumb/v7-m/nofp/crti.o
                0x0000000008005e28                _fini
 .fini          0x0000000008005e2c        0x8 /opt/st/stm32cubeide_1.12.0/plugins/com.st.stm32cube.ide.mcu.externaltools.gnu-tools-for-stm32.10.3-2021.10.linux64_1.0.200.202301161003/tools/bin/../lib/gcc/arm-none-eabi/10.3.1/thumb/v7-m/nofp/crtn.o
                0x0000000008005e34                . = ALIGN (0x4)
                0x0000000008005e34                _etext = .

.vfp11_veneer   0x0000000008005e34        0x0
 .vfp11_veneer  0x0000000008005e34        0x0 linker stubs

.v4_bx          0x0000000008005e34        0x0
 .v4_bx         0x0000000008005e34        0x0 linker stubs

.iplt           0x0000000008005e34        0x0
 .iplt          0x0000000008005e34        0x0 /opt/st/stm32cubeide_1.12.0/plugins/com.st.stm32cube.ide.mcu.externaltools.gnu-tools-for-stm32.10.3-2021.10.linux64_1.0.200.202301161003/tools/bin/../lib/gcc/arm-none-eabi/10.3.1/thumb/v7-m/nofp/crtbegin.o

.rodata         0x0000000008005e34       0xb8
                0x0000000008005e34                . = ALIGN (0x4)
 *(.rodata)
 .rodata        0x0000000008005e34       0x13 ./Core/Src/main.o
 *(.rodata*)
 *fill*         0x0000000008005e47        0x1 
 .rodata.JoyStick_CfgParam
                0x0000000008005e48       0x30 ./Core/Src/JOYSTICK_cfg.o
                0x0000000008005e48                JoyStick_CfgParam
 .rodata.AHBPrescTable
                0x0000000008005e78       0x10 ./Core/Src/system_stm32f1xx.o
                0x0000000008005e78                AHBPrescTable
 .rodata.APBPrescTable
                0x0000000008005e88        0x8 ./Core/Src/system_stm32f1xx.o
                0x0000000008005e88                APBPrescTable
 .rodata.aPLLMULFactorTable.1
                0x0000000008005e90       0x10 ./Drivers/STM32F1xx_HAL_Driver/Src/stm32f1xx_hal_rcc.o
 .rodata.aPredivFactorTable.0
                0x0000000008005ea0        0x2 ./Drivers/STM32F1xx_HAL_Driver/Src/stm32f1xx_hal_rcc.o
 *fill*         0x0000000008005ea2        0x2 
 .rodata.aPLLMULFactorTable.1
                0x0000000008005ea4       0x10 ./Drivers/STM32F1xx_HAL_Driver/Src/stm32f1xx_hal_rcc_ex.o
 .rodata.aPredivFactorTable.0
                0x0000000008005eb4        0x2 ./Drivers/STM32F1xx_HAL_Driver/Src/stm32f1xx_hal_rcc_ex.o
 .rodata._svfprintf_r.str1.1
                0x0000000008005eb6       0x11 /opt/st/stm32cubeide_1.12.0/plugins/com.st.stm32cube.ide.mcu.externaltools.gnu-tools-for-stm32.10.3-2021.10.linux64_1.0.200.202301161003/tools/bin/../lib/gcc/arm-none-eabi/10.3.1/../../../../arm-none-eabi/lib/thumb/v7-m/nofp/libc_nano.a(lib_a-nano-svfprintf.o)
 .rodata._printf_i.str1.1
                0x0000000008005ec7       0x22 /opt/st/stm32cubeide_1.12.0/plugins/com.st.stm32cube.ide.mcu.externaltools.gnu-tools-for-stm32.10.3-2021.10.linux64_1.0.200.202301161003/tools/bin/../lib/gcc/arm-none-eabi/10.3.1/../../../../arm-none-eabi/lib/thumb/v7-m/nofp/libc_nano.a(lib_a-nano-vfprintf_i.o)
                0x0000000008005eec                . = ALIGN (0x4)
 *fill*         0x0000000008005ee9        0x3 

.rel.dyn        0x0000000008005eec        0x0
 .rel.iplt      0x0000000008005eec        0x0 /opt/st/stm32cubeide_1.12.0/plugins/com.st.stm32cube.ide.mcu.externaltools.gnu-tools-for-stm32.10.3-2021.10.linux64_1.0.200.202301161003/tools/bin/../lib/gcc/arm-none-eabi/10.3.1/thumb/v7-m/nofp/crtbegin.o

.ARM.extab      0x0000000008005eec        0x0
                0x0000000008005eec                . = ALIGN (0x4)
 *(.ARM.extab* .gnu.linkonce.armextab.*)
                0x0000000008005eec                . = ALIGN (0x4)

.ARM            0x0000000008005eec        0x0
                0x0000000008005eec                . = ALIGN (0x4)
                0x0000000008005eec                __exidx_start = .
 *(.ARM.exidx*)
                0x0000000008005eec                __exidx_end = .
                0x0000000008005eec                . = ALIGN (0x4)

.preinit_array  0x0000000008005eec        0x0
                0x0000000008005eec                . = ALIGN (0x4)
                0x0000000008005eec                PROVIDE (__preinit_array_start = .)
 *(.preinit_array*)
                0x0000000008005eec                PROVIDE (__preinit_array_end = .)
                0x0000000008005eec                . = ALIGN (0x4)

.init_array     0x0000000008005eec        0x4
                0x0000000008005eec                . = ALIGN (0x4)
                0x0000000008005eec                PROVIDE (__init_array_start = .)
 *(SORT_BY_NAME(.init_array.*))
 *(.init_array*)
 .init_array    0x0000000008005eec        0x4 /opt/st/stm32cubeide_1.12.0/plugins/com.st.stm32cube.ide.mcu.externaltools.gnu-tools-for-stm32.10.3-2021.10.linux64_1.0.200.202301161003/tools/bin/../lib/gcc/arm-none-eabi/10.3.1/thumb/v7-m/nofp/crtbegin.o
                0x0000000008005ef0                PROVIDE (__init_array_end = .)
                0x0000000008005ef0                . = ALIGN (0x4)

.fini_array     0x0000000008005ef0        0x4
                0x0000000008005ef0                . = ALIGN (0x4)
                [!provide]                        PROVIDE (__fini_array_start = .)
 *(SORT_BY_NAME(.fini_array.*))
 *(.fini_array*)
 .fini_array    0x0000000008005ef0        0x4 /opt/st/stm32cubeide_1.12.0/plugins/com.st.stm32cube.ide.mcu.externaltools.gnu-tools-for-stm32.10.3-2021.10.linux64_1.0.200.202301161003/tools/bin/../lib/gcc/arm-none-eabi/10.3.1/thumb/v7-m/nofp/crtbegin.o
                [!provide]                        PROVIDE (__fini_array_end = .)
                0x0000000008005ef4                . = ALIGN (0x4)
                0x0000000008005ef4                _sidata = LOADADDR (.data)

.data           0x0000000020000000       0x78 load address 0x0000000008005ef4
                0x0000000020000000                . = ALIGN (0x4)
                0x0000000020000000                _sdata = .
 *(.data)
 *(.data*)
 .data.TxpipeAddrs
                0x0000000020000000        0x8 ./Core/Src/main.o
                0x0000000020000000                TxpipeAddrs
 .data.SystemCoreClock
                0x0000000020000008        0x4 ./Core/Src/system_stm32f1xx.o
                0x0000000020000008                SystemCoreClock
 .data.uwTickPrio
                0x000000002000000c        0x4 ./Drivers/STM32F1xx_HAL_Driver/Src/stm32f1xx_hal.o
                0x000000002000000c                uwTickPrio
 .data.uwTickFreq
                0x0000000020000010        0x1 ./Drivers/STM32F1xx_HAL_Driver/Src/stm32f1xx_hal.o
                0x0000000020000010                uwTickFreq
 *fill*         0x0000000020000011        0x3 
 .data._impure_ptr
                0x0000000020000014        0x4 /opt/st/stm32cubeide_1.12.0/plugins/com.st.stm32cube.ide.mcu.externaltools.gnu-tools-for-stm32.10.3-2021.10.linux64_1.0.200.202301161003/tools/bin/../lib/gcc/arm-none-eabi/10.3.1/../../../../arm-none-eabi/lib/thumb/v7-m/nofp/libc_nano.a(lib_a-impure.o)
                0x0000000020000014                _impure_ptr
 .data.impure_data
                0x0000000020000018       0x60 /opt/st/stm32cubeide_1.12.0/plugins/com.st.stm32cube.ide.mcu.externaltools.gnu-tools-for-stm32.10.3-2021.10.linux64_1.0.200.202301161003/tools/bin/../lib/gcc/arm-none-eabi/10.3.1/../../../../arm-none-eabi/lib/thumb/v7-m/nofp/libc_nano.a(lib_a-impure.o)
 *(.RamFunc)
 *(.RamFunc*)
                0x0000000020000078                . = ALIGN (0x4)
                0x0000000020000078                _edata = .

.igot.plt       0x0000000020000078        0x0 load address 0x0000000008005f6c
 .igot.plt      0x0000000020000078        0x0 /opt/st/stm32cubeide_1.12.0/plugins/com.st.stm32cube.ide.mcu.externaltools.gnu-tools-for-stm32.10.3-2021.10.linux64_1.0.200.202301161003/tools/bin/../lib/gcc/arm-none-eabi/10.3.1/thumb/v7-m/nofp/crtbegin.o
                0x0000000020000078                . = ALIGN (0x4)

.bss            0x0000000020000078      0x328 load address 0x0000000008005f6c
                0x0000000020000078                _sbss = .
                0x0000000020000078                __bss_start__ = _sbss
 *(.bss)
 .bss           0x0000000020000078       0x1c /opt/st/stm32cubeide_1.12.0/plugins/com.st.stm32cube.ide.mcu.externaltools.gnu-tools-for-stm32.10.3-2021.10.linux64_1.0.200.202301161003/tools/bin/../lib/gcc/arm-none-eabi/10.3.1/thumb/v7-m/nofp/crtbegin.o
 *(.bss*)
 .bss.hadc      0x0000000020000094       0x60 ./Core/Src/JOYSTICK.o
 .bss.sConfig   0x00000000200000f4        0xc ./Core/Src/JOYSTICK.o
 .bss.calibrated
                0x0000000020000100        0x1 ./Core/Src/JOYSTICK.o
 *fill*         0x0000000020000101        0x3 
 .bss.hadc1     0x0000000020000104       0x30 ./Core/Src/adc.o
                0x0000000020000104                hadc1
 .bss.hadc2     0x0000000020000134       0x30 ./Core/Src/adc.o
                0x0000000020000134                hadc2
 .bss.flag      0x0000000020000164        0x4 ./Core/Src/main.o
                0x0000000020000164                flag
 .bss.myTxData  0x0000000020000168       0x20 ./Core/Src/main.o
                0x0000000020000168                myTxData
 .bss.AckPayload
                0x0000000020000188       0x20 ./Core/Src/main.o
                0x0000000020000188                AckPayload
 .bss.JoyStick1_XY
                0x00000000200001a8        0x4 ./Core/Src/main.o
                0x00000000200001a8                JoyStick1_XY
 .bss.JoyStick2_XY
                0x00000000200001ac        0x4 ./Core/Src/main.o
                0x00000000200001ac                JoyStick2_XY
 .bss.XL        0x00000000200001b0        0x4 ./Core/Src/main.o
                0x00000000200001b0                XL
 .bss.YL        0x00000000200001b4        0x4 ./Core/Src/main.o
                0x00000000200001b4                YL
 .bss.XR        0x00000000200001b8        0x4 ./Core/Src/main.o
                0x00000000200001b8                XR
 .bss.YR        0x00000000200001bc        0x4 ./Core/Src/main.o
                0x00000000200001bc                YR
 .bss.mode      0x00000000200001c0        0x1 ./Core/Src/main.o
                0x00000000200001c0                mode
 .bss.Vx        0x00000000200001c1        0x1 ./Core/Src/main.o
                0x00000000200001c1                Vx
 .bss.Vy        0x00000000200001c2        0x1 ./Core/Src/main.o
                0x00000000200001c2                Vy
 .bss.Vz        0x00000000200001c3        0x1 ./Core/Src/main.o
                0x00000000200001c3                Vz
 .bss.Speed     0x00000000200001c4        0x4 ./Core/Src/main.o
                0x00000000200001c4                Speed
 .bss.button1_state
                0x00000000200001c8        0x1 ./Core/Src/main.o
                0x00000000200001c8                button1_state
 .bss.button2_state
                0x00000000200001c9        0x1 ./Core/Src/main.o
                0x00000000200001c9                button2_state
 .bss.button3_state
                0x00000000200001ca        0x1 ./Core/Src/main.o
                0x00000000200001ca                button3_state
 .bss.button4_state
                0x00000000200001cb        0x1 ./Core/Src/main.o
                0x00000000200001cb                button4_state
 .bss.button5_state
                0x00000000200001cc        0x1 ./Core/Src/main.o
                0x00000000200001cc                button5_state
 .bss.button1_last_state
                0x00000000200001cd        0x1 ./Core/Src/main.o
                0x00000000200001cd                button1_last_state
 .bss.button2_last_state
                0x00000000200001ce        0x1 ./Core/Src/main.o
                0x00000000200001ce                button2_last_state
 .bss.button3_last_state
                0x00000000200001cf        0x1 ./Core/Src/main.o
                0x00000000200001cf                button3_last_state
 .bss.button4_last_state
                0x00000000200001d0        0x1 ./Core/Src/main.o
                0x00000000200001d0                button4_last_state
 .bss.button5_last_state
                0x00000000200001d1        0x1 ./Core/Src/main.o
                0x00000000200001d1                button5_last_state
 *fill*         0x00000000200001d2        0x2 
 .bss.TakeRice  0x00000000200001d4        0x4 ./Core/Src/main.o
                0x00000000200001d4                TakeRice
 .bss.DropRice  0x00000000200001d8        0x4 ./Core/Src/main.o
                0x00000000200001d8                DropRice
 .bss.Shooter   0x00000000200001dc        0x4 ./Core/Src/main.o
                0x00000000200001dc                Shooter
 .bss.Stepper   0x00000000200001e0        0x4 ./Core/Src/main.o
                0x00000000200001e0                Stepper
 .bss.PushRice  0x00000000200001e4        0x4 ./Core/Src/main.o
                0x00000000200001e4                PushRice
 .bss.SpeedShooter
                0x00000000200001e8        0x4 ./Core/Src/main.o
                0x00000000200001e8                SpeedShooter
 .bss.Pick      0x00000000200001ec        0x1 ./Core/Src/main.o
                0x00000000200001ec                Pick
 .bss.ack_payload_available
                0x00000000200001ed        0x1 ./Core/Src/nrf.o
 .bss.ack_payload_length
                0x00000000200001ee        0x1 ./Core/Src/nrf.o
 .bss.payload_size
                0x00000000200001ef        0x1 ./Core/Src/nrf.o
 .bss.dynamic_payloads_enabled
                0x00000000200001f0        0x1 ./Core/Src/nrf.o
 .bss.wide_band
                0x00000000200001f1        0x1 ./Core/Src/nrf.o
 *fill*         0x00000000200001f2        0x2 
 .bss.nrf24_PORT_CSN
                0x00000000200001f4        0x4 ./Core/Src/nrf.o
 .bss.nrf24_PORT_CE
                0x00000000200001f8        0x4 ./Core/Src/nrf.o
 .bss.nrf24_CSN_PIN
                0x00000000200001fc        0x2 ./Core/Src/nrf.o
 .bss.nrf24_CE_PIN
                0x00000000200001fe        0x2 ./Core/Src/nrf.o
 .bss.nrf24_hspi
                0x0000000020000200       0x58 ./Core/Src/nrf.o
 .bss.hspi1     0x0000000020000258       0x58 ./Core/Src/spi.o
                0x0000000020000258                hspi1
 .bss.__sbrk_heap_end
                0x00000000200002b0        0x4 ./Core/Src/sysmem.o
 .bss.htim2     0x00000000200002b4       0x48 ./Core/Src/tim.o
                0x00000000200002b4                htim2
 .bss.htim3     0x00000000200002fc       0x48 ./Core/Src/tim.o
                0x00000000200002fc                htim3
 .bss.huart1    0x0000000020000344       0x48 ./Core/Src/usart.o
                0x0000000020000344                huart1
 .bss.uwTick    0x000000002000038c        0x4 ./Drivers/STM32F1xx_HAL_Driver/Src/stm32f1xx_hal.o
                0x000000002000038c                uwTick
 .bss.__malloc_free_list
                0x0000000020000390        0x4 /opt/st/stm32cubeide_1.12.0/plugins/com.st.stm32cube.ide.mcu.externaltools.gnu-tools-for-stm32.10.3-2021.10.linux64_1.0.200.202301161003/tools/bin/../lib/gcc/arm-none-eabi/10.3.1/../../../../arm-none-eabi/lib/thumb/v7-m/nofp/libc_nano.a(lib_a-nano-mallocr.o)
                0x0000000020000390                __malloc_free_list
 .bss.__malloc_sbrk_start
                0x0000000020000394        0x4 /opt/st/stm32cubeide_1.12.0/plugins/com.st.stm32cube.ide.mcu.externaltools.gnu-tools-for-stm32.10.3-2021.10.linux64_1.0.200.202301161003/tools/bin/../lib/gcc/arm-none-eabi/10.3.1/../../../../arm-none-eabi/lib/thumb/v7-m/nofp/libc_nano.a(lib_a-nano-mallocr.o)
                0x0000000020000394                __malloc_sbrk_start
 .bss.errno     0x0000000020000398        0x4 /opt/st/stm32cubeide_1.12.0/plugins/com.st.stm32cube.ide.mcu.externaltools.gnu-tools-for-stm32.10.3-2021.10.linux64_1.0.200.202301161003/tools/bin/../lib/gcc/arm-none-eabi/10.3.1/../../../../arm-none-eabi/lib/thumb/v7-m/nofp/libc_nano.a(lib_a-reent.o)
                0x0000000020000398                errno
 .bss.__lock___malloc_recursive_mutex
                0x000000002000039c        0x1 /opt/st/stm32cubeide_1.12.0/plugins/com.st.stm32cube.ide.mcu.externaltools.gnu-tools-for-stm32.10.3-2021.10.linux64_1.0.200.202301161003/tools/bin/../lib/gcc/arm-none-eabi/10.3.1/../../../../arm-none-eabi/lib/thumb/v7-m/nofp/libc_nano.a(lib_a-lock.o)
                0x000000002000039c                __lock___malloc_recursive_mutex
 *(COMMON)
                0x00000000200003a0                . = ALIGN (0x4)
 *fill*         0x000000002000039d        0x3 
                0x00000000200003a0                _ebss = .
                0x00000000200003a0                __bss_end__ = _ebss

._user_heap_stack
                0x00000000200003a0      0x600 load address 0x0000000008005f6c
                0x00000000200003a0                . = ALIGN (0x8)
                [!provide]                        PROVIDE (end = .)
                0x00000000200003a0                PROVIDE (_end = .)
                0x00000000200005a0                . = (. + _Min_Heap_Size)
 *fill*         0x00000000200003a0      0x200 
                0x00000000200009a0                . = (. + _Min_Stack_Size)
 *fill*         0x00000000200005a0      0x400 
                0x00000000200009a0                . = ALIGN (0x8)

/DISCARD/
 libc.a(*)
 libm.a(*)
 libgcc.a(*)

.ARM.attributes
                0x0000000000000000       0x29
 *(.ARM.attributes)
 .ARM.attributes
                0x0000000000000000       0x1d /opt/st/stm32cubeide_1.12.0/plugins/com.st.stm32cube.ide.mcu.externaltools.gnu-tools-for-stm32.10.3-2021.10.linux64_1.0.200.202301161003/tools/bin/../lib/gcc/arm-none-eabi/10.3.1/thumb/v7-m/nofp/crti.o
 .ARM.attributes
                0x000000000000001d       0x2d /opt/st/stm32cubeide_1.12.0/plugins/com.st.stm32cube.ide.mcu.externaltools.gnu-tools-for-stm32.10.3-2021.10.linux64_1.0.200.202301161003/tools/bin/../lib/gcc/arm-none-eabi/10.3.1/thumb/v7-m/nofp/crtbegin.o
 .ARM.attributes
                0x000000000000004a       0x2d ./Core/Src/JOYSTICK.o
 .ARM.attributes
                0x0000000000000077       0x2d ./Core/Src/JOYSTICK_cfg.o
 .ARM.attributes
                0x00000000000000a4       0x2d ./Core/Src/adc.o
 .ARM.attributes
                0x00000000000000d1       0x2d ./Core/Src/gpio.o
 .ARM.attributes
                0x00000000000000fe       0x2d ./Core/Src/main.o
 .ARM.attributes
                0x000000000000012b       0x2d ./Core/Src/nrf.o
 .ARM.attributes
                0x0000000000000158       0x2d ./Core/Src/spi.o
 .ARM.attributes
                0x0000000000000185       0x2d ./Core/Src/stm32f1xx_hal_msp.o
 .ARM.attributes
                0x00000000000001b2       0x2d ./Core/Src/stm32f1xx_it.o
 .ARM.attributes
                0x00000000000001df       0x2d ./Core/Src/sysmem.o
 .ARM.attributes
                0x000000000000020c       0x2d ./Core/Src/system_stm32f1xx.o
 .ARM.attributes
                0x0000000000000239       0x2d ./Core/Src/tim.o
 .ARM.attributes
                0x0000000000000266       0x2d ./Core/Src/usart.o
 .ARM.attributes
                0x0000000000000293       0x21 ./Core/Startup/startup_stm32f103c6tx.o
 .ARM.attributes
                0x00000000000002b4       0x2d ./Drivers/STM32F1xx_HAL_Driver/Src/stm32f1xx_hal.o
 .ARM.attributes
                0x00000000000002e1       0x2d ./Drivers/STM32F1xx_HAL_Driver/Src/stm32f1xx_hal_adc.o
 .ARM.attributes
                0x000000000000030e       0x2d ./Drivers/STM32F1xx_HAL_Driver/Src/stm32f1xx_hal_adc_ex.o
 .ARM.attributes
                0x000000000000033b       0x2d ./Drivers/STM32F1xx_HAL_Driver/Src/stm32f1xx_hal_cortex.o
 .ARM.attributes
                0x0000000000000368       0x2d ./Drivers/STM32F1xx_HAL_Driver/Src/stm32f1xx_hal_gpio.o
 .ARM.attributes
                0x0000000000000395       0x2d ./Drivers/STM32F1xx_HAL_Driver/Src/stm32f1xx_hal_rcc.o
 .ARM.attributes
                0x00000000000003c2       0x2d ./Drivers/STM32F1xx_HAL_Driver/Src/stm32f1xx_hal_rcc_ex.o
 .ARM.attributes
                0x00000000000003ef       0x2d ./Drivers/STM32F1xx_HAL_Driver/Src/stm32f1xx_hal_spi.o
 .ARM.attributes
                0x000000000000041c       0x2d ./Drivers/STM32F1xx_HAL_Driver/Src/stm32f1xx_hal_tim.o
 .ARM.attributes
                0x0000000000000449       0x2d ./Drivers/STM32F1xx_HAL_Driver/Src/stm32f1xx_hal_tim_ex.o
 .ARM.attributes
                0x0000000000000476       0x2d ./Drivers/STM32F1xx_HAL_Driver/Src/stm32f1xx_hal_uart.o
 .ARM.attributes
                0x00000000000004a3       0x2d /opt/st/stm32cubeide_1.12.0/plugins/com.st.stm32cube.ide.mcu.externaltools.gnu-tools-for-stm32.10.3-2021.10.linux64_1.0.200.202301161003/tools/bin/../lib/gcc/arm-none-eabi/10.3.1/../../../../arm-none-eabi/lib/thumb/v7-m/nofp/libc_nano.a(lib_a-errno.o)
 .ARM.attributes
                0x00000000000004d0       0x2d /opt/st/stm32cubeide_1.12.0/plugins/com.st.stm32cube.ide.mcu.externaltools.gnu-tools-for-stm32.10.3-2021.10.linux64_1.0.200.202301161003/tools/bin/../lib/gcc/arm-none-eabi/10.3.1/../../../../arm-none-eabi/lib/thumb/v7-m/nofp/libc_nano.a(lib_a-impure.o)
 .ARM.attributes
                0x00000000000004fd       0x2d /opt/st/stm32cubeide_1.12.0/plugins/com.st.stm32cube.ide.mcu.externaltools.gnu-tools-for-stm32.10.3-2021.10.linux64_1.0.200.202301161003/tools/bin/../lib/gcc/arm-none-eabi/10.3.1/../../../../arm-none-eabi/lib/thumb/v7-m/nofp/libc_nano.a(lib_a-init.o)
 .ARM.attributes
                0x000000000000052a       0x2d /opt/st/stm32cubeide_1.12.0/plugins/com.st.stm32cube.ide.mcu.externaltools.gnu-tools-for-stm32.10.3-2021.10.linux64_1.0.200.202301161003/tools/bin/../lib/gcc/arm-none-eabi/10.3.1/../../../../arm-none-eabi/lib/thumb/v7-m/nofp/libc_nano.a(lib_a-memcpy-stub.o)
 .ARM.attributes
                0x0000000000000557       0x2d /opt/st/stm32cubeide_1.12.0/plugins/com.st.stm32cube.ide.mcu.externaltools.gnu-tools-for-stm32.10.3-2021.10.linux64_1.0.200.202301161003/tools/bin/../lib/gcc/arm-none-eabi/10.3.1/../../../../arm-none-eabi/lib/thumb/v7-m/nofp/libc_nano.a(lib_a-memset.o)
 .ARM.attributes
                0x0000000000000584       0x2d /opt/st/stm32cubeide_1.12.0/plugins/com.st.stm32cube.ide.mcu.externaltools.gnu-tools-for-stm32.10.3-2021.10.linux64_1.0.200.202301161003/tools/bin/../lib/gcc/arm-none-eabi/10.3.1/../../../../arm-none-eabi/lib/thumb/v7-m/nofp/libc_nano.a(lib_a-sprintf.o)
 .ARM.attributes
                0x00000000000005b1       0x2d /opt/st/stm32cubeide_1.12.0/plugins/com.st.stm32cube.ide.mcu.externaltools.gnu-tools-for-stm32.10.3-2021.10.linux64_1.0.200.202301161003/tools/bin/../lib/gcc/arm-none-eabi/10.3.1/../../../../arm-none-eabi/lib/thumb/v7-m/nofp/libc_nano.a(lib_a-nano-svfprintf.o)
 .ARM.attributes
                0x00000000000005de       0x2d /opt/st/stm32cubeide_1.12.0/plugins/com.st.stm32cube.ide.mcu.externaltools.gnu-tools-for-stm32.10.3-2021.10.linux64_1.0.200.202301161003/tools/bin/../lib/gcc/arm-none-eabi/10.3.1/../../../../arm-none-eabi/lib/thumb/v7-m/nofp/libc_nano.a(lib_a-nano-vfprintf_i.o)
 .ARM.attributes
                0x000000000000060b       0x2d /opt/st/stm32cubeide_1.12.0/plugins/com.st.stm32cube.ide.mcu.externaltools.gnu-tools-for-stm32.10.3-2021.10.linux64_1.0.200.202301161003/tools/bin/../lib/gcc/arm-none-eabi/10.3.1/../../../../arm-none-eabi/lib/thumb/v7-m/nofp/libc_nano.a(lib_a-memchr-stub.o)
 .ARM.attributes
                0x0000000000000638       0x2d /opt/st/stm32cubeide_1.12.0/plugins/com.st.stm32cube.ide.mcu.externaltools.gnu-tools-for-stm32.10.3-2021.10.linux64_1.0.200.202301161003/tools/bin/../lib/gcc/arm-none-eabi/10.3.1/../../../../arm-none-eabi/lib/thumb/v7-m/nofp/libc_nano.a(lib_a-memmove.o)
 .ARM.attributes
                0x0000000000000665       0x2d /opt/st/stm32cubeide_1.12.0/plugins/com.st.stm32cube.ide.mcu.externaltools.gnu-tools-for-stm32.10.3-2021.10.linux64_1.0.200.202301161003/tools/bin/../lib/gcc/arm-none-eabi/10.3.1/../../../../arm-none-eabi/lib/thumb/v7-m/nofp/libc_nano.a(lib_a-nano-freer.o)
 .ARM.attributes
                0x0000000000000692       0x2d /opt/st/stm32cubeide_1.12.0/plugins/com.st.stm32cube.ide.mcu.externaltools.gnu-tools-for-stm32.10.3-2021.10.linux64_1.0.200.202301161003/tools/bin/../lib/gcc/arm-none-eabi/10.3.1/../../../../arm-none-eabi/lib/thumb/v7-m/nofp/libc_nano.a(lib_a-nano-mallocr.o)
 .ARM.attributes
                0x00000000000006bf       0x2d /opt/st/stm32cubeide_1.12.0/plugins/com.st.stm32cube.ide.mcu.externaltools.gnu-tools-for-stm32.10.3-2021.10.linux64_1.0.200.202301161003/tools/bin/../lib/gcc/arm-none-eabi/10.3.1/../../../../arm-none-eabi/lib/thumb/v7-m/nofp/libc_nano.a(lib_a-nano-reallocr.o)
 .ARM.attributes
                0x00000000000006ec       0x2d /opt/st/stm32cubeide_1.12.0/plugins/com.st.stm32cube.ide.mcu.externaltools.gnu-tools-for-stm32.10.3-2021.10.linux64_1.0.200.202301161003/tools/bin/../lib/gcc/arm-none-eabi/10.3.1/../../../../arm-none-eabi/lib/thumb/v7-m/nofp/libc_nano.a(lib_a-sbrkr.o)
 .ARM.attributes
                0x0000000000000719       0x2d /opt/st/stm32cubeide_1.12.0/plugins/com.st.stm32cube.ide.mcu.externaltools.gnu-tools-for-stm32.10.3-2021.10.linux64_1.0.200.202301161003/tools/bin/../lib/gcc/arm-none-eabi/10.3.1/../../../../arm-none-eabi/lib/thumb/v7-m/nofp/libc_nano.a(lib_a-mlock.o)
 .ARM.attributes
                0x0000000000000746       0x2d /opt/st/stm32cubeide_1.12.0/plugins/com.st.stm32cube.ide.mcu.externaltools.gnu-tools-for-stm32.10.3-2021.10.linux64_1.0.200.202301161003/tools/bin/../lib/gcc/arm-none-eabi/10.3.1/../../../../arm-none-eabi/lib/thumb/v7-m/nofp/libc_nano.a(lib_a-nano-msizer.o)
 .ARM.attributes
                0x0000000000000773       0x2d /opt/st/stm32cubeide_1.12.0/plugins/com.st.stm32cube.ide.mcu.externaltools.gnu-tools-for-stm32.10.3-2021.10.linux64_1.0.200.202301161003/tools/bin/../lib/gcc/arm-none-eabi/10.3.1/../../../../arm-none-eabi/lib/thumb/v7-m/nofp/libc_nano.a(lib_a-reent.o)
 .ARM.attributes
                0x00000000000007a0       0x2d /opt/st/stm32cubeide_1.12.0/plugins/com.st.stm32cube.ide.mcu.externaltools.gnu-tools-for-stm32.10.3-2021.10.linux64_1.0.200.202301161003/tools/bin/../lib/gcc/arm-none-eabi/10.3.1/../../../../arm-none-eabi/lib/thumb/v7-m/nofp/libc_nano.a(lib_a-lock.o)
 .ARM.attributes
                0x00000000000007cd       0x1d /opt/st/stm32cubeide_1.12.0/plugins/com.st.stm32cube.ide.mcu.externaltools.gnu-tools-for-stm32.10.3-2021.10.linux64_1.0.200.202301161003/tools/bin/../lib/gcc/arm-none-eabi/10.3.1/thumb/v7-m/nofp/libgcc.a(_arm_addsubsf3.o)
 .ARM.attributes
                0x00000000000007ea       0x1d /opt/st/stm32cubeide_1.12.0/plugins/com.st.stm32cube.ide.mcu.externaltools.gnu-tools-for-stm32.10.3-2021.10.linux64_1.0.200.202301161003/tools/bin/../lib/gcc/arm-none-eabi/10.3.1/thumb/v7-m/nofp/libgcc.a(_arm_muldivsf3.o)
 .ARM.attributes
                0x0000000000000807       0x1d /opt/st/stm32cubeide_1.12.0/plugins/com.st.stm32cube.ide.mcu.externaltools.gnu-tools-for-stm32.10.3-2021.10.linux64_1.0.200.202301161003/tools/bin/../lib/gcc/arm-none-eabi/10.3.1/thumb/v7-m/nofp/libgcc.a(_arm_cmpsf2.o)
 .ARM.attributes
                0x0000000000000824       0x1d /opt/st/stm32cubeide_1.12.0/plugins/com.st.stm32cube.ide.mcu.externaltools.gnu-tools-for-stm32.10.3-2021.10.linux64_1.0.200.202301161003/tools/bin/../lib/gcc/arm-none-eabi/10.3.1/thumb/v7-m/nofp/libgcc.a(_arm_fixsfsi.o)
 .ARM.attributes
                0x0000000000000841       0x1d /opt/st/stm32cubeide_1.12.0/plugins/com.st.stm32cube.ide.mcu.externaltools.gnu-tools-for-stm32.10.3-2021.10.linux64_1.0.200.202301161003/tools/bin/../lib/gcc/arm-none-eabi/10.3.1/thumb/v7-m/nofp/libgcc.a(_arm_fixunssfsi.o)
 .ARM.attributes
                0x000000000000085e       0x1d /opt/st/stm32cubeide_1.12.0/plugins/com.st.stm32cube.ide.mcu.externaltools.gnu-tools-for-stm32.10.3-2021.10.linux64_1.0.200.202301161003/tools/bin/../lib/gcc/arm-none-eabi/10.3.1/thumb/v7-m/nofp/crtn.o
OUTPUT(joystick_controller2.elf elf32-littlearm)
LOAD linker stubs
LOAD /opt/st/stm32cubeide_1.12.0/plugins/com.st.stm32cube.ide.mcu.externaltools.gnu-tools-for-stm32.10.3-2021.10.linux64_1.0.200.202301161003/tools/bin/../lib/gcc/arm-none-eabi/10.3.1/../../../../arm-none-eabi/lib/thumb/v7-m/nofp/libc.a
LOAD /opt/st/stm32cubeide_1.12.0/plugins/com.st.stm32cube.ide.mcu.externaltools.gnu-tools-for-stm32.10.3-2021.10.linux64_1.0.200.202301161003/tools/bin/../lib/gcc/arm-none-eabi/10.3.1/../../../../arm-none-eabi/lib/thumb/v7-m/nofp/libm.a
LOAD /opt/st/stm32cubeide_1.12.0/plugins/com.st.stm32cube.ide.mcu.externaltools.gnu-tools-for-stm32.10.3-2021.10.linux64_1.0.200.202301161003/tools/bin/../lib/gcc/arm-none-eabi/10.3.1/thumb/v7-m/nofp/libgcc.a

.debug_info     0x0000000000000000    0x12f34
 .debug_info    0x0000000000000000      0x979 ./Core/Src/JOYSTICK.o
 .debug_info    0x0000000000000979      0x2df ./Core/Src/JOYSTICK_cfg.o
 .debug_info    0x0000000000000c58      0x89e ./Core/Src/adc.o
 .debug_info    0x00000000000014f6      0x30b ./Core/Src/gpio.o
 .debug_info    0x0000000000001801     0x149e ./Core/Src/main.o
 .debug_info    0x0000000000002c9f     0x157b ./Core/Src/nrf.o
 .debug_info    0x000000000000421a      0x82f ./Core/Src/spi.o
 .debug_info    0x0000000000004a49      0x210 ./Core/Src/stm32f1xx_hal_msp.o
 .debug_info    0x0000000000004c59      0x70d ./Core/Src/stm32f1xx_it.o
 .debug_info    0x0000000000005366      0x171 ./Core/Src/sysmem.o
 .debug_info    0x00000000000054d7      0x23d ./Core/Src/system_stm32f1xx.o
 .debug_info    0x0000000000005714      0xa63 ./Core/Src/tim.o
 .debug_info    0x0000000000006177      0x810 ./Core/Src/usart.o
 .debug_info    0x0000000000006987       0x22 ./Core/Startup/startup_stm32f103c6tx.o
 .debug_info    0x00000000000069a9      0x716 ./Drivers/STM32F1xx_HAL_Driver/Src/stm32f1xx_hal.o
 .debug_info    0x00000000000070bf      0xcfe ./Drivers/STM32F1xx_HAL_Driver/Src/stm32f1xx_hal_adc.o
 .debug_info    0x0000000000007dbd      0xa94 ./Drivers/STM32F1xx_HAL_Driver/Src/stm32f1xx_hal_adc_ex.o
 .debug_info    0x0000000000008851      0xb02 ./Drivers/STM32F1xx_HAL_Driver/Src/stm32f1xx_hal_cortex.o
 .debug_info    0x0000000000009353      0x615 ./Drivers/STM32F1xx_HAL_Driver/Src/stm32f1xx_hal_gpio.o
 .debug_info    0x0000000000009968      0x865 ./Drivers/STM32F1xx_HAL_Driver/Src/stm32f1xx_hal_rcc.o
 .debug_info    0x000000000000a1cd      0x3e6 ./Drivers/STM32F1xx_HAL_Driver/Src/stm32f1xx_hal_rcc_ex.o
 .debug_info    0x000000000000a5b3     0x165d ./Drivers/STM32F1xx_HAL_Driver/Src/stm32f1xx_hal_spi.o
 .debug_info    0x000000000000bc10     0x2bab ./Drivers/STM32F1xx_HAL_Driver/Src/stm32f1xx_hal_tim.o
 .debug_info    0x000000000000e7bb     0x15c7 ./Drivers/STM32F1xx_HAL_Driver/Src/stm32f1xx_hal_tim_ex.o
 .debug_info    0x000000000000fd82     0x31b2 ./Drivers/STM32F1xx_HAL_Driver/Src/stm32f1xx_hal_uart.o

.debug_abbrev   0x0000000000000000     0x2f4b
 .debug_abbrev  0x0000000000000000      0x1c5 ./Core/Src/JOYSTICK.o
 .debug_abbrev  0x00000000000001c5       0xe5 ./Core/Src/JOYSTICK_cfg.o
 .debug_abbrev  0x00000000000002aa      0x1ce ./Core/Src/adc.o
 .debug_abbrev  0x0000000000000478      0x134 ./Core/Src/gpio.o
 .debug_abbrev  0x00000000000005ac      0x329 ./Core/Src/main.o
 .debug_abbrev  0x00000000000008d5      0x33c ./Core/Src/nrf.o
 .debug_abbrev  0x0000000000000c11      0x1ce ./Core/Src/spi.o
 .debug_abbrev  0x0000000000000ddf       0xd4 ./Core/Src/stm32f1xx_hal_msp.o
 .debug_abbrev  0x0000000000000eb3      0x184 ./Core/Src/stm32f1xx_it.o
 .debug_abbrev  0x0000000000001037       0xbb ./Core/Src/sysmem.o
 .debug_abbrev  0x00000000000010f2      0x13b ./Core/Src/system_stm32f1xx.o
 .debug_abbrev  0x000000000000122d      0x209 ./Core/Src/tim.o
 .debug_abbrev  0x0000000000001436      0x1d5 ./Core/Src/usart.o
 .debug_abbrev  0x000000000000160b       0x12 ./Core/Startup/startup_stm32f103c6tx.o
 .debug_abbrev  0x000000000000161d      0x1fb ./Drivers/STM32F1xx_HAL_Driver/Src/stm32f1xx_hal.o
 .debug_abbrev  0x0000000000001818      0x210 ./Drivers/STM32F1xx_HAL_Driver/Src/stm32f1xx_hal_adc.o
 .debug_abbrev  0x0000000000001a28      0x234 ./Drivers/STM32F1xx_HAL_Driver/Src/stm32f1xx_hal_adc_ex.o
 .debug_abbrev  0x0000000000001c5c      0x2ed ./Drivers/STM32F1xx_HAL_Driver/Src/stm32f1xx_hal_cortex.o
 .debug_abbrev  0x0000000000001f49      0x1bb ./Drivers/STM32F1xx_HAL_Driver/Src/stm32f1xx_hal_gpio.o
 .debug_abbrev  0x0000000000002104      0x2a8 ./Drivers/STM32F1xx_HAL_Driver/Src/stm32f1xx_hal_rcc.o
 .debug_abbrev  0x00000000000023ac      0x182 ./Drivers/STM32F1xx_HAL_Driver/Src/stm32f1xx_hal_rcc_ex.o
 .debug_abbrev  0x000000000000252e      0x26e ./Drivers/STM32F1xx_HAL_Driver/Src/stm32f1xx_hal_spi.o
 .debug_abbrev  0x000000000000279c      0x264 ./Drivers/STM32F1xx_HAL_Driver/Src/stm32f1xx_hal_tim.o
 .debug_abbrev  0x0000000000002a00      0x26c ./Drivers/STM32F1xx_HAL_Driver/Src/stm32f1xx_hal_tim_ex.o
 .debug_abbrev  0x0000000000002c6c      0x2df ./Drivers/STM32F1xx_HAL_Driver/Src/stm32f1xx_hal_uart.o

.debug_aranges  0x0000000000000000     0x11a8
 .debug_aranges
                0x0000000000000000       0x28 ./Core/Src/JOYSTICK.o
 .debug_aranges
                0x0000000000000028       0x18 ./Core/Src/JOYSTICK_cfg.o
 .debug_aranges
                0x0000000000000040       0x38 ./Core/Src/adc.o
 .debug_aranges
                0x0000000000000078       0x20 ./Core/Src/gpio.o
 .debug_aranges
                0x0000000000000098       0x58 ./Core/Src/main.o
 .debug_aranges
                0x00000000000000f0      0x1a8 ./Core/Src/nrf.o
 .debug_aranges
                0x0000000000000298       0x30 ./Core/Src/spi.o
 .debug_aranges
                0x00000000000002c8       0x20 ./Core/Src/stm32f1xx_hal_msp.o
 .debug_aranges
                0x00000000000002e8       0x70 ./Core/Src/stm32f1xx_it.o
 .debug_aranges
                0x0000000000000358       0x20 ./Core/Src/sysmem.o
 .debug_aranges
                0x0000000000000378       0x28 ./Core/Src/system_stm32f1xx.o
 .debug_aranges
                0x00000000000003a0       0x38 ./Core/Src/tim.o
 .debug_aranges
                0x00000000000003d8       0x30 ./Core/Src/usart.o
 .debug_aranges
                0x0000000000000408       0x28 ./Core/Startup/startup_stm32f103c6tx.o
 .debug_aranges
                0x0000000000000430       0xe0 ./Drivers/STM32F1xx_HAL_Driver/Src/stm32f1xx_hal.o
 .debug_aranges
                0x0000000000000510       0xf0 ./Drivers/STM32F1xx_HAL_Driver/Src/stm32f1xx_hal_adc.o
 .debug_aranges
                0x0000000000000600       0x80 ./Drivers/STM32F1xx_HAL_Driver/Src/stm32f1xx_hal_adc_ex.o
 .debug_aranges
                0x0000000000000680      0x100 ./Drivers/STM32F1xx_HAL_Driver/Src/stm32f1xx_hal_cortex.o
 .debug_aranges
                0x0000000000000780       0x58 ./Drivers/STM32F1xx_HAL_Driver/Src/stm32f1xx_hal_gpio.o
 .debug_aranges
                0x00000000000007d8       0x90 ./Drivers/STM32F1xx_HAL_Driver/Src/stm32f1xx_hal_rcc.o
 .debug_aranges
                0x0000000000000868       0x30 ./Drivers/STM32F1xx_HAL_Driver/Src/stm32f1xx_hal_rcc_ex.o
 .debug_aranges
                0x0000000000000898      0x1d0 ./Drivers/STM32F1xx_HAL_Driver/Src/stm32f1xx_hal_spi.o
 .debug_aranges
                0x0000000000000a68      0x3d0 ./Drivers/STM32F1xx_HAL_Driver/Src/stm32f1xx_hal_tim.o
 .debug_aranges
                0x0000000000000e38      0x168 ./Drivers/STM32F1xx_HAL_Driver/Src/stm32f1xx_hal_tim_ex.o
 .debug_aranges
                0x0000000000000fa0      0x208 ./Drivers/STM32F1xx_HAL_Driver/Src/stm32f1xx_hal_uart.o

.debug_ranges   0x0000000000000000     0x1048
 .debug_ranges  0x0000000000000000       0x18 ./Core/Src/JOYSTICK.o
 .debug_ranges  0x0000000000000018       0x28 ./Core/Src/adc.o
 .debug_ranges  0x0000000000000040       0x10 ./Core/Src/gpio.o
 .debug_ranges  0x0000000000000050       0x48 ./Core/Src/main.o
 .debug_ranges  0x0000000000000098      0x198 ./Core/Src/nrf.o
 .debug_ranges  0x0000000000000230       0x20 ./Core/Src/spi.o
 .debug_ranges  0x0000000000000250       0x10 ./Core/Src/stm32f1xx_hal_msp.o
 .debug_ranges  0x0000000000000260       0x60 ./Core/Src/stm32f1xx_it.o
 .debug_ranges  0x00000000000002c0       0x10 ./Core/Src/sysmem.o
 .debug_ranges  0x00000000000002d0       0x18 ./Core/Src/system_stm32f1xx.o
 .debug_ranges  0x00000000000002e8       0x28 ./Core/Src/tim.o
 .debug_ranges  0x0000000000000310       0x20 ./Core/Src/usart.o
 .debug_ranges  0x0000000000000330       0x20 ./Core/Startup/startup_stm32f103c6tx.o
 .debug_ranges  0x0000000000000350       0xd0 ./Drivers/STM32F1xx_HAL_Driver/Src/stm32f1xx_hal.o
 .debug_ranges  0x0000000000000420       0xe0 ./Drivers/STM32F1xx_HAL_Driver/Src/stm32f1xx_hal_adc.o
 .debug_ranges  0x0000000000000500       0x70 ./Drivers/STM32F1xx_HAL_Driver/Src/stm32f1xx_hal_adc_ex.o
 .debug_ranges  0x0000000000000570       0xf0 ./Drivers/STM32F1xx_HAL_Driver/Src/stm32f1xx_hal_cortex.o
 .debug_ranges  0x0000000000000660       0x48 ./Drivers/STM32F1xx_HAL_Driver/Src/stm32f1xx_hal_gpio.o
 .debug_ranges  0x00000000000006a8       0x80 ./Drivers/STM32F1xx_HAL_Driver/Src/stm32f1xx_hal_rcc.o
 .debug_ranges  0x0000000000000728       0x20 ./Drivers/STM32F1xx_HAL_Driver/Src/stm32f1xx_hal_rcc_ex.o
 .debug_ranges  0x0000000000000748      0x1c0 ./Drivers/STM32F1xx_HAL_Driver/Src/stm32f1xx_hal_spi.o
 .debug_ranges  0x0000000000000908      0x3c0 ./Drivers/STM32F1xx_HAL_Driver/Src/stm32f1xx_hal_tim.o
 .debug_ranges  0x0000000000000cc8      0x158 ./Drivers/STM32F1xx_HAL_Driver/Src/stm32f1xx_hal_tim_ex.o
 .debug_ranges  0x0000000000000e20      0x228 ./Drivers/STM32F1xx_HAL_Driver/Src/stm32f1xx_hal_uart.o

.debug_macro    0x0000000000000000    0x199d3
 .debug_macro   0x0000000000000000      0x1dc ./Core/Src/JOYSTICK.o
 .debug_macro   0x00000000000001dc      0xa6c ./Core/Src/JOYSTICK.o
 .debug_macro   0x0000000000000c48       0x10 ./Core/Src/JOYSTICK.o
 .debug_macro   0x0000000000000c58      0x227 ./Core/Src/JOYSTICK.o
 .debug_macro   0x0000000000000e7f       0x2e ./Core/Src/JOYSTICK.o
 .debug_macro   0x0000000000000ead       0x22 ./Core/Src/JOYSTICK.o
 .debug_macro   0x0000000000000ecf       0x22 ./Core/Src/JOYSTICK.o
 .debug_macro   0x0000000000000ef1       0x8e ./Core/Src/JOYSTICK.o
 .debug_macro   0x0000000000000f7f       0x51 ./Core/Src/JOYSTICK.o
 .debug_macro   0x0000000000000fd0      0x103 ./Core/Src/JOYSTICK.o
 .debug_macro   0x00000000000010d3       0x6a ./Core/Src/JOYSTICK.o
 .debug_macro   0x000000000000113d      0x1df ./Core/Src/JOYSTICK.o
 .debug_macro   0x000000000000131c       0x1c ./Core/Src/JOYSTICK.o
 .debug_macro   0x0000000000001338       0x22 ./Core/Src/JOYSTICK.o
 .debug_macro   0x000000000000135a       0xbd ./Core/Src/JOYSTICK.o
 .debug_macro   0x0000000000001417      0xd23 ./Core/Src/JOYSTICK.o
 .debug_macro   0x000000000000213a     0xde75 ./Core/Src/JOYSTICK.o
 .debug_macro   0x000000000000ffaf       0x6d ./Core/Src/JOYSTICK.o
 .debug_macro   0x000000000001001c     0x348d ./Core/Src/JOYSTICK.o
 .debug_macro   0x00000000000134a9      0x174 ./Core/Src/JOYSTICK.o
 .debug_macro   0x000000000001361d       0x5c ./Core/Src/JOYSTICK.o
 .debug_macro   0x0000000000013679      0x5bc ./Core/Src/JOYSTICK.o
 .debug_macro   0x0000000000013c35      0x1b7 ./Core/Src/JOYSTICK.o
 .debug_macro   0x0000000000013dec      0x1cb ./Core/Src/JOYSTICK.o
 .debug_macro   0x0000000000013fb7      0x114 ./Core/Src/JOYSTICK.o
 .debug_macro   0x00000000000140cb      0x1b2 ./Core/Src/JOYSTICK.o
 .debug_macro   0x000000000001427d       0x27 ./Core/Src/JOYSTICK.o
 .debug_macro   0x00000000000142a4      0x12f ./Core/Src/JOYSTICK.o
 .debug_macro   0x00000000000143d3      0x1bc ./Core/Src/JOYSTICK.o
 .debug_macro   0x000000000001458f       0x34 ./Core/Src/JOYSTICK.o
 .debug_macro   0x00000000000145c3       0x3c ./Core/Src/JOYSTICK.o
 .debug_macro   0x00000000000145ff       0x57 ./Core/Src/JOYSTICK.o
 .debug_macro   0x0000000000014656      0x46a ./Core/Src/JOYSTICK.o
 .debug_macro   0x0000000000014ac0      0x1b5 ./Core/Src/JOYSTICK.o
 .debug_macro   0x0000000000014c75       0x87 ./Core/Src/JOYSTICK.o
 .debug_macro   0x0000000000014cfc      0x183 ./Core/Src/JOYSTICK.o
 .debug_macro   0x0000000000014e7f      0x140 ./Core/Src/JOYSTICK.o
 .debug_macro   0x0000000000014fbf      0x217 ./Core/Src/JOYSTICK.o
 .debug_macro   0x00000000000151d6      0x8ed ./Core/Src/JOYSTICK.o
 .debug_macro   0x0000000000015ac3      0x28e ./Core/Src/JOYSTICK.o
 .debug_macro   0x0000000000015d51       0x69 ./Core/Src/JOYSTICK.o
 .debug_macro   0x0000000000015dba      0x1ce ./Core/Src/JOYSTICK_cfg.o
 .debug_macro   0x0000000000015f88      0x1d8 ./Core/Src/adc.o
 .debug_macro   0x0000000000016160       0x94 ./Core/Src/adc.o
 .debug_macro   0x00000000000161f4      0x1d8 ./Core/Src/gpio.o
 .debug_macro   0x00000000000163cc      0x3c0 ./Core/Src/main.o
 .debug_macro   0x000000000001678c       0x22 ./Core/Src/main.o
 .debug_macro   0x00000000000167ae      0x226 ./Core/Src/main.o
 .debug_macro   0x00000000000169d4       0x16 ./Core/Src/main.o
 .debug_macro   0x00000000000169ea       0x52 ./Core/Src/main.o
 .debug_macro   0x0000000000016a3c       0x18 ./Core/Src/main.o
 .debug_macro   0x0000000000016a54       0x3c ./Core/Src/main.o
 .debug_macro   0x0000000000016a90       0x34 ./Core/Src/main.o
 .debug_macro   0x0000000000016ac4       0x16 ./Core/Src/main.o
 .debug_macro   0x0000000000016ada       0x35 ./Core/Src/main.o
 .debug_macro   0x0000000000016b0f      0x341 ./Core/Src/main.o
 .debug_macro   0x0000000000016e50       0x10 ./Core/Src/main.o
 .debug_macro   0x0000000000016e60       0x16 ./Core/Src/main.o
 .debug_macro   0x0000000000016e76       0x43 ./Core/Src/main.o
 .debug_macro   0x0000000000016eb9       0x34 ./Core/Src/main.o
 .debug_macro   0x0000000000016eed       0x10 ./Core/Src/main.o
 .debug_macro   0x0000000000016efd       0x58 ./Core/Src/main.o
 .debug_macro   0x0000000000016f55       0x71 ./Core/Src/main.o
 .debug_macro   0x0000000000016fc6       0x1c ./Core/Src/main.o
 .debug_macro   0x0000000000016fe2      0x12a ./Core/Src/main.o
 .debug_macro   0x000000000001710c       0x10 ./Core/Src/main.o
 .debug_macro   0x000000000001711c       0x1c ./Core/Src/main.o
 .debug_macro   0x0000000000017138       0x52 ./Core/Src/main.o
 .debug_macro   0x000000000001718a       0x22 ./Core/Src/main.o
 .debug_macro   0x00000000000171ac       0x10 ./Core/Src/main.o
 .debug_macro   0x00000000000171bc       0x52 ./Core/Src/main.o
 .debug_macro   0x000000000001720e       0xd5 ./Core/Src/main.o
 .debug_macro   0x00000000000172e3       0x1c ./Core/Src/main.o
 .debug_macro   0x00000000000172ff       0x3d ./Core/Src/main.o
 .debug_macro   0x000000000001733c       0x16 ./Core/Src/main.o
 .debug_macro   0x0000000000017352      0x145 ./Core/Src/main.o
 .debug_macro   0x0000000000017497       0x16 ./Core/Src/main.o
 .debug_macro   0x00000000000174ad       0x20 ./Core/Src/main.o
 .debug_macro   0x00000000000174cd      0x2c0 ./Core/Src/nrf.o
 .debug_macro   0x000000000001778d       0x10 ./Core/Src/nrf.o
 .debug_macro   0x000000000001779d      0x1d8 ./Core/Src/spi.o
 .debug_macro   0x0000000000017975      0x1ce ./Core/Src/stm32f1xx_hal_msp.o
 .debug_macro   0x0000000000017b43      0x1d8 ./Core/Src/stm32f1xx_it.o
 .debug_macro   0x0000000000017d1b       0xff ./Core/Src/sysmem.o
 .debug_macro   0x0000000000017e1a      0x23b ./Core/Src/sysmem.o
 .debug_macro   0x0000000000018055      0x1bf ./Core/Src/system_stm32f1xx.o
 .debug_macro   0x0000000000018214      0x1d8 ./Core/Src/tim.o
 .debug_macro   0x00000000000183ec      0x1d8 ./Core/Src/usart.o
 .debug_macro   0x00000000000185c4      0x1e3 ./Drivers/STM32F1xx_HAL_Driver/Src/stm32f1xx_hal.o
 .debug_macro   0x00000000000187a7      0x1dc ./Drivers/STM32F1xx_HAL_Driver/Src/stm32f1xx_hal_adc.o
 .debug_macro   0x0000000000018983      0x1d1 ./Drivers/STM32F1xx_HAL_Driver/Src/stm32f1xx_hal_adc_ex.o
 .debug_macro   0x0000000000018b54      0x1bf ./Drivers/STM32F1xx_HAL_Driver/Src/stm32f1xx_hal_cortex.o
 .debug_macro   0x0000000000018d13      0x22a ./Drivers/STM32F1xx_HAL_Driver/Src/stm32f1xx_hal_gpio.o
 .debug_macro   0x0000000000018f3d      0x1d1 ./Drivers/STM32F1xx_HAL_Driver/Src/stm32f1xx_hal_rcc.o
 .debug_macro   0x000000000001910e      0x1bf ./Drivers/STM32F1xx_HAL_Driver/Src/stm32f1xx_hal_rcc_ex.o
 .debug_macro   0x00000000000192cd      0x1c7 ./Drivers/STM32F1xx_HAL_Driver/Src/stm32f1xx_hal_spi.o
 .debug_macro   0x0000000000019494      0x1c0 ./Drivers/STM32F1xx_HAL_Driver/Src/stm32f1xx_hal_tim.o
 .debug_macro   0x0000000000019654      0x1bf ./Drivers/STM32F1xx_HAL_Driver/Src/stm32f1xx_hal_tim_ex.o
 .debug_macro   0x0000000000019813      0x1c0 ./Drivers/STM32F1xx_HAL_Driver/Src/stm32f1xx_hal_uart.o

.debug_line     0x0000000000000000    0x14a7e
 .debug_line    0x0000000000000000      0x7ce ./Core/Src/JOYSTICK.o
 .debug_line    0x00000000000007ce      0x684 ./Core/Src/JOYSTICK_cfg.o
 .debug_line    0x0000000000000e52      0x79e ./Core/Src/adc.o
 .debug_line    0x00000000000015f0      0x6d9 ./Core/Src/gpio.o
 .debug_line    0x0000000000001cc9      0xc79 ./Core/Src/main.o
 .debug_line    0x0000000000002942      0xfba ./Core/Src/nrf.o
 .debug_line    0x00000000000038fc      0x715 ./Core/Src/spi.o
 .debug_line    0x0000000000004011      0x69e ./Core/Src/stm32f1xx_hal_msp.o
 .debug_line    0x00000000000046af      0x790 ./Core/Src/stm32f1xx_it.o
 .debug_line    0x0000000000004e3f      0x4c7 ./Core/Src/sysmem.o
 .debug_line    0x0000000000005306      0x71c ./Core/Src/system_stm32f1xx.o
 .debug_line    0x0000000000005a22      0x77f ./Core/Src/tim.o
 .debug_line    0x00000000000061a1      0x70d ./Core/Src/usart.o
 .debug_line    0x00000000000068ae       0x86 ./Core/Startup/startup_stm32f103c6tx.o
 .debug_line    0x0000000000006934      0x949 ./Drivers/STM32F1xx_HAL_Driver/Src/stm32f1xx_hal.o
 .debug_line    0x000000000000727d      0xfce ./Drivers/STM32F1xx_HAL_Driver/Src/stm32f1xx_hal_adc.o
 .debug_line    0x000000000000824b      0xd12 ./Drivers/STM32F1xx_HAL_Driver/Src/stm32f1xx_hal_adc_ex.o
 .debug_line    0x0000000000008f5d      0xb31 ./Drivers/STM32F1xx_HAL_Driver/Src/stm32f1xx_hal_cortex.o
 .debug_line    0x0000000000009a8e      0x9cd ./Drivers/STM32F1xx_HAL_Driver/Src/stm32f1xx_hal_gpio.o
 .debug_line    0x000000000000a45b      0xd55 ./Drivers/STM32F1xx_HAL_Driver/Src/stm32f1xx_hal_rcc.o
 .debug_line    0x000000000000b1b0      0x890 ./Drivers/STM32F1xx_HAL_Driver/Src/stm32f1xx_hal_rcc_ex.o
 .debug_line    0x000000000000ba40     0x1bca ./Drivers/STM32F1xx_HAL_Driver/Src/stm32f1xx_hal_spi.o
 .debug_line    0x000000000000d60a     0x338b ./Drivers/STM32F1xx_HAL_Driver/Src/stm32f1xx_hal_tim.o
 .debug_line    0x0000000000010995     0x186f ./Drivers/STM32F1xx_HAL_Driver/Src/stm32f1xx_hal_tim_ex.o
 .debug_line    0x0000000000012204     0x287a ./Drivers/STM32F1xx_HAL_Driver/Src/stm32f1xx_hal_uart.o

.debug_str      0x0000000000000000    0x90421
 .debug_str     0x0000000000000000    0x870d7 ./Core/Src/JOYSTICK.o
                                      0x874cc (size before relaxing)
 .debug_str     0x00000000000870d7       0x1b ./Core/Src/JOYSTICK_cfg.o
                                      0x87047 (size before relaxing)
 .debug_str     0x00000000000870f2      0x2b9 ./Core/Src/adc.o
                                      0x8760d (size before relaxing)
 .debug_str     0x00000000000873ab       0x68 ./Core/Src/gpio.o
                                      0x87255 (size before relaxing)
 .debug_str     0x0000000000087413     0x4e02 ./Core/Src/main.o
                                      0x8c311 (size before relaxing)
 .debug_str     0x000000000008c215      0x7e3 ./Core/Src/nrf.o
                                      0x8b2cd (size before relaxing)
 .debug_str     0x000000000008c9f8       0x4b ./Core/Src/spi.o
                                      0x87666 (size before relaxing)
 .debug_str     0x000000000008ca43       0x5a ./Core/Src/stm32f1xx_hal_msp.o
                                      0x871dd (size before relaxing)
 .debug_str     0x000000000008ca9d      0x102 ./Core/Src/stm32f1xx_it.o
                                      0x876f9 (size before relaxing)
 .debug_str     0x000000000008cb9f      0x4da ./Core/Src/sysmem.o
                                       0x5d69 (size before relaxing)
 .debug_str     0x000000000008d079       0x6e ./Core/Src/system_stm32f1xx.o
                                      0x86fe6 (size before relaxing)
 .debug_str     0x000000000008d0e7      0x3ac ./Core/Src/tim.o
                                      0x87ad7 (size before relaxing)
 .debug_str     0x000000000008d493       0x58 ./Core/Src/usart.o
                                      0x8769d (size before relaxing)
 .debug_str     0x000000000008d4eb       0x36 ./Core/Startup/startup_stm32f103c6tx.o
                                         0x6b (size before relaxing)
 .debug_str     0x000000000008d521      0x36e ./Drivers/STM32F1xx_HAL_Driver/Src/stm32f1xx_hal.o
                                      0x876df (size before relaxing)
 .debug_str     0x000000000008d88f      0x355 ./Drivers/STM32F1xx_HAL_Driver/Src/stm32f1xx_hal_adc.o
                                      0x876ca (size before relaxing)
 .debug_str     0x000000000008dbe4      0x2bc ./Drivers/STM32F1xx_HAL_Driver/Src/stm32f1xx_hal_adc_ex.o
                                      0x8769a (size before relaxing)
 .debug_str     0x000000000008dea0      0x294 ./Drivers/STM32F1xx_HAL_Driver/Src/stm32f1xx_hal_cortex.o
                                      0x8762b (size before relaxing)
 .debug_str     0x000000000008e134      0x2d5 ./Drivers/STM32F1xx_HAL_Driver/Src/stm32f1xx_hal_gpio.o
                                      0x8736c (size before relaxing)
 .debug_str     0x000000000008e409      0x229 ./Drivers/STM32F1xx_HAL_Driver/Src/stm32f1xx_hal_rcc.o
                                      0x87415 (size before relaxing)
 .debug_str     0x000000000008e632       0x84 ./Drivers/STM32F1xx_HAL_Driver/Src/stm32f1xx_hal_rcc_ex.o
                                      0x87165 (size before relaxing)
 .debug_str     0x000000000008e6b6      0x526 ./Drivers/STM32F1xx_HAL_Driver/Src/stm32f1xx_hal_spi.o
                                      0x87912 (size before relaxing)
 .debug_str     0x000000000008ebdc      0xda0 ./Drivers/STM32F1xx_HAL_Driver/Src/stm32f1xx_hal_tim.o
                                      0x88407 (size before relaxing)
 .debug_str     0x000000000008f97c      0x493 ./Drivers/STM32F1xx_HAL_Driver/Src/stm32f1xx_hal_tim_ex.o
                                      0x87c23 (size before relaxing)
 .debug_str     0x000000000008fe0f      0x612 ./Drivers/STM32F1xx_HAL_Driver/Src/stm32f1xx_hal_uart.o
                                      0x87a86 (size before relaxing)

.comment        0x0000000000000000       0x50
 .comment       0x0000000000000000       0x50 ./Core/Src/JOYSTICK.o
                                         0x51 (size before relaxing)
 .comment       0x0000000000000050       0x51 ./Core/Src/JOYSTICK_cfg.o
 .comment       0x0000000000000050       0x51 ./Core/Src/adc.o
 .comment       0x0000000000000050       0x51 ./Core/Src/gpio.o
 .comment       0x0000000000000050       0x51 ./Core/Src/main.o
 .comment       0x0000000000000050       0x51 ./Core/Src/nrf.o